Archive member included to satisfy reference by file (symbol)

.\CortexM0\ARM_GCC_541\Debug\UART_Bootloader.a(Bootloader.o)
                              .\CortexM0\ARM_GCC_541\Debug\Cm0Start.o (CyBtldr_CheckLaunch)
.\CortexM0\ARM_GCC_541\Debug\UART_Bootloader.a(UART.o)
                              .\CortexM0\ARM_GCC_541\Debug\UART_Btldr.o (UART_Start)
.\CortexM0\ARM_GCC_541\Debug\UART_Bootloader.a(UART_SPI_UART.o)
                              .\CortexM0\ARM_GCC_541\Debug\UART_Btldr.o (UART_SpiUartReadRxData)
.\CortexM0\ARM_GCC_541\Debug\UART_Bootloader.a(UART_UART.o)
                              .\CortexM0\ARM_GCC_541\Debug\UART_Bootloader.a(UART.o) (UART_UartInit)
.\CortexM0\ARM_GCC_541\Debug\UART_Bootloader.a(PWM.o)
                              .\CortexM0\ARM_GCC_541\Debug\main.o (PWM_Start)
.\CortexM0\ARM_GCC_541\Debug\UART_Bootloader.a(Boot_P0_7.o)
                              .\CortexM0\ARM_GCC_541\Debug\main.o (Boot_P0_7_Read)
.\CortexM0\ARM_GCC_541\Debug\UART_Bootloader.a(CyFlash.o)
                              .\CortexM0\ARM_GCC_541\Debug\UART_Bootloader.a(Bootloader.o) (CySysFlashWriteRow)
.\CortexM0\ARM_GCC_541\Debug\UART_Bootloader.a(CyLib.o)
                              .\CortexM0\ARM_GCC_541\Debug\UART_Bootloader.a(UART_UART.o) (CyIntSetVector)
.\CortexM0\ARM_GCC_541\Debug\UART_Bootloader.a(CyBootAsmGnu.o)
                              .\CortexM0\ARM_GCC_541\Debug\UART_Bootloader.a(CyLib.o) (CyDelayCycles)
.\CortexM0\ARM_GCC_541\Debug\UART_Bootloader.a(UART_SPI_UART_INT.o)
                              .\CortexM0\ARM_GCC_541\Debug\UART_Bootloader.a(UART_UART.o) (UART_SPI_UART_ISR)
c:/program files (x86)/cypress/psoc creator/4.4/psoc creator/import/gnu/arm/5.4.1/bin/../lib/gcc/arm-none-eabi/5.4.1/armv6-m\libgcc.a(_thumb1_case_uqi.o)
                              .\CortexM0\ARM_GCC_541\Debug\UART_Bootloader.a(Bootloader.o) (__gnu_thumb1_case_uqi)
c:/program files (x86)/cypress/psoc creator/4.4/psoc creator/import/gnu/arm/5.4.1/bin/../lib/gcc/arm-none-eabi/5.4.1/armv6-m\libgcc.a(_thumb1_case_shi.o)
                              .\CortexM0\ARM_GCC_541\Debug\UART_Bootloader.a(Bootloader.o) (__gnu_thumb1_case_shi)
c:/program files (x86)/cypress/psoc creator/4.4/psoc creator/import/gnu/arm/5.4.1/bin/../lib/gcc/arm-none-eabi/5.4.1/armv6-m\libgcc.a(_udivsi3.o)
                              .\CortexM0\ARM_GCC_541\Debug\UART_Bootloader.a(CyLib.o) (__aeabi_uidiv)
c:/program files (x86)/cypress/psoc creator/4.4/psoc creator/import/gnu/arm/5.4.1/bin/../lib/gcc/arm-none-eabi/5.4.1/armv6-m\libgcc.a(_dvmd_tls.o)
                              c:/program files (x86)/cypress/psoc creator/4.4/psoc creator/import/gnu/arm/5.4.1/bin/../lib/gcc/arm-none-eabi/5.4.1/armv6-m\libgcc.a(_udivsi3.o) (__aeabi_idiv0)
c:/program files (x86)/cypress/psoc creator/4.4/psoc creator/import/gnu/arm/5.4.1/bin/../lib/gcc/arm-none-eabi/5.4.1/../../../../arm-none-eabi/lib/armv6-m\libg_nano.a(lib_a-errno.o)
                              .\CortexM0\ARM_GCC_541\Debug\Cm0Start.o (__errno)
c:/program files (x86)/cypress/psoc creator/4.4/psoc creator/import/gnu/arm/5.4.1/bin/../lib/gcc/arm-none-eabi/5.4.1/../../../../arm-none-eabi/lib/armv6-m\libg_nano.a(lib_a-exit.o)
                              c:/program files (x86)/cypress/psoc creator/4.4/psoc creator/import/gnu/arm/5.4.1/bin/../lib/gcc/arm-none-eabi/5.4.1/../../../../arm-none-eabi/lib/armv6-m/crt0.o (exit)
c:/program files (x86)/cypress/psoc creator/4.4/psoc creator/import/gnu/arm/5.4.1/bin/../lib/gcc/arm-none-eabi/5.4.1/../../../../arm-none-eabi/lib/armv6-m\libg_nano.a(lib_a-impure.o)
                              c:/program files (x86)/cypress/psoc creator/4.4/psoc creator/import/gnu/arm/5.4.1/bin/../lib/gcc/arm-none-eabi/5.4.1/../../../../arm-none-eabi/lib/armv6-m\libg_nano.a(lib_a-exit.o) (_global_impure_ptr)
c:/program files (x86)/cypress/psoc creator/4.4/psoc creator/import/gnu/arm/5.4.1/bin/../lib/gcc/arm-none-eabi/5.4.1/../../../../arm-none-eabi/lib/armv6-m\libg_nano.a(lib_a-init.o)
                              c:/program files (x86)/cypress/psoc creator/4.4/psoc creator/import/gnu/arm/5.4.1/bin/../lib/gcc/arm-none-eabi/5.4.1/../../../../arm-none-eabi/lib/armv6-m/crt0.o (__libc_init_array)
c:/program files (x86)/cypress/psoc creator/4.4/psoc creator/import/gnu/arm/5.4.1/bin/../lib/gcc/arm-none-eabi/5.4.1/../../../../arm-none-eabi/lib/armv6-m\libg_nano.a(lib_a-memcpy-stub.o)
                              .\CortexM0\ARM_GCC_541\Debug\UART_Bootloader.a(Bootloader.o) (memcpy)
c:/program files (x86)/cypress/psoc creator/4.4/psoc creator/import/gnu/arm/5.4.1/bin/../lib/gcc/arm-none-eabi/5.4.1/../../../../arm-none-eabi/lib/armv6-m\libg_nano.a(lib_a-memset.o)
                              c:/program files (x86)/cypress/psoc creator/4.4/psoc creator/import/gnu/arm/5.4.1/bin/../lib/gcc/arm-none-eabi/5.4.1/../../../../arm-none-eabi/lib/armv6-m/crt0.o (memset)

Allocating common symbols
Common symbol       size              file

UART_txBufferTail   0x4               .\CortexM0\ARM_GCC_541\Debug\UART_Bootloader.a(UART_SPI_UART.o)
UART_txBufferHead   0x4               .\CortexM0\ARM_GCC_541\Debug\UART_Bootloader.a(UART_SPI_UART.o)
UART_rxBufferTail   0x4               .\CortexM0\ARM_GCC_541\Debug\UART_Bootloader.a(UART_SPI_UART.o)
UART_txBufferInternal
                    0x40              .\CortexM0\ARM_GCC_541\Debug\UART_Bootloader.a(UART_SPI_UART.o)
UART_rxBufferInternal
                    0x41              .\CortexM0\ARM_GCC_541\Debug\UART_Bootloader.a(UART_SPI_UART.o)
UART_rxBufferOverflow
                    0x1               .\CortexM0\ARM_GCC_541\Debug\UART_Bootloader.a(UART_SPI_UART.o)
UART_rxBufferHead   0x4               .\CortexM0\ARM_GCC_541\Debug\UART_Bootloader.a(UART_SPI_UART.o)

Discarded input sections

 .text          0x00000000        0x0 c:/program files (x86)/cypress/psoc creator/4.4/psoc creator/import/gnu/arm/5.4.1/bin/../lib/gcc/arm-none-eabi/5.4.1/armv6-m/crti.o
 .data          0x00000000        0x0 c:/program files (x86)/cypress/psoc creator/4.4/psoc creator/import/gnu/arm/5.4.1/bin/../lib/gcc/arm-none-eabi/5.4.1/armv6-m/crti.o
 .bss           0x00000000        0x0 c:/program files (x86)/cypress/psoc creator/4.4/psoc creator/import/gnu/arm/5.4.1/bin/../lib/gcc/arm-none-eabi/5.4.1/armv6-m/crti.o
 .data          0x00000000        0x4 c:/program files (x86)/cypress/psoc creator/4.4/psoc creator/import/gnu/arm/5.4.1/bin/../lib/gcc/arm-none-eabi/5.4.1/armv6-m/crtbegin.o
 .text          0x00000000       0x78 c:/program files (x86)/cypress/psoc creator/4.4/psoc creator/import/gnu/arm/5.4.1/bin/../lib/gcc/arm-none-eabi/5.4.1/../../../../arm-none-eabi/lib/armv6-m/crt0.o
 .data          0x00000000        0x0 c:/program files (x86)/cypress/psoc creator/4.4/psoc creator/import/gnu/arm/5.4.1/bin/../lib/gcc/arm-none-eabi/5.4.1/../../../../arm-none-eabi/lib/armv6-m/crt0.o
 .bss           0x00000000        0x0 c:/program files (x86)/cypress/psoc creator/4.4/psoc creator/import/gnu/arm/5.4.1/bin/../lib/gcc/arm-none-eabi/5.4.1/../../../../arm-none-eabi/lib/armv6-m/crt0.o
 .ARM.extab     0x00000000        0x0 c:/program files (x86)/cypress/psoc creator/4.4/psoc creator/import/gnu/arm/5.4.1/bin/../lib/gcc/arm-none-eabi/5.4.1/../../../../arm-none-eabi/lib/armv6-m/crt0.o
 .ARM.exidx     0x00000000        0x8 c:/program files (x86)/cypress/psoc creator/4.4/psoc creator/import/gnu/arm/5.4.1/bin/../lib/gcc/arm-none-eabi/5.4.1/../../../../arm-none-eabi/lib/armv6-m/crt0.o
 .text          0x00000000        0x0 .\CortexM0\ARM_GCC_541\Debug\main.o
 .data          0x00000000        0x0 .\CortexM0\ARM_GCC_541\Debug\main.o
 .bss           0x00000000        0x0 .\CortexM0\ARM_GCC_541\Debug\main.o
 .text          0x00000000        0x0 .\CortexM0\ARM_GCC_541\Debug\UART_Btldr.o
 .data          0x00000000        0x0 .\CortexM0\ARM_GCC_541\Debug\UART_Btldr.o
 .text.CyBtldrCommReset
                0x00000000        0xc .\CortexM0\ARM_GCC_541\Debug\UART_Btldr.o
 .text          0x00000000        0x0 .\CortexM0\ARM_GCC_541\Debug\cyfitter_cfg.o
 .data          0x00000000        0x0 .\CortexM0\ARM_GCC_541\Debug\cyfitter_cfg.o
 .bss           0x00000000        0x0 .\CortexM0\ARM_GCC_541\Debug\cyfitter_cfg.o
 .text          0x00000000        0x0 .\CortexM0\ARM_GCC_541\Debug\cymetadata.o
 .data          0x00000000        0x0 .\CortexM0\ARM_GCC_541\Debug\cymetadata.o
 .bss           0x00000000        0x0 .\CortexM0\ARM_GCC_541\Debug\cymetadata.o
 .text          0x00000000        0x0 .\CortexM0\ARM_GCC_541\Debug\Cm0Start.o
 .data          0x00000000        0x4 .\CortexM0\ARM_GCC_541\Debug\Cm0Start.o
 .bss           0x00000000        0x0 .\CortexM0\ARM_GCC_541\Debug\Cm0Start.o
 .text._exit    0x00000000        0xa .\CortexM0\ARM_GCC_541\Debug\Cm0Start.o
 .text._sbrk    0x00000000       0x30 .\CortexM0\ARM_GCC_541\Debug\Cm0Start.o
 .text          0x00000000        0x0 .\CortexM0\ARM_GCC_541\Debug\UART_Bootloader.a(Bootloader.o)
 .text.Bootloader_InitCallback
                0x00000000        0xc .\CortexM0\ARM_GCC_541\Debug\UART_Bootloader.a(Bootloader.o)
 .text.Bootloader_SetFlashByte
                0x00000000       0x38 .\CortexM0\ARM_GCC_541\Debug\UART_Bootloader.a(Bootloader.o)
 .text.Bootloader_Exit
                0x00000000       0x34 .\CortexM0\ARM_GCC_541\Debug\UART_Bootloader.a(Bootloader.o)
 .text          0x00000000        0x0 .\CortexM0\ARM_GCC_541\Debug\UART_Bootloader.a(UART.o)
 .data          0x00000000        0x0 .\CortexM0\ARM_GCC_541\Debug\UART_Bootloader.a(UART.o)
 .text.UART_Init
                0x00000000        0x8 .\CortexM0\ARM_GCC_541\Debug\UART_Bootloader.a(UART.o)
 .text.UART_SetRxFifoLevel
                0x00000000       0x14 .\CortexM0\ARM_GCC_541\Debug\UART_Bootloader.a(UART.o)
 .text.UART_SetTxFifoLevel
                0x00000000       0x14 .\CortexM0\ARM_GCC_541\Debug\UART_Bootloader.a(UART.o)
 .text.UART_SetCustomInterruptHandler
                0x00000000        0xc .\CortexM0\ARM_GCC_541\Debug\UART_Bootloader.a(UART.o)
 .text.UART_I2CSlaveNackGeneration
                0x00000000       0x3c .\CortexM0\ARM_GCC_541\Debug\UART_Bootloader.a(UART.o)
 .text          0x00000000        0x0 .\CortexM0\ARM_GCC_541\Debug\UART_Bootloader.a(UART_SPI_UART.o)
 .data          0x00000000        0x0 .\CortexM0\ARM_GCC_541\Debug\UART_Bootloader.a(UART_SPI_UART.o)
 .bss           0x00000000        0x0 .\CortexM0\ARM_GCC_541\Debug\UART_Bootloader.a(UART_SPI_UART.o)
 .text.UART_SpiUartGetTxBufferSize
                0x00000000       0x1c .\CortexM0\ARM_GCC_541\Debug\UART_Bootloader.a(UART_SPI_UART.o)
 .text.UART_SpiUartDisableIntRx
                0x00000000       0x10 .\CortexM0\ARM_GCC_541\Debug\UART_Bootloader.a(UART_SPI_UART.o)
 .text.UART_SpiUartDisableIntTx
                0x00000000       0x10 .\CortexM0\ARM_GCC_541\Debug\UART_Bootloader.a(UART_SPI_UART.o)
 .text          0x00000000        0x0 .\CortexM0\ARM_GCC_541\Debug\UART_Bootloader.a(UART_UART.o)
 .data          0x00000000        0x0 .\CortexM0\ARM_GCC_541\Debug\UART_Bootloader.a(UART_UART.o)
 .bss           0x00000000        0x0 .\CortexM0\ARM_GCC_541\Debug\UART_Bootloader.a(UART_UART.o)
 .text.UART_UartSetRxAddress
                0x00000000       0x14 .\CortexM0\ARM_GCC_541\Debug\UART_Bootloader.a(UART_UART.o)
 .text.UART_UartSetRxAddressMask
                0x00000000       0x18 .\CortexM0\ARM_GCC_541\Debug\UART_Bootloader.a(UART_UART.o)
 .text.UART_UartGetChar
                0x00000000       0x28 .\CortexM0\ARM_GCC_541\Debug\UART_Bootloader.a(UART_UART.o)
 .text.UART_UartGetByte
                0x00000000       0x4c .\CortexM0\ARM_GCC_541\Debug\UART_Bootloader.a(UART_UART.o)
 .text.UART_UartPutString
                0x00000000       0x16 .\CortexM0\ARM_GCC_541\Debug\UART_Bootloader.a(UART_UART.o)
 .text.UART_UartPutCRLF
                0x00000000       0x14 .\CortexM0\ARM_GCC_541\Debug\UART_Bootloader.a(UART_UART.o)
 .text.UART_UartSendBreakBlocking
                0x00000000       0x58 .\CortexM0\ARM_GCC_541\Debug\UART_Bootloader.a(UART_UART.o)
 .text          0x00000000        0x0 .\CortexM0\ARM_GCC_541\Debug\UART_Bootloader.a(PWM.o)
 .data          0x00000000        0x0 .\CortexM0\ARM_GCC_541\Debug\UART_Bootloader.a(PWM.o)
 .text.PWM_Stop
                0x00000000       0x1c .\CortexM0\ARM_GCC_541\Debug\UART_Bootloader.a(PWM.o)
 .text.PWM_SetMode
                0x00000000       0x28 .\CortexM0\ARM_GCC_541\Debug\UART_Bootloader.a(PWM.o)
 .text.PWM_SetQDMode
                0x00000000       0x28 .\CortexM0\ARM_GCC_541\Debug\UART_Bootloader.a(PWM.o)
 .text.PWM_SetPrescaler
                0x00000000       0x28 .\CortexM0\ARM_GCC_541\Debug\UART_Bootloader.a(PWM.o)
 .text.PWM_SetOneShot
                0x00000000       0x30 .\CortexM0\ARM_GCC_541\Debug\UART_Bootloader.a(PWM.o)
 .text.PWM_SetPWMMode
                0x00000000       0x10 .\CortexM0\ARM_GCC_541\Debug\UART_Bootloader.a(PWM.o)
 .text.PWM_SetPWMSyncKill
                0x00000000       0x28 .\CortexM0\ARM_GCC_541\Debug\UART_Bootloader.a(PWM.o)
 .text.PWM_SetPWMStopOnKill
                0x00000000       0x28 .\CortexM0\ARM_GCC_541\Debug\UART_Bootloader.a(PWM.o)
 .text.PWM_SetPWMDeadTime
                0x00000000       0x2c .\CortexM0\ARM_GCC_541\Debug\UART_Bootloader.a(PWM.o)
 .text.PWM_SetPWMInvert
                0x00000000       0x28 .\CortexM0\ARM_GCC_541\Debug\UART_Bootloader.a(PWM.o)
 .text.PWM_WriteCounter
                0x00000000        0xc .\CortexM0\ARM_GCC_541\Debug\UART_Bootloader.a(PWM.o)
 .text.PWM_ReadCounter
                0x00000000        0xc .\CortexM0\ARM_GCC_541\Debug\UART_Bootloader.a(PWM.o)
 .text.PWM_SetCounterMode
                0x00000000       0x28 .\CortexM0\ARM_GCC_541\Debug\UART_Bootloader.a(PWM.o)
 .text.PWM_WritePeriod
                0x00000000        0xc .\CortexM0\ARM_GCC_541\Debug\UART_Bootloader.a(PWM.o)
 .text.PWM_ReadPeriod
                0x00000000        0xc .\CortexM0\ARM_GCC_541\Debug\UART_Bootloader.a(PWM.o)
 .text.PWM_SetCompareSwap
                0x00000000       0x24 .\CortexM0\ARM_GCC_541\Debug\UART_Bootloader.a(PWM.o)
 .text.PWM_WritePeriodBuf
                0x00000000        0xc .\CortexM0\ARM_GCC_541\Debug\UART_Bootloader.a(PWM.o)
 .text.PWM_ReadPeriodBuf
                0x00000000        0xc .\CortexM0\ARM_GCC_541\Debug\UART_Bootloader.a(PWM.o)
 .text.PWM_SetPeriodSwap
                0x00000000       0x28 .\CortexM0\ARM_GCC_541\Debug\UART_Bootloader.a(PWM.o)
 .text.PWM_WriteCompare
                0x00000000        0xc .\CortexM0\ARM_GCC_541\Debug\UART_Bootloader.a(PWM.o)
 .text.PWM_ReadCompare
                0x00000000        0xc .\CortexM0\ARM_GCC_541\Debug\UART_Bootloader.a(PWM.o)
 .text.PWM_WriteCompareBuf
                0x00000000        0xc .\CortexM0\ARM_GCC_541\Debug\UART_Bootloader.a(PWM.o)
 .text.PWM_ReadCompareBuf
                0x00000000        0xc .\CortexM0\ARM_GCC_541\Debug\UART_Bootloader.a(PWM.o)
 .text.PWM_ReadCapture
                0x00000000        0xc .\CortexM0\ARM_GCC_541\Debug\UART_Bootloader.a(PWM.o)
 .text.PWM_ReadCaptureBuf
                0x00000000        0xc .\CortexM0\ARM_GCC_541\Debug\UART_Bootloader.a(PWM.o)
 .text.PWM_SetCaptureMode
                0x00000000       0x24 .\CortexM0\ARM_GCC_541\Debug\UART_Bootloader.a(PWM.o)
 .text.PWM_SetReloadMode
                0x00000000       0x24 .\CortexM0\ARM_GCC_541\Debug\UART_Bootloader.a(PWM.o)
 .text.PWM_SetStartMode
                0x00000000       0x28 .\CortexM0\ARM_GCC_541\Debug\UART_Bootloader.a(PWM.o)
 .text.PWM_SetStopMode
                0x00000000       0x24 .\CortexM0\ARM_GCC_541\Debug\UART_Bootloader.a(PWM.o)
 .text.PWM_SetCountMode
                0x00000000       0x24 .\CortexM0\ARM_GCC_541\Debug\UART_Bootloader.a(PWM.o)
 .text.PWM_TriggerCommand
                0x00000000       0x1c .\CortexM0\ARM_GCC_541\Debug\UART_Bootloader.a(PWM.o)
 .text.PWM_ReadStatus
                0x00000000       0x14 .\CortexM0\ARM_GCC_541\Debug\UART_Bootloader.a(PWM.o)
 .text.PWM_SetInterruptMode
                0x00000000        0xc .\CortexM0\ARM_GCC_541\Debug\UART_Bootloader.a(PWM.o)
 .text.PWM_GetInterruptSourceMasked
                0x00000000        0xc .\CortexM0\ARM_GCC_541\Debug\UART_Bootloader.a(PWM.o)
 .text.PWM_GetInterruptSource
                0x00000000        0xc .\CortexM0\ARM_GCC_541\Debug\UART_Bootloader.a(PWM.o)
 .text.PWM_ClearInterrupt
                0x00000000        0xc .\CortexM0\ARM_GCC_541\Debug\UART_Bootloader.a(PWM.o)
 .text.PWM_SetInterrupt
                0x00000000        0xc .\CortexM0\ARM_GCC_541\Debug\UART_Bootloader.a(PWM.o)
 .text          0x00000000        0x0 .\CortexM0\ARM_GCC_541\Debug\UART_Bootloader.a(Boot_P0_7.o)
 .data          0x00000000        0x0 .\CortexM0\ARM_GCC_541\Debug\UART_Bootloader.a(Boot_P0_7.o)
 .bss           0x00000000        0x0 .\CortexM0\ARM_GCC_541\Debug\UART_Bootloader.a(Boot_P0_7.o)
 .text.Boot_P0_7_SetDriveMode
                0x00000000       0x18 .\CortexM0\ARM_GCC_541\Debug\UART_Bootloader.a(Boot_P0_7.o)
 .text.Boot_P0_7_Write
                0x00000000       0x18 .\CortexM0\ARM_GCC_541\Debug\UART_Bootloader.a(Boot_P0_7.o)
 .text.Boot_P0_7_ReadDataReg
                0x00000000       0x10 .\CortexM0\ARM_GCC_541\Debug\UART_Bootloader.a(Boot_P0_7.o)
 .text.Boot_P0_7_SetInterruptMode
                0x00000000       0x14 .\CortexM0\ARM_GCC_541\Debug\UART_Bootloader.a(Boot_P0_7.o)
 .text.Boot_P0_7_ClearInterrupt
                0x00000000       0x14 .\CortexM0\ARM_GCC_541\Debug\UART_Bootloader.a(Boot_P0_7.o)
 .text          0x00000000        0x0 .\CortexM0\ARM_GCC_541\Debug\UART_Bootloader.a(CyFlash.o)
 .data          0x00000000        0x0 .\CortexM0\ARM_GCC_541\Debug\UART_Bootloader.a(CyFlash.o)
 .text.CySysFlashSetWaitCycles
                0x00000000       0x30 .\CortexM0\ARM_GCC_541\Debug\UART_Bootloader.a(CyFlash.o)
 .text          0x00000000        0x0 .\CortexM0\ARM_GCC_541\Debug\UART_Bootloader.a(CyLib.o)
 .bss           0x00000000       0x18 .\CortexM0\ARM_GCC_541\Debug\UART_Bootloader.a(CyLib.o)
 .text.CySysClkImoStart
                0x00000000       0x14 .\CortexM0\ARM_GCC_541\Debug\UART_Bootloader.a(CyLib.o)
 .text.CySysClkImoStop
                0x00000000       0x10 .\CortexM0\ARM_GCC_541\Debug\UART_Bootloader.a(CyLib.o)
 .text.CySysClkWriteHfclkDirect
                0x00000000       0x20 .\CortexM0\ARM_GCC_541\Debug\UART_Bootloader.a(CyLib.o)
 .text.CySysEnablePumpClock
                0x00000000       0x34 .\CortexM0\ARM_GCC_541\Debug\UART_Bootloader.a(CyLib.o)
 .text.CySysClkGetSysclkSource
                0x00000000       0x18 .\CortexM0\ARM_GCC_541\Debug\UART_Bootloader.a(CyLib.o)
 .text.CySysClkWriteSysclkDiv
                0x00000000       0x2c .\CortexM0\ARM_GCC_541\Debug\UART_Bootloader.a(CyLib.o)
 .text.CySysLvdDisable
                0x00000000       0x20 .\CortexM0\ARM_GCC_541\Debug\UART_Bootloader.a(CyLib.o)
 .text.CySysLvdGetInterruptSource
                0x00000000       0x10 .\CortexM0\ARM_GCC_541\Debug\UART_Bootloader.a(CyLib.o)
 .text.CySysLvdClearInterrupt
                0x00000000        0xc .\CortexM0\ARM_GCC_541\Debug\UART_Bootloader.a(CyLib.o)
 .text.CySysGetResetReason
                0x00000000       0x14 .\CortexM0\ARM_GCC_541\Debug\UART_Bootloader.a(CyLib.o)
 .text.CyDisableInts
                0x00000000       0x10 .\CortexM0\ARM_GCC_541\Debug\UART_Bootloader.a(CyLib.o)
 .text.CyEnableInts
                0x00000000        0xc .\CortexM0\ARM_GCC_541\Debug\UART_Bootloader.a(CyLib.o)
 .text.CyIntSetSysVector
                0x00000000       0x14 .\CortexM0\ARM_GCC_541\Debug\UART_Bootloader.a(CyLib.o)
 .text.CyIntGetSysVector
                0x00000000       0x12 .\CortexM0\ARM_GCC_541\Debug\UART_Bootloader.a(CyLib.o)
 .text.CyIntGetVector
                0x00000000       0x14 .\CortexM0\ARM_GCC_541\Debug\UART_Bootloader.a(CyLib.o)
 .text.CyIntGetPriority
                0x00000000       0x28 .\CortexM0\ARM_GCC_541\Debug\UART_Bootloader.a(CyLib.o)
 .text.CyIntGetState
                0x00000000       0x18 .\CortexM0\ARM_GCC_541\Debug\UART_Bootloader.a(CyLib.o)
 .text.CyIntSetPending
                0x00000000       0x14 .\CortexM0\ARM_GCC_541\Debug\UART_Bootloader.a(CyLib.o)
 .text.CySysLvdEnable
                0x00000000       0x44 .\CortexM0\ARM_GCC_541\Debug\UART_Bootloader.a(CyLib.o)
 .text.CyDelayFreq
                0x00000000       0x48 .\CortexM0\ARM_GCC_541\Debug\UART_Bootloader.a(CyLib.o)
 .text.CySysTickInit
                0x00000000       0x44 .\CortexM0\ARM_GCC_541\Debug\UART_Bootloader.a(CyLib.o)
 .text.CySysTickStop
                0x00000000       0x10 .\CortexM0\ARM_GCC_541\Debug\UART_Bootloader.a(CyLib.o)
 .text.CySysTickEnableInterrupt
                0x00000000       0x10 .\CortexM0\ARM_GCC_541\Debug\UART_Bootloader.a(CyLib.o)
 .text.CySysTickEnable
                0x00000000       0x18 .\CortexM0\ARM_GCC_541\Debug\UART_Bootloader.a(CyLib.o)
 .text.CySysTickStart
                0x00000000       0x1c .\CortexM0\ARM_GCC_541\Debug\UART_Bootloader.a(CyLib.o)
 .text.CySysTickDisableInterrupt
                0x00000000       0x10 .\CortexM0\ARM_GCC_541\Debug\UART_Bootloader.a(CyLib.o)
 .text.CySysTickSetReload
                0x00000000       0x10 .\CortexM0\ARM_GCC_541\Debug\UART_Bootloader.a(CyLib.o)
 .text.CySysTickGetReload
                0x00000000       0x10 .\CortexM0\ARM_GCC_541\Debug\UART_Bootloader.a(CyLib.o)
 .text.CySysTickGetValue
                0x00000000       0x10 .\CortexM0\ARM_GCC_541\Debug\UART_Bootloader.a(CyLib.o)
 .text.CySysTickGetCountFlag
                0x00000000       0x10 .\CortexM0\ARM_GCC_541\Debug\UART_Bootloader.a(CyLib.o)
 .text.CySysTickServiceCallbacks
                0x00000000       0x24 .\CortexM0\ARM_GCC_541\Debug\UART_Bootloader.a(CyLib.o)
 .text.CySysTickClear
                0x00000000        0xc .\CortexM0\ARM_GCC_541\Debug\UART_Bootloader.a(CyLib.o)
 .text.CySysTickSetCallback
                0x00000000       0x10 .\CortexM0\ARM_GCC_541\Debug\UART_Bootloader.a(CyLib.o)
 .text.CySysTickGetCallback
                0x00000000        0xc .\CortexM0\ARM_GCC_541\Debug\UART_Bootloader.a(CyLib.o)
 .text.CyGetUniqueId
                0x00000000       0x74 .\CortexM0\ARM_GCC_541\Debug\UART_Bootloader.a(CyLib.o)
 .data          0x00000000        0x0 .\CortexM0\ARM_GCC_541\Debug\UART_Bootloader.a(CyBootAsmGnu.o)
 .bss           0x00000000        0x0 .\CortexM0\ARM_GCC_541\Debug\UART_Bootloader.a(CyBootAsmGnu.o)
 .text          0x00000000        0x0 .\CortexM0\ARM_GCC_541\Debug\UART_Bootloader.a(UART_SPI_UART_INT.o)
 .data          0x00000000        0x0 .\CortexM0\ARM_GCC_541\Debug\UART_Bootloader.a(UART_SPI_UART_INT.o)
 .bss           0x00000000        0x0 .\CortexM0\ARM_GCC_541\Debug\UART_Bootloader.a(UART_SPI_UART_INT.o)
 .data          0x00000000        0x0 c:/program files (x86)/cypress/psoc creator/4.4/psoc creator/import/gnu/arm/5.4.1/bin/../lib/gcc/arm-none-eabi/5.4.1/armv6-m\libgcc.a(_thumb1_case_uqi.o)
 .bss           0x00000000        0x0 c:/program files (x86)/cypress/psoc creator/4.4/psoc creator/import/gnu/arm/5.4.1/bin/../lib/gcc/arm-none-eabi/5.4.1/armv6-m\libgcc.a(_thumb1_case_uqi.o)
 .data          0x00000000        0x0 c:/program files (x86)/cypress/psoc creator/4.4/psoc creator/import/gnu/arm/5.4.1/bin/../lib/gcc/arm-none-eabi/5.4.1/armv6-m\libgcc.a(_thumb1_case_shi.o)
 .bss           0x00000000        0x0 c:/program files (x86)/cypress/psoc creator/4.4/psoc creator/import/gnu/arm/5.4.1/bin/../lib/gcc/arm-none-eabi/5.4.1/armv6-m\libgcc.a(_thumb1_case_shi.o)
 .text          0x00000000      0x114 c:/program files (x86)/cypress/psoc creator/4.4/psoc creator/import/gnu/arm/5.4.1/bin/../lib/gcc/arm-none-eabi/5.4.1/armv6-m\libgcc.a(_udivsi3.o)
 .data          0x00000000        0x0 c:/program files (x86)/cypress/psoc creator/4.4/psoc creator/import/gnu/arm/5.4.1/bin/../lib/gcc/arm-none-eabi/5.4.1/armv6-m\libgcc.a(_udivsi3.o)
 .bss           0x00000000        0x0 c:/program files (x86)/cypress/psoc creator/4.4/psoc creator/import/gnu/arm/5.4.1/bin/../lib/gcc/arm-none-eabi/5.4.1/armv6-m\libgcc.a(_udivsi3.o)
 .text          0x00000000        0x4 c:/program files (x86)/cypress/psoc creator/4.4/psoc creator/import/gnu/arm/5.4.1/bin/../lib/gcc/arm-none-eabi/5.4.1/armv6-m\libgcc.a(_dvmd_tls.o)
 .data          0x00000000        0x0 c:/program files (x86)/cypress/psoc creator/4.4/psoc creator/import/gnu/arm/5.4.1/bin/../lib/gcc/arm-none-eabi/5.4.1/armv6-m\libgcc.a(_dvmd_tls.o)
 .bss           0x00000000        0x0 c:/program files (x86)/cypress/psoc creator/4.4/psoc creator/import/gnu/arm/5.4.1/bin/../lib/gcc/arm-none-eabi/5.4.1/armv6-m\libgcc.a(_dvmd_tls.o)
 .text          0x00000000        0x0 c:/program files (x86)/cypress/psoc creator/4.4/psoc creator/import/gnu/arm/5.4.1/bin/../lib/gcc/arm-none-eabi/5.4.1/../../../../arm-none-eabi/lib/armv6-m\libg_nano.a(lib_a-errno.o)
 .data          0x00000000        0x0 c:/program files (x86)/cypress/psoc creator/4.4/psoc creator/import/gnu/arm/5.4.1/bin/../lib/gcc/arm-none-eabi/5.4.1/../../../../arm-none-eabi/lib/armv6-m\libg_nano.a(lib_a-errno.o)
 .bss           0x00000000        0x0 c:/program files (x86)/cypress/psoc creator/4.4/psoc creator/import/gnu/arm/5.4.1/bin/../lib/gcc/arm-none-eabi/5.4.1/../../../../arm-none-eabi/lib/armv6-m\libg_nano.a(lib_a-errno.o)
 .text          0x00000000        0x0 c:/program files (x86)/cypress/psoc creator/4.4/psoc creator/import/gnu/arm/5.4.1/bin/../lib/gcc/arm-none-eabi/5.4.1/../../../../arm-none-eabi/lib/armv6-m\libg_nano.a(lib_a-exit.o)
 .data          0x00000000        0x0 c:/program files (x86)/cypress/psoc creator/4.4/psoc creator/import/gnu/arm/5.4.1/bin/../lib/gcc/arm-none-eabi/5.4.1/../../../../arm-none-eabi/lib/armv6-m\libg_nano.a(lib_a-exit.o)
 .bss           0x00000000        0x0 c:/program files (x86)/cypress/psoc creator/4.4/psoc creator/import/gnu/arm/5.4.1/bin/../lib/gcc/arm-none-eabi/5.4.1/../../../../arm-none-eabi/lib/armv6-m\libg_nano.a(lib_a-exit.o)
 .text.exit     0x00000000       0x2c c:/program files (x86)/cypress/psoc creator/4.4/psoc creator/import/gnu/arm/5.4.1/bin/../lib/gcc/arm-none-eabi/5.4.1/../../../../arm-none-eabi/lib/armv6-m\libg_nano.a(lib_a-exit.o)
 .text          0x00000000        0x0 c:/program files (x86)/cypress/psoc creator/4.4/psoc creator/import/gnu/arm/5.4.1/bin/../lib/gcc/arm-none-eabi/5.4.1/../../../../arm-none-eabi/lib/armv6-m\libg_nano.a(lib_a-impure.o)
 .data          0x00000000        0x0 c:/program files (x86)/cypress/psoc creator/4.4/psoc creator/import/gnu/arm/5.4.1/bin/../lib/gcc/arm-none-eabi/5.4.1/../../../../arm-none-eabi/lib/armv6-m\libg_nano.a(lib_a-impure.o)
 .bss           0x00000000        0x0 c:/program files (x86)/cypress/psoc creator/4.4/psoc creator/import/gnu/arm/5.4.1/bin/../lib/gcc/arm-none-eabi/5.4.1/../../../../arm-none-eabi/lib/armv6-m\libg_nano.a(lib_a-impure.o)
 .rodata._global_impure_ptr
                0x00000000        0x4 c:/program files (x86)/cypress/psoc creator/4.4/psoc creator/import/gnu/arm/5.4.1/bin/../lib/gcc/arm-none-eabi/5.4.1/../../../../arm-none-eabi/lib/armv6-m\libg_nano.a(lib_a-impure.o)
 .text          0x00000000        0x0 c:/program files (x86)/cypress/psoc creator/4.4/psoc creator/import/gnu/arm/5.4.1/bin/../lib/gcc/arm-none-eabi/5.4.1/../../../../arm-none-eabi/lib/armv6-m\libg_nano.a(lib_a-init.o)
 .data          0x00000000        0x0 c:/program files (x86)/cypress/psoc creator/4.4/psoc creator/import/gnu/arm/5.4.1/bin/../lib/gcc/arm-none-eabi/5.4.1/../../../../arm-none-eabi/lib/armv6-m\libg_nano.a(lib_a-init.o)
 .bss           0x00000000        0x0 c:/program files (x86)/cypress/psoc creator/4.4/psoc creator/import/gnu/arm/5.4.1/bin/../lib/gcc/arm-none-eabi/5.4.1/../../../../arm-none-eabi/lib/armv6-m\libg_nano.a(lib_a-init.o)
 .text          0x00000000        0x0 c:/program files (x86)/cypress/psoc creator/4.4/psoc creator/import/gnu/arm/5.4.1/bin/../lib/gcc/arm-none-eabi/5.4.1/../../../../arm-none-eabi/lib/armv6-m\libg_nano.a(lib_a-memcpy-stub.o)
 .data          0x00000000        0x0 c:/program files (x86)/cypress/psoc creator/4.4/psoc creator/import/gnu/arm/5.4.1/bin/../lib/gcc/arm-none-eabi/5.4.1/../../../../arm-none-eabi/lib/armv6-m\libg_nano.a(lib_a-memcpy-stub.o)
 .bss           0x00000000        0x0 c:/program files (x86)/cypress/psoc creator/4.4/psoc creator/import/gnu/arm/5.4.1/bin/../lib/gcc/arm-none-eabi/5.4.1/../../../../arm-none-eabi/lib/armv6-m\libg_nano.a(lib_a-memcpy-stub.o)
 .text          0x00000000        0x0 c:/program files (x86)/cypress/psoc creator/4.4/psoc creator/import/gnu/arm/5.4.1/bin/../lib/gcc/arm-none-eabi/5.4.1/../../../../arm-none-eabi/lib/armv6-m\libg_nano.a(lib_a-memset.o)
 .data          0x00000000        0x0 c:/program files (x86)/cypress/psoc creator/4.4/psoc creator/import/gnu/arm/5.4.1/bin/../lib/gcc/arm-none-eabi/5.4.1/../../../../arm-none-eabi/lib/armv6-m\libg_nano.a(lib_a-memset.o)
 .bss           0x00000000        0x0 c:/program files (x86)/cypress/psoc creator/4.4/psoc creator/import/gnu/arm/5.4.1/bin/../lib/gcc/arm-none-eabi/5.4.1/../../../../arm-none-eabi/lib/armv6-m\libg_nano.a(lib_a-memset.o)
 .text          0x00000000        0x0 c:/program files (x86)/cypress/psoc creator/4.4/psoc creator/import/gnu/arm/5.4.1/bin/../lib/gcc/arm-none-eabi/5.4.1/armv6-m/crtend.o
 .data          0x00000000        0x0 c:/program files (x86)/cypress/psoc creator/4.4/psoc creator/import/gnu/arm/5.4.1/bin/../lib/gcc/arm-none-eabi/5.4.1/armv6-m/crtend.o
 .bss           0x00000000        0x0 c:/program files (x86)/cypress/psoc creator/4.4/psoc creator/import/gnu/arm/5.4.1/bin/../lib/gcc/arm-none-eabi/5.4.1/armv6-m/crtend.o
 .text          0x00000000        0x0 c:/program files (x86)/cypress/psoc creator/4.4/psoc creator/import/gnu/arm/5.4.1/bin/../lib/gcc/arm-none-eabi/5.4.1/armv6-m/crtn.o
 .data          0x00000000        0x0 c:/program files (x86)/cypress/psoc creator/4.4/psoc creator/import/gnu/arm/5.4.1/bin/../lib/gcc/arm-none-eabi/5.4.1/armv6-m/crtn.o
 .bss           0x00000000        0x0 c:/program files (x86)/cypress/psoc creator/4.4/psoc creator/import/gnu/arm/5.4.1/bin/../lib/gcc/arm-none-eabi/5.4.1/armv6-m/crtn.o

Memory Configuration

Name             Origin             Length             Attributes
rom              0x00000000         0x00008000         xr
ram              0x20000000         0x00001000         xrw
*default*        0x00000000         0xffffffff

Linker script and memory map

LOAD c:/program files (x86)/cypress/psoc creator/4.4/psoc creator/import/gnu/arm/5.4.1/bin/../lib/gcc/arm-none-eabi/5.4.1/armv6-m/crti.o
LOAD c:/program files (x86)/cypress/psoc creator/4.4/psoc creator/import/gnu/arm/5.4.1/bin/../lib/gcc/arm-none-eabi/5.4.1/armv6-m/crtbegin.o
LOAD c:/program files (x86)/cypress/psoc creator/4.4/psoc creator/import/gnu/arm/5.4.1/bin/../lib/gcc/arm-none-eabi/5.4.1/../../../../arm-none-eabi/lib/armv6-m/crt0.o
START GROUP
LOAD .\CortexM0\ARM_GCC_541\Debug\main.o
LOAD .\CortexM0\ARM_GCC_541\Debug\UART_Btldr.o
LOAD .\CortexM0\ARM_GCC_541\Debug\cyfitter_cfg.o
LOAD .\CortexM0\ARM_GCC_541\Debug\cymetadata.o
LOAD .\CortexM0\ARM_GCC_541\Debug\Cm0Start.o
LOAD .\CortexM0\ARM_GCC_541\Debug\UART_Bootloader.a
END GROUP
START GROUP
LOAD c:/program files (x86)/cypress/psoc creator/4.4/psoc creator/import/gnu/arm/5.4.1/bin/../lib/gcc/arm-none-eabi/5.4.1/armv6-m\libgcc.a
LOAD c:/program files (x86)/cypress/psoc creator/4.4/psoc creator/import/gnu/arm/5.4.1/bin/../lib/gcc/arm-none-eabi/5.4.1/../../../../arm-none-eabi/lib/armv6-m\libg_nano.a
LOAD c:/program files (x86)/cypress/psoc creator/4.4/psoc creator/import/gnu/arm/5.4.1/bin/../lib/gcc/arm-none-eabi/5.4.1/../../../../arm-none-eabi/lib/armv6-m\libc_nano.a
END GROUP
START GROUP
LOAD c:/program files (x86)/cypress/psoc creator/4.4/psoc creator/import/gnu/arm/5.4.1/bin/../lib/gcc/arm-none-eabi/5.4.1/armv6-m\libgcc.a
LOAD c:/program files (x86)/cypress/psoc creator/4.4/psoc creator/import/gnu/arm/5.4.1/bin/../lib/gcc/arm-none-eabi/5.4.1/../../../../arm-none-eabi/lib/armv6-m\libc_nano.a
END GROUP
LOAD c:/program files (x86)/cypress/psoc creator/4.4/psoc creator/import/gnu/arm/5.4.1/bin/../lib/gcc/arm-none-eabi/5.4.1/armv6-m/crtend.o
LOAD c:/program files (x86)/cypress/psoc creator/4.4/psoc creator/import/gnu/arm/5.4.1/bin/../lib/gcc/arm-none-eabi/5.4.1/armv6-m/crtn.o
START GROUP
LOAD c:/program files (x86)/cypress/psoc creator/4.4/psoc creator/import/gnu/arm/5.4.1/bin/../lib/gcc/arm-none-eabi/5.4.1/armv6-m\libgcc.a
LOAD c:/program files (x86)/cypress/psoc creator/4.4/psoc creator/import/gnu/arm/5.4.1/bin/../lib/gcc/arm-none-eabi/5.4.1/../../../../arm-none-eabi/lib/armv6-m\libc.a
LOAD c:/program files (x86)/cypress/psoc creator/4.4/psoc creator/import/gnu/arm/5.4.1/bin/../lib/gcc/arm-none-eabi/5.4.1/../../../../arm-none-eabi/lib/armv6-m\libnosys.a
END GROUP
                0x00000000                CY_APPL_ORIGIN = 0x0
                0x00000080                CY_FLASH_ROW_SIZE = 0x80
                0x00000001                CY_APPL_NUM = 0x1
                0x00000001                CY_APPL_MAX = 0x1
                0x00000040                CY_METADATA_SIZE = 0x40
                0x00000000                CY_APPL_LOADABLE = 0x0
                0x00000000                CY_CHECKSUM_EXCLUDE_SIZE = ALIGN (0x0, CY_FLASH_ROW_SIZE)
                0x00000000                CY_APP_FOR_STACK_AND_COPIER = 0x0
                [!provide]                PROVIDE (__cy_heap_start, _end)
                0x00000001                PROVIDE (__cy_region_num, ((__cy_regions_end - __cy_regions) / 0x10))
                0x20001000                PROVIDE (__cy_stack, (ORIGIN (ram) + LENGTH (ram)))
                [!provide]                PROVIDE (__cy_heap_end, (__cy_stack - 0x400))

.cybootloader   0x00000000        0x0
 *(.cybootloader)
                0x00000000                appl1_start = CY_APPL_ORIGIN?CY_APPL_ORIGIN:ALIGN (CY_FLASH_ROW_SIZE)
                0x00003f80                appl2_start = (appl1_start + ALIGN ((((LENGTH (rom) - appl1_start) - (0x2 * CY_FLASH_ROW_SIZE)) / 0x2), CY_FLASH_ROW_SIZE))
                0x00000000                appl_start = (CY_APPL_NUM == 0x1)?appl1_start:appl2_start
                0x00000001                cy_project_type_bootloader = (appl_start == 0x0)?0x1:0x0
                0x00000000                cy_project_type_app_for_stack_and_copier = (CY_APP_FOR_STACK_AND_COPIER == 0x1)?0x1:0x0

.text           0x00000000     0x1241
 CREATE_OBJECT_SYMBOLS
                0x00000000                PROVIDE (__cy_interrupt_vector, RomVectors)
 *(.romvectors)
 .romvectors    0x00000000       0x10 .\CortexM0\ARM_GCC_541\Debug\Cm0Start.o
                0x00000000                RomVectors
                0x00000001                ASSERT ((. != __cy_interrupt_vector), No interrupt vector)
                0x00000001                ASSERT (CY_APPL_ORIGIN?(SIZEOF (.cybootloader) <= CY_APPL_ORIGIN):0x1, Wrong image location)
                0x00000010                PROVIDE (__cy_reset, Reset)
 *(.text.Reset)
 .text.Reset    0x00000010        0xa .\CortexM0\ARM_GCC_541\Debug\Cm0Start.o
                0x00000010                Reset
                0x00000001                ASSERT ((. != __cy_reset), No reset code)
 *(.psocinit)
 *fill*         0x0000001a        0x2 
 .psocinit      0x0000001c      0x18c .\CortexM0\ARM_GCC_541\Debug\cyfitter_cfg.o
                0x0000001c                cyfitter_cfg
                0x000001a8                . = MAX (., 0x100)
 *(.text .text.* .gnu.linkonce.t.*)
 .text          0x000001a8       0x60 c:/program files (x86)/cypress/psoc creator/4.4/psoc creator/import/gnu/arm/5.4.1/bin/../lib/gcc/arm-none-eabi/5.4.1/armv6-m/crtbegin.o
 .text.startup.main
                0x00000208       0x38 .\CortexM0\ARM_GCC_541\Debug\main.o
                0x00000208                main
 .text.CyBtldrCommStart
                0x00000240       0x10 .\CortexM0\ARM_GCC_541\Debug\UART_Btldr.o
                0x00000240                CyBtldrCommStart
 .text.CyBtldrCommStop
                0x00000250        0x8 .\CortexM0\ARM_GCC_541\Debug\UART_Btldr.o
                0x00000250                CyBtldrCommStop
 .text.CyBtldrCommWrite
                0x00000258       0x1c .\CortexM0\ARM_GCC_541\Debug\UART_Btldr.o
                0x00000258                CyBtldrCommWrite
 .text.CyBtldrCommRead
                0x00000274       0xcc .\CortexM0\ARM_GCC_541\Debug\UART_Btldr.o
                0x00000274                CyBtldrCommRead
 .text.IntDefaultHandler
                0x00000340       0x10 .\CortexM0\ARM_GCC_541\Debug\Cm0Start.o
                0x00000340                IntDefaultHandler
 .text.Start_c  0x00000350       0x4c .\CortexM0\ARM_GCC_541\Debug\Cm0Start.o
                0x00000350                Start_c
 .text.startup.initialize_psoc
                0x0000039c       0x48 .\CortexM0\ARM_GCC_541\Debug\Cm0Start.o
                0x0000039c                initialize_psoc
 .text.Bootloader_LaunchBootloadable
                0x000003e4        0x2 .\CortexM0\ARM_GCC_541\Debug\UART_Bootloader.a(Bootloader.o)
 .text.Bootloader_Calc8BitSum
                0x000003e6       0x28 .\CortexM0\ARM_GCC_541\Debug\UART_Bootloader.a(Bootloader.o)
                0x000003e6                Bootloader_Calc8BitSum
 *fill*         0x0000040e        0x2 
 .text.Bootloader_GetMetadata
                0x00000410       0xac .\CortexM0\ARM_GCC_541\Debug\UART_Bootloader.a(Bootloader.o)
                0x00000410                Bootloader_GetMetadata
 .text.CyBtldr_CheckLaunch
                0x000004bc       0x3c .\CortexM0\ARM_GCC_541\Debug\UART_Bootloader.a(Bootloader.o)
                0x000004bc                CyBtldr_CheckLaunch
 .text.Bootloader_ValidateBootloadable
                0x000004f8       0x62 .\CortexM0\ARM_GCC_541\Debug\UART_Bootloader.a(Bootloader.o)
                0x000004f8                Bootloader_ValidateBootloadable
 *fill*         0x0000055a        0x2 
 .text.Bootloader_HostLink.constprop.0
                0x0000055c      0x358 .\CortexM0\ARM_GCC_541\Debug\UART_Bootloader.a(Bootloader.o)
 .text.Bootloader_Start
                0x000008b4       0x64 .\CortexM0\ARM_GCC_541\Debug\UART_Bootloader.a(Bootloader.o)
                0x000008b4                Bootloader_Start
 .text.UART_Enable
                0x00000918       0x20 .\CortexM0\ARM_GCC_541\Debug\UART_Bootloader.a(UART.o)
                0x00000918                UART_Enable
 .text.UART_Start
                0x00000938       0x1c .\CortexM0\ARM_GCC_541\Debug\UART_Bootloader.a(UART.o)
                0x00000938                UART_Start
 .text.UART_Stop
                0x00000954       0x2c .\CortexM0\ARM_GCC_541\Debug\UART_Bootloader.a(UART.o)
                0x00000954                UART_Stop
 .text.UART_SpiUartReadRxData
                0x00000980       0x30 .\CortexM0\ARM_GCC_541\Debug\UART_Bootloader.a(UART_SPI_UART.o)
                0x00000980                UART_SpiUartReadRxData
 .text.UART_SpiUartGetRxBufferSize
                0x000009b0       0x1c .\CortexM0\ARM_GCC_541\Debug\UART_Bootloader.a(UART_SPI_UART.o)
                0x000009b0                UART_SpiUartGetRxBufferSize
 .text.UART_SpiUartClearRxBuffer
                0x000009cc       0x54 .\CortexM0\ARM_GCC_541\Debug\UART_Bootloader.a(UART_SPI_UART.o)
                0x000009cc                UART_SpiUartClearRxBuffer
 .text.UART_SpiUartWriteTxData
                0x00000a20       0x6c .\CortexM0\ARM_GCC_541\Debug\UART_Bootloader.a(UART_SPI_UART.o)
                0x00000a20                UART_SpiUartWriteTxData
 .text.UART_SpiUartPutArray
                0x00000a8c       0x16 .\CortexM0\ARM_GCC_541\Debug\UART_Bootloader.a(UART_SPI_UART.o)
                0x00000a8c                UART_SpiUartPutArray
 *fill*         0x00000aa2        0x2 
 .text.UART_SpiUartClearTxBuffer
                0x00000aa4       0x58 .\CortexM0\ARM_GCC_541\Debug\UART_Bootloader.a(UART_SPI_UART.o)
                0x00000aa4                UART_SpiUartClearTxBuffer
 .text.UART_UartInit
                0x00000afc       0xe4 .\CortexM0\ARM_GCC_541\Debug\UART_Bootloader.a(UART_UART.o)
                0x00000afc                UART_UartInit
 .text.UART_UartPostEnable
                0x00000be0       0x24 .\CortexM0\ARM_GCC_541\Debug\UART_Bootloader.a(UART_UART.o)
                0x00000be0                UART_UartPostEnable
 .text.UART_UartStop
                0x00000c04       0x28 .\CortexM0\ARM_GCC_541\Debug\UART_Bootloader.a(UART_UART.o)
                0x00000c04                UART_UartStop
 .text.PWM_Init
                0x00000c2c       0x60 .\CortexM0\ARM_GCC_541\Debug\UART_Bootloader.a(PWM.o)
                0x00000c2c                PWM_Init
 .text.PWM_Enable
                0x00000c8c       0x1c .\CortexM0\ARM_GCC_541\Debug\UART_Bootloader.a(PWM.o)
                0x00000c8c                PWM_Enable
 .text.PWM_Start
                0x00000ca8       0x1c .\CortexM0\ARM_GCC_541\Debug\UART_Bootloader.a(PWM.o)
                0x00000ca8                PWM_Start
 .text.Boot_P0_7_Read
                0x00000cc4       0x10 .\CortexM0\ARM_GCC_541\Debug\UART_Bootloader.a(Boot_P0_7.o)
                0x00000cc4                Boot_P0_7_Read
 .text.CySysFlashWriteRow
                0x00000cd4      0x1ac .\CortexM0\ARM_GCC_541\Debug\UART_Bootloader.a(CyFlash.o)
                0x00000cd4                CySysFlashWriteRow
 .text.CyIntSetVector
                0x00000e80       0x18 .\CortexM0\ARM_GCC_541\Debug\UART_Bootloader.a(CyLib.o)
                0x00000e80                CyIntSetVector
 .text.CyIntSetPriority
                0x00000e98       0x40 .\CortexM0\ARM_GCC_541\Debug\UART_Bootloader.a(CyLib.o)
                0x00000e98                CyIntSetPriority
 .text.CyIntEnable
                0x00000ed8       0x14 .\CortexM0\ARM_GCC_541\Debug\UART_Bootloader.a(CyLib.o)
                0x00000ed8                CyIntEnable
 .text.CyIntDisable
                0x00000eec       0x14 .\CortexM0\ARM_GCC_541\Debug\UART_Bootloader.a(CyLib.o)
                0x00000eec                CyIntDisable
 .text.CyIntClearPending
                0x00000f00       0x14 .\CortexM0\ARM_GCC_541\Debug\UART_Bootloader.a(CyLib.o)
                0x00000f00                CyIntClearPending
 .text.CyHalt   0x00000f14        0x4 .\CortexM0\ARM_GCC_541\Debug\UART_Bootloader.a(CyLib.o)
                0x00000f14                CyHalt
 .text.CySoftwareReset
                0x00000f18       0x18 .\CortexM0\ARM_GCC_541\Debug\UART_Bootloader.a(CyLib.o)
                0x00000f18                CySoftwareReset
 .text.CyDelay  0x00000f30       0x2c .\CortexM0\ARM_GCC_541\Debug\UART_Bootloader.a(CyLib.o)
                0x00000f30                CyDelay
 .text.CyDelayUs
                0x00000f5c       0x14 .\CortexM0\ARM_GCC_541\Debug\UART_Bootloader.a(CyLib.o)
                0x00000f5c                CyDelayUs
 .text.CySysClkWriteImoFreq
                0x00000f70      0x128 .\CortexM0\ARM_GCC_541\Debug\UART_Bootloader.a(CyLib.o)
                0x00000f70                CySysClkWriteImoFreq
 .text          0x00001098       0x24 .\CortexM0\ARM_GCC_541\Debug\UART_Bootloader.a(CyBootAsmGnu.o)
                0x00001098                CyDelayCycles
                0x000010ac                CyEnterCriticalSection
                0x000010b4                CyExitCriticalSection
 .text.UART_SPI_UART_ISR
                0x000010bc       0xdc .\CortexM0\ARM_GCC_541\Debug\UART_Bootloader.a(UART_SPI_UART_INT.o)
                0x000010bc                UART_SPI_UART_ISR
 .text          0x00001198       0x14 c:/program files (x86)/cypress/psoc creator/4.4/psoc creator/import/gnu/arm/5.4.1/bin/../lib/gcc/arm-none-eabi/5.4.1/armv6-m\libgcc.a(_thumb1_case_uqi.o)
                0x00001198                __gnu_thumb1_case_uqi
 .text          0x000011ac       0x14 c:/program files (x86)/cypress/psoc creator/4.4/psoc creator/import/gnu/arm/5.4.1/bin/../lib/gcc/arm-none-eabi/5.4.1/armv6-m\libgcc.a(_thumb1_case_shi.o)
                0x000011ac                __gnu_thumb1_case_shi
 .text.__errno  0x000011c0        0xc c:/program files (x86)/cypress/psoc creator/4.4/psoc creator/import/gnu/arm/5.4.1/bin/../lib/gcc/arm-none-eabi/5.4.1/../../../../arm-none-eabi/lib/armv6-m\libg_nano.a(lib_a-errno.o)
                0x000011c0                __errno
 .text.__libc_init_array
                0x000011cc       0x4c c:/program files (x86)/cypress/psoc creator/4.4/psoc creator/import/gnu/arm/5.4.1/bin/../lib/gcc/arm-none-eabi/5.4.1/../../../../arm-none-eabi/lib/armv6-m\libg_nano.a(lib_a-init.o)
                0x000011cc                __libc_init_array
 .text.memcpy   0x00001218       0x12 c:/program files (x86)/cypress/psoc creator/4.4/psoc creator/import/gnu/arm/5.4.1/bin/../lib/gcc/arm-none-eabi/5.4.1/../../../../arm-none-eabi/lib/armv6-m\libg_nano.a(lib_a-memcpy-stub.o)
                0x00001218                memcpy
 .text.memset   0x0000122a       0x10 c:/program files (x86)/cypress/psoc creator/4.4/psoc creator/import/gnu/arm/5.4.1/bin/../lib/gcc/arm-none-eabi/5.4.1/../../../../arm-none-eabi/lib/armv6-m\libg_nano.a(lib_a-memset.o)
                0x0000122a                memset
 *(.plt)
 *(.gnu.warning)
 *(.glue_7t)
 .glue_7t       0x0000123a        0x0 linker stubs
 *(.glue_7)
 .glue_7        0x0000123a        0x0 linker stubs
 *(.vfp11_veneer)
 .vfp11_veneer  0x0000123a        0x0 linker stubs
 *(.bootloader)
 *fill*         0x0000123a        0x2 
 .bootloader    0x0000123c        0x5 .\CortexM0\ARM_GCC_541\Debug\UART_Bootloader.a(Bootloader.o)
                0x0000123c                Bootloader_SizeBytes
                0x00001240                Bootloader_Checksum
 *(.ARM.extab* .gnu.linkonce.armextab.*)
 *(.gcc_except_table)

.v4_bx          0x00001244        0x0
 .v4_bx         0x00001244        0x0 linker stubs

.iplt           0x00001244        0x0
 .iplt          0x00001244        0x0 c:/program files (x86)/cypress/psoc creator/4.4/psoc creator/import/gnu/arm/5.4.1/bin/../lib/gcc/arm-none-eabi/5.4.1/armv6-m/crtbegin.o

.eh_frame_hdr
 *(.eh_frame_hdr)

.eh_frame       0x00001244        0x4
 *(.eh_frame)
 .eh_frame      0x00001244        0x0 c:/program files (x86)/cypress/psoc creator/4.4/psoc creator/import/gnu/arm/5.4.1/bin/../lib/gcc/arm-none-eabi/5.4.1/armv6-m/crtbegin.o
 .eh_frame      0x00001244        0x4 c:/program files (x86)/cypress/psoc creator/4.4/psoc creator/import/gnu/arm/5.4.1/bin/../lib/gcc/arm-none-eabi/5.4.1/armv6-m/crtend.o
                [!provide]                PROVIDE (__exidx_start, .)

.ARM.exidx
 *(.ARM.exidx* .gnu.linkonce.armexidx.*)
                0x00001248                __exidx_end = .

.rodata         0x00001248       0x88
 *(.rodata .rodata.* .gnu.linkonce.r.*)
 .rodata        0x00001248       0x1c .\CortexM0\ARM_GCC_541\Debug\cyfitter_cfg.o
 .rodata        0x00001264        0x8 .\CortexM0\ARM_GCC_541\Debug\UART_Bootloader.a(Bootloader.o)
 .rodata        0x0000126c       0x2e .\CortexM0\ARM_GCC_541\Debug\UART_Bootloader.a(CyLib.o)
                0x0000126c                cyImoFreqMhz2Reg
 .rodata.str1.1
                0x0000129a        0x2 c:/program files (x86)/cypress/psoc creator/4.4/psoc creator/import/gnu/arm/5.4.1/bin/../lib/gcc/arm-none-eabi/5.4.1/../../../../arm-none-eabi/lib/armv6-m\libg_nano.a(lib_a-impure.o)
                0x0000129c                . = ALIGN (0x4)
 *(.init)
 .init          0x0000129c        0x4 c:/program files (x86)/cypress/psoc creator/4.4/psoc creator/import/gnu/arm/5.4.1/bin/../lib/gcc/arm-none-eabi/5.4.1/armv6-m/crti.o
                0x0000129c                _init
 .init          0x000012a0        0x8 c:/program files (x86)/cypress/psoc creator/4.4/psoc creator/import/gnu/arm/5.4.1/bin/../lib/gcc/arm-none-eabi/5.4.1/armv6-m/crtn.o
                0x000012a8                . = ALIGN (0x4)
                0x000012a8                __preinit_array_start = .
 *(.preinit_array)
                0x000012a8                __preinit_array_end = .
                0x000012a8                . = ALIGN (0x4)
                0x000012a8                __init_array_start = .
 *(SORT(.init_array.*))
 *(.init_array)
 .init_array    0x000012a8        0x4 c:/program files (x86)/cypress/psoc creator/4.4/psoc creator/import/gnu/arm/5.4.1/bin/../lib/gcc/arm-none-eabi/5.4.1/armv6-m/crtbegin.o
 .init_array    0x000012ac        0x4 .\CortexM0\ARM_GCC_541\Debug\Cm0Start.o
                0x000012b0                __init_array_end = .
                0x000012b0                . = ALIGN (0x4)
 *(.fini)
 .fini          0x000012b0        0x4 c:/program files (x86)/cypress/psoc creator/4.4/psoc creator/import/gnu/arm/5.4.1/bin/../lib/gcc/arm-none-eabi/5.4.1/armv6-m/crti.o
                0x000012b0                _fini
 .fini          0x000012b4        0x8 c:/program files (x86)/cypress/psoc creator/4.4/psoc creator/import/gnu/arm/5.4.1/bin/../lib/gcc/arm-none-eabi/5.4.1/armv6-m/crtn.o
                0x000012bc                . = ALIGN (0x4)
                0x000012bc                __fini_array_start = .
 *(.fini_array)
 .fini_array    0x000012bc        0x4 c:/program files (x86)/cypress/psoc creator/4.4/psoc creator/import/gnu/arm/5.4.1/bin/../lib/gcc/arm-none-eabi/5.4.1/armv6-m/crtbegin.o
 *(SORT(.fini_array.*))
                0x000012c0                __fini_array_end = .
                0x000012c0                . = ALIGN (0x4)
 *crtbegin.o(.ctors)
 *(EXCLUDE_FILE(*crtend.o) .ctors)
 *(SORT(.ctors.*))
 *crtend.o(.ctors)
                0x000012c0                . = ALIGN (0x4)
 *crtbegin.o(.dtors)
 *(EXCLUDE_FILE(*crtend.o) .dtors)
 *(SORT(.dtors.*))
 *crtend.o(.dtors)
                0x000012c0                . = ALIGN (0x4)
                0x000012c0                __cy_regions = .
                0x000012c0        0x4 LONG 0x12d0 __cy_region_init_ram
                0x000012c4        0x4 LONG 0x200000c8 __cy_region_start_data
                0x000012c8        0x4 LONG 0x88 __cy_region_init_size_ram
                0x000012cc        0x4 LONG 0xc8 __cy_region_zero_size_ram
                0x000012d0                __cy_regions_end = .
                0x000012d0                . = ALIGN (0x8)
                0x000012d0                _etext = .

.cy_checksum_exclude
                0x000012d0        0x0
 *(.cy_checksum_exclude)

.ramvectors     0x20000000       0xc0
                0x20000000                __cy_region_start_ram = .
 *(.ramvectors)
 .ramvectors    0x20000000       0xc0 .\CortexM0\ARM_GCC_541\Debug\Cm0Start.o
                0x20000000                CyRamVectors

.btldr_run      0x200000c0        0x4
 *(.bootloaderruntype)
 .bootloaderruntype
                0x200000c0        0x4 .\CortexM0\ARM_GCC_541\Debug\Cm0Start.o
                0x200000c0                cyBtldrRunType

.noinit
 *(.noinit)

.data           0x200000c8       0x88 load address 0x000012d0
                0x200000c8                __cy_region_start_data = .
 *(.jcr)
 .jcr           0x200000c8        0x0 c:/program files (x86)/cypress/psoc creator/4.4/psoc creator/import/gnu/arm/5.4.1/bin/../lib/gcc/arm-none-eabi/5.4.1/armv6-m/crtbegin.o
 .jcr           0x200000c8        0x4 c:/program files (x86)/cypress/psoc creator/4.4/psoc creator/import/gnu/arm/5.4.1/bin/../lib/gcc/arm-none-eabi/5.4.1/armv6-m/crtend.o
 *(.got.plt)
 *(.got)
 *(.shdata)
 *(.data .data.* .gnu.linkonce.d.*)
 .data          0x200000cc        0x8 .\CortexM0\ARM_GCC_541\Debug\UART_Bootloader.a(Bootloader.o)
                0x200000cc                Bootloader_SizeBytesAccess
                0x200000d0                Bootloader_ChecksumAccess
 .data          0x200000d4       0x14 .\CortexM0\ARM_GCC_541\Debug\UART_Bootloader.a(CyLib.o)
                0x200000d4                CySysClkPumpConfig
                0x200000d8                cydelay32kMs
                0x200000dc                cydelayFreqKhz
                0x200000e0                cydelayFreqMhz
                0x200000e4                cydelayFreqHz
 .data.impure_data
                0x200000e8       0x60 c:/program files (x86)/cypress/psoc creator/4.4/psoc creator/import/gnu/arm/5.4.1/bin/../lib/gcc/arm-none-eabi/5.4.1/../../../../arm-none-eabi/lib/armv6-m\libg_nano.a(lib_a-impure.o)
 .data._impure_ptr
                0x20000148        0x4 c:/program files (x86)/cypress/psoc creator/4.4/psoc creator/import/gnu/arm/5.4.1/bin/../lib/gcc/arm-none-eabi/5.4.1/../../../../arm-none-eabi/lib/armv6-m\libg_nano.a(lib_a-impure.o)
                0x20000148                _impure_ptr
                0x20000150                . = ALIGN (0x8)
 *fill*         0x2000014c        0x4 
 *(.ram)
                0x20000150                _edata = .

.igot.plt       0x20000150        0x0 load address 0x00001358
 .igot.plt      0x20000150        0x0 c:/program files (x86)/cypress/psoc creator/4.4/psoc creator/import/gnu/arm/5.4.1/bin/../lib/gcc/arm-none-eabi/5.4.1/armv6-m/crtbegin.o

.bss            0x20000150       0xc8 load address 0x00001358
                0x20000150                PROVIDE (__bss_start__, .)
 *(.shbss)
 *(.bss .bss.* .gnu.linkonce.b.*)
 .bss           0x20000150       0x1c c:/program files (x86)/cypress/psoc creator/4.4/psoc creator/import/gnu/arm/5.4.1/bin/../lib/gcc/arm-none-eabi/5.4.1/armv6-m/crtbegin.o
 .bss           0x2000016c        0x2 .\CortexM0\ARM_GCC_541\Debug\UART_Btldr.o
                0x2000016c                receivedDataCount
 *fill*         0x2000016e        0x2 
 .bss           0x20000170        0x4 .\CortexM0\ARM_GCC_541\Debug\UART_Bootloader.a(Bootloader.o)
 .bss           0x20000174        0xa .\CortexM0\ARM_GCC_541\Debug\UART_Bootloader.a(UART.o)
                0x20000174                UART_initVar
                0x20000178                UART_customIntrHandler
                0x2000017c                UART_IntrTxMask
 .bss           0x2000017e        0x1 .\CortexM0\ARM_GCC_541\Debug\UART_Bootloader.a(PWM.o)
                0x2000017e                PWM_initVar
 *fill*         0x2000017f        0x1 
 .bss           0x20000180        0x4 .\CortexM0\ARM_GCC_541\Debug\UART_Bootloader.a(CyFlash.o)
 *(COMMON)
 COMMON         0x20000184       0x94 .\CortexM0\ARM_GCC_541\Debug\UART_Bootloader.a(UART_SPI_UART.o)
                0x20000184                UART_txBufferTail
                0x20000188                UART_txBufferHead
                0x2000018c                UART_rxBufferTail
                0x20000190                UART_txBufferInternal
                0x200001d0                UART_rxBufferInternal
                0x20000211                UART_rxBufferOverflow
                0x20000214                UART_rxBufferHead
                0x20000218                . = ALIGN (0x8)
 *(.ram.b)
                0x20000218                _end = .
                0x20000218                __end = .
                0x20000218                PROVIDE (end, .)
                0x20000218                PROVIDE (__bss_end__, .)
                0x000012d0                __cy_region_init_ram = LOADADDR (.data)
                0x00000088                __cy_region_init_size_ram = (_edata - ADDR (.data))
                0x000000c8                __cy_region_zero_size_ram = (_end - _edata)

.heap           0x20000218      0x100 load address 0x00001358
                0x20000218                . = _end
                0x20000318                . = (. + 0x100)
 *fill*         0x20000218      0x100 
                0x20000318                __cy_heap_limit = .

.stack          0x20000c00      0x400
                0x20000c00                __cy_stack_limit = .
                0x20001000                . = (. + 0x400)
 *fill*         0x20000c00      0x400 
                0x00000001                ASSERT ((__cy_stack_limit >= __cy_heap_limit), region RAM overflowed with stack)
                0x00000000                cy_checksum_exclude_size = (CY_APPL_LOADABLE == 0x1)?SIZEOF (.cy_checksum_exclude):0x0
                0x00000001                ASSERT ((cy_checksum_exclude_size <= CY_CHECKSUM_EXCLUDE_SIZE), CY_BOOT: Section .cy_checksum_exclude size exceedes specified limit.)
                0x00007fc0                cyloadermeta_start = (cy_project_type_bootloader || cy_project_type_app_for_stack_and_copier)?(LENGTH (rom) - CY_METADATA_SIZE):0xf0000000

.cyloadermeta   0x00007fc0       0x40
 *(.cyloadermeta)
 .cyloadermeta  0x00007fc0       0x40 .\CortexM0\ARM_GCC_541\Debug\cymetadata.o
                0x00007fc0                cy_meta_loader
                0x00007fc0                cyloadablemeta_start = cy_project_type_app_for_stack_and_copier?((LENGTH (rom) - CY_FLASH_ROW_SIZE) - CY_METADATA_SIZE):((LENGTH (rom) - (CY_FLASH_ROW_SIZE * (CY_APPL_NUM - 0x1))) - CY_METADATA_SIZE)

.cyloadablemeta
 *(.cyloadablemeta)

.cyflashprotect
                0x90400000       0x20
 *(.cyflashprotect)
 .cyflashprotect
                0x90400000       0x20 .\CortexM0\ARM_GCC_541\Debug\cymetadata.o
                0x90400000                cy_meta_flashprotect

.cymeta         0x90500000        0xc
 *(.cymeta)
 .cymeta        0x90500000        0xc .\CortexM0\ARM_GCC_541\Debug\cymetadata.o
                0x90500000                cy_metadata

.cychipprotect  0x90600000        0x1
 *(.cychipprotect)
 .cychipprotect
                0x90600000        0x1 .\CortexM0\ARM_GCC_541\Debug\cymetadata.o
                0x90600000                cy_meta_chipprotect

.rel.dyn        0x00001358        0x0 load address 0x90600004
 .rel.iplt      0x00001358        0x0 c:/program files (x86)/cypress/psoc creator/4.4/psoc creator/import/gnu/arm/5.4.1/bin/../lib/gcc/arm-none-eabi/5.4.1/armv6-m/crtbegin.o

.stab
 *(.stab)

.stabstr
 *(.stabstr)

.debug
 *(.debug)

.line
 *(.line)

.debug_srcinfo
 *(.debug_srcinfo)

.debug_sfnames
 *(.debug_sfnames)

.debug_aranges  0x00000000      0x5e0
 *(.debug_aranges)
 .debug_aranges
                0x00000000       0x20 .\CortexM0\ARM_GCC_541\Debug\main.o
 .debug_aranges
                0x00000020       0x40 .\CortexM0\ARM_GCC_541\Debug\UART_Btldr.o
 .debug_aranges
                0x00000060       0x20 .\CortexM0\ARM_GCC_541\Debug\cyfitter_cfg.o
 .debug_aranges
                0x00000080       0x18 .\CortexM0\ARM_GCC_541\Debug\cymetadata.o
 .debug_aranges
                0x00000098       0x48 .\CortexM0\ARM_GCC_541\Debug\Cm0Start.o
 .debug_aranges
                0x000000e0       0x68 .\CortexM0\ARM_GCC_541\Debug\UART_Bootloader.a(Bootloader.o)
 .debug_aranges
                0x00000148       0x58 .\CortexM0\ARM_GCC_541\Debug\UART_Bootloader.a(UART.o)
 .debug_aranges
                0x000001a0       0x60 .\CortexM0\ARM_GCC_541\Debug\UART_Bootloader.a(UART_SPI_UART.o)
 .debug_aranges
                0x00000200       0x68 .\CortexM0\ARM_GCC_541\Debug\UART_Bootloader.a(UART_UART.o)
 .debug_aranges
                0x00000268      0x148 .\CortexM0\ARM_GCC_541\Debug\UART_Bootloader.a(PWM.o)
 .debug_aranges
                0x000003b0       0x48 .\CortexM0\ARM_GCC_541\Debug\UART_Bootloader.a(Boot_P0_7.o)
 .debug_aranges
                0x000003f8       0x28 .\CortexM0\ARM_GCC_541\Debug\UART_Bootloader.a(CyFlash.o)
 .debug_aranges
                0x00000420      0x180 .\CortexM0\ARM_GCC_541\Debug\UART_Bootloader.a(CyLib.o)
 .debug_aranges
                0x000005a0       0x20 .\CortexM0\ARM_GCC_541\Debug\UART_Bootloader.a(CyBootAsmGnu.o)
 .debug_aranges
                0x000005c0       0x20 .\CortexM0\ARM_GCC_541\Debug\UART_Bootloader.a(UART_SPI_UART_INT.o)

.debug_pubnames
 *(.debug_pubnames)

.debug_info     0x00000000     0x4033
 *(.debug_info .gnu.linkonce.wi.*)
 .debug_info    0x00000000      0x144 .\CortexM0\ARM_GCC_541\Debug\main.o
 .debug_info    0x00000144      0x33a .\CortexM0\ARM_GCC_541\Debug\UART_Btldr.o
 .debug_info    0x0000047e      0x384 .\CortexM0\ARM_GCC_541\Debug\cyfitter_cfg.o
 .debug_info    0x00000802      0x11e .\CortexM0\ARM_GCC_541\Debug\cymetadata.o
 .debug_info    0x00000920      0x3c3 .\CortexM0\ARM_GCC_541\Debug\Cm0Start.o
 .debug_info    0x00000ce3      0xc45 .\CortexM0\ARM_GCC_541\Debug\UART_Bootloader.a(Bootloader.o)
 .debug_info    0x00001928      0x308 .\CortexM0\ARM_GCC_541\Debug\UART_Bootloader.a(UART.o)
 .debug_info    0x00001c30      0x3a3 .\CortexM0\ARM_GCC_541\Debug\UART_Bootloader.a(UART_SPI_UART.o)
 .debug_info    0x00001fd3      0x3f8 .\CortexM0\ARM_GCC_541\Debug\UART_Bootloader.a(UART_UART.o)
 .debug_info    0x000023cb      0x93b .\CortexM0\ARM_GCC_541\Debug\UART_Bootloader.a(PWM.o)
 .debug_info    0x00002d06      0x19b .\CortexM0\ARM_GCC_541\Debug\UART_Bootloader.a(Boot_P0_7.o)
 .debug_info    0x00002ea1      0x364 .\CortexM0\ARM_GCC_541\Debug\UART_Bootloader.a(CyFlash.o)
 .debug_info    0x00003205      0xbdb .\CortexM0\ARM_GCC_541\Debug\UART_Bootloader.a(CyLib.o)
 .debug_info    0x00003de0       0xcd .\CortexM0\ARM_GCC_541\Debug\UART_Bootloader.a(CyBootAsmGnu.o)
 .debug_info    0x00003ead      0x186 .\CortexM0\ARM_GCC_541\Debug\UART_Bootloader.a(UART_SPI_UART_INT.o)

.debug_abbrev   0x00000000     0x14e1
 *(.debug_abbrev)
 .debug_abbrev  0x00000000       0xc1 .\CortexM0\ARM_GCC_541\Debug\main.o
 .debug_abbrev  0x000000c1      0x10c .\CortexM0\ARM_GCC_541\Debug\UART_Btldr.o
 .debug_abbrev  0x000001cd      0x1d5 .\CortexM0\ARM_GCC_541\Debug\cyfitter_cfg.o
 .debug_abbrev  0x000003a2       0x5d .\CortexM0\ARM_GCC_541\Debug\cymetadata.o
 .debug_abbrev  0x000003ff      0x1e6 .\CortexM0\ARM_GCC_541\Debug\Cm0Start.o
 .debug_abbrev  0x000005e5      0x2cf .\CortexM0\ARM_GCC_541\Debug\UART_Bootloader.a(Bootloader.o)
 .debug_abbrev  0x000008b4      0x16a .\CortexM0\ARM_GCC_541\Debug\UART_Bootloader.a(UART.o)
 .debug_abbrev  0x00000a1e      0x1c9 .\CortexM0\ARM_GCC_541\Debug\UART_Bootloader.a(UART_SPI_UART.o)
 .debug_abbrev  0x00000be7      0x136 .\CortexM0\ARM_GCC_541\Debug\UART_Bootloader.a(UART_UART.o)
 .debug_abbrev  0x00000d1d      0x18d .\CortexM0\ARM_GCC_541\Debug\UART_Bootloader.a(PWM.o)
 .debug_abbrev  0x00000eaa       0xc6 .\CortexM0\ARM_GCC_541\Debug\UART_Bootloader.a(Boot_P0_7.o)
 .debug_abbrev  0x00000f70      0x1ce .\CortexM0\ARM_GCC_541\Debug\UART_Bootloader.a(CyFlash.o)
 .debug_abbrev  0x0000113e      0x2f5 .\CortexM0\ARM_GCC_541\Debug\UART_Bootloader.a(CyLib.o)
 .debug_abbrev  0x00001433       0x14 .\CortexM0\ARM_GCC_541\Debug\UART_Bootloader.a(CyBootAsmGnu.o)
 .debug_abbrev  0x00001447       0x9a .\CortexM0\ARM_GCC_541\Debug\UART_Bootloader.a(UART_SPI_UART_INT.o)

.debug_line     0x00000000     0x1af3
 *(.debug_line)
 .debug_line    0x00000000       0x9d .\CortexM0\ARM_GCC_541\Debug\main.o
 .debug_line    0x0000009d      0x15a .\CortexM0\ARM_GCC_541\Debug\UART_Btldr.o
 .debug_line    0x000001f7      0x155 .\CortexM0\ARM_GCC_541\Debug\cyfitter_cfg.o
 .debug_line    0x0000034c      0x141 .\CortexM0\ARM_GCC_541\Debug\cymetadata.o
 .debug_line    0x0000048d      0x22e .\CortexM0\ARM_GCC_541\Debug\Cm0Start.o
 .debug_line    0x000006bb      0x37a .\CortexM0\ARM_GCC_541\Debug\UART_Bootloader.a(Bootloader.o)
 .debug_line    0x00000a35      0x158 .\CortexM0\ARM_GCC_541\Debug\UART_Bootloader.a(UART.o)
 .debug_line    0x00000b8d      0x178 .\CortexM0\ARM_GCC_541\Debug\UART_Bootloader.a(UART_SPI_UART.o)
 .debug_line    0x00000d05      0x1d0 .\CortexM0\ARM_GCC_541\Debug\UART_Bootloader.a(UART_UART.o)
 .debug_line    0x00000ed5      0x3c6 .\CortexM0\ARM_GCC_541\Debug\UART_Bootloader.a(PWM.o)
 .debug_line    0x0000129b       0xcc .\CortexM0\ARM_GCC_541\Debug\UART_Bootloader.a(Boot_P0_7.o)
 .debug_line    0x00001367      0x173 .\CortexM0\ARM_GCC_541\Debug\UART_Bootloader.a(CyFlash.o)
 .debug_line    0x000014da      0x4ef .\CortexM0\ARM_GCC_541\Debug\UART_Bootloader.a(CyLib.o)
 .debug_line    0x000019c9       0x69 .\CortexM0\ARM_GCC_541\Debug\UART_Bootloader.a(CyBootAsmGnu.o)
 .debug_line    0x00001a32       0xc1 .\CortexM0\ARM_GCC_541\Debug\UART_Bootloader.a(UART_SPI_UART_INT.o)

.debug_frame    0x00000000      0xebc
 *(.debug_frame)
 .debug_frame   0x00000000       0x2c .\CortexM0\ARM_GCC_541\Debug\main.o
 .debug_frame   0x0000002c       0xac .\CortexM0\ARM_GCC_541\Debug\UART_Btldr.o
 .debug_frame   0x000000d8       0x3c .\CortexM0\ARM_GCC_541\Debug\cyfitter_cfg.o
 .debug_frame   0x00000114       0xc8 .\CortexM0\ARM_GCC_541\Debug\Cm0Start.o
 .debug_frame   0x000001dc      0x13c .\CortexM0\ARM_GCC_541\Debug\UART_Bootloader.a(Bootloader.o)
 .debug_frame   0x00000318       0xc0 .\CortexM0\ARM_GCC_541\Debug\UART_Bootloader.a(UART.o)
 .debug_frame   0x000003d8       0xd4 .\CortexM0\ARM_GCC_541\Debug\UART_Bootloader.a(UART_SPI_UART.o)
 .debug_frame   0x000004ac      0x10c .\CortexM0\ARM_GCC_541\Debug\UART_Bootloader.a(UART_UART.o)
 .debug_frame   0x000005b8      0x384 .\CortexM0\ARM_GCC_541\Debug\UART_Bootloader.a(PWM.o)
 .debug_frame   0x0000093c       0x70 .\CortexM0\ARM_GCC_541\Debug\UART_Bootloader.a(Boot_P0_7.o)
 .debug_frame   0x000009ac       0x54 .\CortexM0\ARM_GCC_541\Debug\UART_Bootloader.a(CyFlash.o)
 .debug_frame   0x00000a00      0x3b0 .\CortexM0\ARM_GCC_541\Debug\UART_Bootloader.a(CyLib.o)
 .debug_frame   0x00000db0       0x30 .\CortexM0\ARM_GCC_541\Debug\UART_Bootloader.a(UART_SPI_UART_INT.o)
 .debug_frame   0x00000de0       0x20 c:/program files (x86)/cypress/psoc creator/4.4/psoc creator/import/gnu/arm/5.4.1/bin/../lib/gcc/arm-none-eabi/5.4.1/armv6-m\libgcc.a(_udivsi3.o)
 .debug_frame   0x00000e00       0x20 c:/program files (x86)/cypress/psoc creator/4.4/psoc creator/import/gnu/arm/5.4.1/bin/../lib/gcc/arm-none-eabi/5.4.1/../../../../arm-none-eabi/lib/armv6-m\libg_nano.a(lib_a-errno.o)
 .debug_frame   0x00000e20       0x28 c:/program files (x86)/cypress/psoc creator/4.4/psoc creator/import/gnu/arm/5.4.1/bin/../lib/gcc/arm-none-eabi/5.4.1/../../../../arm-none-eabi/lib/armv6-m\libg_nano.a(lib_a-exit.o)
 .debug_frame   0x00000e48       0x2c c:/program files (x86)/cypress/psoc creator/4.4/psoc creator/import/gnu/arm/5.4.1/bin/../lib/gcc/arm-none-eabi/5.4.1/../../../../arm-none-eabi/lib/armv6-m\libg_nano.a(lib_a-init.o)
 .debug_frame   0x00000e74       0x28 c:/program files (x86)/cypress/psoc creator/4.4/psoc creator/import/gnu/arm/5.4.1/bin/../lib/gcc/arm-none-eabi/5.4.1/../../../../arm-none-eabi/lib/armv6-m\libg_nano.a(lib_a-memcpy-stub.o)
 .debug_frame   0x00000e9c       0x20 c:/program files (x86)/cypress/psoc creator/4.4/psoc creator/import/gnu/arm/5.4.1/bin/../lib/gcc/arm-none-eabi/5.4.1/../../../../arm-none-eabi/lib/armv6-m\libg_nano.a(lib_a-memset.o)

.debug_str      0x00000000     0x1817
 *(.debug_str)
 .debug_str     0x00000000      0x1da .\CortexM0\ARM_GCC_541\Debug\main.o
                                0x21a (size before relaxing)
 .debug_str     0x000001da      0x155 .\CortexM0\ARM_GCC_541\Debug\UART_Btldr.o
                                0x32d (size before relaxing)
 .debug_str     0x0000032f      0x109 .\CortexM0\ARM_GCC_541\Debug\cyfitter_cfg.o
                                0x2f8 (size before relaxing)
 .debug_str     0x00000438       0x72 .\CortexM0\ARM_GCC_541\Debug\cymetadata.o
                                0x214 (size before relaxing)
 .debug_str     0x000004aa      0x14e .\CortexM0\ARM_GCC_541\Debug\Cm0Start.o
                                0x361 (size before relaxing)
 .debug_str     0x000005f8      0x428 .\CortexM0\ARM_GCC_541\Debug\UART_Bootloader.a(Bootloader.o)
                                0x6a9 (size before relaxing)
 .debug_str     0x00000a20      0x182 .\CortexM0\ARM_GCC_541\Debug\UART_Bootloader.a(UART.o)
                                0x369 (size before relaxing)
 .debug_str     0x00000ba2      0x153 .\CortexM0\ARM_GCC_541\Debug\UART_Bootloader.a(UART_SPI_UART.o)
                                0x3be (size before relaxing)
 .debug_str     0x00000cf5      0x133 .\CortexM0\ARM_GCC_541\Debug\UART_Bootloader.a(UART_UART.o)
                                0x416 (size before relaxing)
 .debug_str     0x00000e28      0x394 .\CortexM0\ARM_GCC_541\Debug\UART_Bootloader.a(PWM.o)
                                0x577 (size before relaxing)
 .debug_str     0x000011bc       0xb8 .\CortexM0\ARM_GCC_541\Debug\UART_Bootloader.a(Boot_P0_7.o)
                                0x28f (size before relaxing)
 .debug_str     0x00001274      0x12a .\CortexM0\ARM_GCC_541\Debug\UART_Bootloader.a(CyFlash.o)
                                0x36b (size before relaxing)
 .debug_str     0x0000139e      0x43c .\CortexM0\ARM_GCC_541\Debug\UART_Bootloader.a(CyLib.o)
                                0x6f3 (size before relaxing)
 .debug_str     0x000017da       0x3d .\CortexM0\ARM_GCC_541\Debug\UART_Bootloader.a(UART_SPI_UART_INT.o)
                                0x2c6 (size before relaxing)

.debug_loc      0x00000000     0x24d2
 *(.debug_loc)
 .debug_loc     0x00000000       0x34 .\CortexM0\ARM_GCC_541\Debug\main.o
 .debug_loc     0x00000034      0x211 .\CortexM0\ARM_GCC_541\Debug\UART_Btldr.o
 .debug_loc     0x00000245      0x11e .\CortexM0\ARM_GCC_541\Debug\cyfitter_cfg.o
 .debug_loc     0x00000363      0x1de .\CortexM0\ARM_GCC_541\Debug\Cm0Start.o
 .debug_loc     0x00000541      0xd1a .\CortexM0\ARM_GCC_541\Debug\UART_Bootloader.a(Bootloader.o)
 .debug_loc     0x0000125b       0x7e .\CortexM0\ARM_GCC_541\Debug\UART_Bootloader.a(UART.o)
 .debug_loc     0x000012d9      0x129 .\CortexM0\ARM_GCC_541\Debug\UART_Bootloader.a(UART_SPI_UART.o)
 .debug_loc     0x00001402      0x218 .\CortexM0\ARM_GCC_541\Debug\UART_Bootloader.a(UART_UART.o)
 .debug_loc     0x0000161a      0x592 .\CortexM0\ARM_GCC_541\Debug\UART_Bootloader.a(PWM.o)
 .debug_loc     0x00001bac       0xa1 .\CortexM0\ARM_GCC_541\Debug\UART_Bootloader.a(Boot_P0_7.o)
 .debug_loc     0x00001c4d      0x258 .\CortexM0\ARM_GCC_541\Debug\UART_Bootloader.a(CyFlash.o)
 .debug_loc     0x00001ea5      0x5f0 .\CortexM0\ARM_GCC_541\Debug\UART_Bootloader.a(CyLib.o)
 .debug_loc     0x00002495       0x3d .\CortexM0\ARM_GCC_541\Debug\UART_Bootloader.a(UART_SPI_UART_INT.o)

.debug_macinfo
 *(.debug_macinfo)

.debug_ranges   0x00000000      0x6b0
 *(.debug_ranges)
 .debug_ranges  0x00000000       0x10 .\CortexM0\ARM_GCC_541\Debug\main.o
 .debug_ranges  0x00000010       0x30 .\CortexM0\ARM_GCC_541\Debug\UART_Btldr.o
 .debug_ranges  0x00000040       0xa0 .\CortexM0\ARM_GCC_541\Debug\cyfitter_cfg.o
 .debug_ranges  0x000000e0       0x50 .\CortexM0\ARM_GCC_541\Debug\Cm0Start.o
 .debug_ranges  0x00000130      0x120 .\CortexM0\ARM_GCC_541\Debug\UART_Bootloader.a(Bootloader.o)
 .debug_ranges  0x00000250       0x48 .\CortexM0\ARM_GCC_541\Debug\UART_Bootloader.a(UART.o)
 .debug_ranges  0x00000298       0x50 .\CortexM0\ARM_GCC_541\Debug\UART_Bootloader.a(UART_SPI_UART.o)
 .debug_ranges  0x000002e8       0x58 .\CortexM0\ARM_GCC_541\Debug\UART_Bootloader.a(UART_UART.o)
 .debug_ranges  0x00000340      0x150 .\CortexM0\ARM_GCC_541\Debug\UART_Bootloader.a(PWM.o)
 .debug_ranges  0x00000490       0x38 .\CortexM0\ARM_GCC_541\Debug\UART_Bootloader.a(Boot_P0_7.o)
 .debug_ranges  0x000004c8       0x30 .\CortexM0\ARM_GCC_541\Debug\UART_Bootloader.a(CyFlash.o)
 .debug_ranges  0x000004f8      0x1a8 .\CortexM0\ARM_GCC_541\Debug\UART_Bootloader.a(CyLib.o)
 .debug_ranges  0x000006a0       0x10 .\CortexM0\ARM_GCC_541\Debug\UART_Bootloader.a(UART_SPI_UART_INT.o)

.comment        0x00000000       0x6e
 .comment       0x00000000       0x6e .\CortexM0\ARM_GCC_541\Debug\main.o
                                 0x6f (size before relaxing)
 .comment       0x0000006e       0x6f .\CortexM0\ARM_GCC_541\Debug\UART_Btldr.o
 .comment       0x0000006e       0x6f .\CortexM0\ARM_GCC_541\Debug\cyfitter_cfg.o
 .comment       0x0000006e       0x6f .\CortexM0\ARM_GCC_541\Debug\cymetadata.o
 .comment       0x0000006e       0x6f .\CortexM0\ARM_GCC_541\Debug\Cm0Start.o
 .comment       0x0000006e       0x6f .\CortexM0\ARM_GCC_541\Debug\UART_Bootloader.a(Bootloader.o)
 .comment       0x0000006e       0x6f .\CortexM0\ARM_GCC_541\Debug\UART_Bootloader.a(UART.o)
 .comment       0x0000006e       0x6f .\CortexM0\ARM_GCC_541\Debug\UART_Bootloader.a(UART_SPI_UART.o)
 .comment       0x0000006e       0x6f .\CortexM0\ARM_GCC_541\Debug\UART_Bootloader.a(UART_UART.o)
 .comment       0x0000006e       0x6f .\CortexM0\ARM_GCC_541\Debug\UART_Bootloader.a(PWM.o)
 .comment       0x0000006e       0x6f .\CortexM0\ARM_GCC_541\Debug\UART_Bootloader.a(Boot_P0_7.o)
 .comment       0x0000006e       0x6f .\CortexM0\ARM_GCC_541\Debug\UART_Bootloader.a(CyFlash.o)
 .comment       0x0000006e       0x6f .\CortexM0\ARM_GCC_541\Debug\UART_Bootloader.a(CyLib.o)
 .comment       0x0000006e       0x6f .\CortexM0\ARM_GCC_541\Debug\UART_Bootloader.a(UART_SPI_UART_INT.o)

.debug_weaknames
 *(.debug_weaknames)

.debug_funcnames
 *(.debug_funcnames)

.debug_typenames
 *(.debug_typenames)

.debug_varnames
 *(.debug_varnames)

.note.gnu.arm.ident
 *(.note.gnu.arm.ident)

.ARM.attributes
                0x00000000       0x28
 *(.ARM.attributes)
 .ARM.attributes
                0x00000000       0x1e c:/program files (x86)/cypress/psoc creator/4.4/psoc creator/import/gnu/arm/5.4.1/bin/../lib/gcc/arm-none-eabi/5.4.1/armv6-m/crti.o
 .ARM.attributes
                0x0000001e       0x2c c:/program files (x86)/cypress/psoc creator/4.4/psoc creator/import/gnu/arm/5.4.1/bin/../lib/gcc/arm-none-eabi/5.4.1/armv6-m/crtbegin.o
 .ARM.attributes
                0x0000004a       0x1b c:/program files (x86)/cypress/psoc creator/4.4/psoc creator/import/gnu/arm/5.4.1/bin/../lib/gcc/arm-none-eabi/5.4.1/../../../../arm-none-eabi/lib/armv6-m/crt0.o
 .ARM.attributes
                0x00000065       0x31 .\CortexM0\ARM_GCC_541\Debug\main.o
 .ARM.attributes
                0x00000096       0x31 .\CortexM0\ARM_GCC_541\Debug\UART_Btldr.o
 .ARM.attributes
                0x000000c7       0x31 .\CortexM0\ARM_GCC_541\Debug\cyfitter_cfg.o
 .ARM.attributes
                0x000000f8       0x31 .\CortexM0\ARM_GCC_541\Debug\cymetadata.o
 .ARM.attributes
                0x00000129       0x31 .\CortexM0\ARM_GCC_541\Debug\Cm0Start.o
 .ARM.attributes
                0x0000015a       0x31 .\CortexM0\ARM_GCC_541\Debug\UART_Bootloader.a(Bootloader.o)
 .ARM.attributes
                0x0000018b       0x31 .\CortexM0\ARM_GCC_541\Debug\UART_Bootloader.a(UART.o)
 .ARM.attributes
                0x000001bc       0x31 .\CortexM0\ARM_GCC_541\Debug\UART_Bootloader.a(UART_SPI_UART.o)
 .ARM.attributes
                0x000001ed       0x31 .\CortexM0\ARM_GCC_541\Debug\UART_Bootloader.a(UART_UART.o)
 .ARM.attributes
                0x0000021e       0x31 .\CortexM0\ARM_GCC_541\Debug\UART_Bootloader.a(PWM.o)
 .ARM.attributes
                0x0000024f       0x31 .\CortexM0\ARM_GCC_541\Debug\UART_Bootloader.a(Boot_P0_7.o)
 .ARM.attributes
                0x00000280       0x31 .\CortexM0\ARM_GCC_541\Debug\UART_Bootloader.a(CyFlash.o)
 .ARM.attributes
                0x000002b1       0x31 .\CortexM0\ARM_GCC_541\Debug\UART_Bootloader.a(CyLib.o)
 .ARM.attributes
                0x000002e2       0x21 .\CortexM0\ARM_GCC_541\Debug\UART_Bootloader.a(CyBootAsmGnu.o)
 .ARM.attributes
                0x00000303       0x31 .\CortexM0\ARM_GCC_541\Debug\UART_Bootloader.a(UART_SPI_UART_INT.o)
 .ARM.attributes
                0x00000334       0x1e c:/program files (x86)/cypress/psoc creator/4.4/psoc creator/import/gnu/arm/5.4.1/bin/../lib/gcc/arm-none-eabi/5.4.1/armv6-m\libgcc.a(_thumb1_case_uqi.o)
 .ARM.attributes
                0x00000352       0x1e c:/program files (x86)/cypress/psoc creator/4.4/psoc creator/import/gnu/arm/5.4.1/bin/../lib/gcc/arm-none-eabi/5.4.1/armv6-m\libgcc.a(_thumb1_case_shi.o)
 .ARM.attributes
                0x00000370       0x1e c:/program files (x86)/cypress/psoc creator/4.4/psoc creator/import/gnu/arm/5.4.1/bin/../lib/gcc/arm-none-eabi/5.4.1/armv6-m\libgcc.a(_udivsi3.o)
 .ARM.attributes
                0x0000038e       0x1e c:/program files (x86)/cypress/psoc creator/4.4/psoc creator/import/gnu/arm/5.4.1/bin/../lib/gcc/arm-none-eabi/5.4.1/armv6-m\libgcc.a(_dvmd_tls.o)
 .ARM.attributes
                0x000003ac       0x2c c:/program files (x86)/cypress/psoc creator/4.4/psoc creator/import/gnu/arm/5.4.1/bin/../lib/gcc/arm-none-eabi/5.4.1/../../../../arm-none-eabi/lib/armv6-m\libg_nano.a(lib_a-errno.o)
 .ARM.attributes
                0x000003d8       0x2c c:/program files (x86)/cypress/psoc creator/4.4/psoc creator/import/gnu/arm/5.4.1/bin/../lib/gcc/arm-none-eabi/5.4.1/../../../../arm-none-eabi/lib/armv6-m\libg_nano.a(lib_a-exit.o)
 .ARM.attributes
                0x00000404       0x2c c:/program files (x86)/cypress/psoc creator/4.4/psoc creator/import/gnu/arm/5.4.1/bin/../lib/gcc/arm-none-eabi/5.4.1/../../../../arm-none-eabi/lib/armv6-m\libg_nano.a(lib_a-impure.o)
 .ARM.attributes
                0x00000430       0x2c c:/program files (x86)/cypress/psoc creator/4.4/psoc creator/import/gnu/arm/5.4.1/bin/../lib/gcc/arm-none-eabi/5.4.1/../../../../arm-none-eabi/lib/armv6-m\libg_nano.a(lib_a-init.o)
 .ARM.attributes
                0x0000045c       0x2c c:/program files (x86)/cypress/psoc creator/4.4/psoc creator/import/gnu/arm/5.4.1/bin/../lib/gcc/arm-none-eabi/5.4.1/../../../../arm-none-eabi/lib/armv6-m\libg_nano.a(lib_a-memcpy-stub.o)
 .ARM.attributes
                0x00000488       0x2c c:/program files (x86)/cypress/psoc creator/4.4/psoc creator/import/gnu/arm/5.4.1/bin/../lib/gcc/arm-none-eabi/5.4.1/../../../../arm-none-eabi/lib/armv6-m\libg_nano.a(lib_a-memset.o)
 .ARM.attributes
                0x000004b4       0x2c c:/program files (x86)/cypress/psoc creator/4.4/psoc creator/import/gnu/arm/5.4.1/bin/../lib/gcc/arm-none-eabi/5.4.1/armv6-m/crtend.o
 .ARM.attributes
                0x000004e0       0x1e c:/program files (x86)/cypress/psoc creator/4.4/psoc creator/import/gnu/arm/5.4.1/bin/../lib/gcc/arm-none-eabi/5.4.1/armv6-m/crtn.o

/DISCARD/
 *(.note.GNU-stack)
OUTPUT(C:\Users\npat025\Dropbox (Uni of Auckland)\moisture\moisturesensor\kit049\watersense\SCB_Bootloader_42xx\UART_Bootloader.cydsn\CortexM0\ARM_GCC_541\Debug\UART_Bootloader.elf elf32-littlearm)
