Archive member included to satisfy reference by file (symbol)

.\CortexM3\ARM_GCC_541\Debug\DMA25READ.a(ADC.o)
                              .\CortexM3\ARM_GCC_541\Debug\main.o (ADC_finalArray)
.\CortexM3\ARM_GCC_541\Debug\DMA25READ.a(ADC_INT.o)
                              .\CortexM3\ARM_GCC_541\Debug\DMA25READ.a(ADC.o) (ADC_ISR)
.\CortexM3\ARM_GCC_541\Debug\DMA25READ.a(USBUART.o)
                              .\CortexM3\ARM_GCC_541\Debug\main.o (USBUART_Start)
.\CortexM3\ARM_GCC_541\Debug\DMA25READ.a(USBUART_cdc.o)
                              .\CortexM3\ARM_GCC_541\Debug\main.o (USBUART_CDC_Init)
.\CortexM3\ARM_GCC_541\Debug\DMA25READ.a(USBUART_drv.o)
                              .\CortexM3\ARM_GCC_541\Debug\DMA25READ.a(USBUART.o) (USBUART_EP)
.\CortexM3\ARM_GCC_541\Debug\DMA25READ.a(USBUART_episr.o)
                              .\CortexM3\ARM_GCC_541\Debug\DMA25READ.a(USBUART.o) (USBUART_EP_1_ISR)
.\CortexM3\ARM_GCC_541\Debug\DMA25READ.a(USBUART_pm.o)
                              .\CortexM3\ARM_GCC_541\Debug\DMA25READ.a(USBUART.o) (USBUART_DP_ISR)
.\CortexM3\ARM_GCC_541\Debug\DMA25READ.a(USBUART_std.o)
                              .\CortexM3\ARM_GCC_541\Debug\DMA25READ.a(USBUART_drv.o) (USBUART_HandleStandardRqst)
.\CortexM3\ARM_GCC_541\Debug\DMA25READ.a(USBUART_vnd.o)
                              .\CortexM3\ARM_GCC_541\Debug\DMA25READ.a(USBUART_drv.o) (USBUART_HandleVendorRqst)
.\CortexM3\ARM_GCC_541\Debug\DMA25READ.a(ADC_SAR.o)
                              .\CortexM3\ARM_GCC_541\Debug\DMA25READ.a(ADC.o) (ADC_SAR_shift)
.\CortexM3\ARM_GCC_541\Debug\DMA25READ.a(ADC_TempBuf_dma.o)
                              .\CortexM3\ARM_GCC_541\Debug\DMA25READ.a(ADC.o) (ADC_TempBuf_DmaInitialize)
.\CortexM3\ARM_GCC_541\Debug\DMA25READ.a(ADC_FinalBuf_dma.o)
                              .\CortexM3\ARM_GCC_541\Debug\DMA25READ.a(ADC.o) (ADC_FinalBuf_DmaInitialize)
.\CortexM3\ARM_GCC_541\Debug\DMA25READ.a(ADC_IRQ.o)
                              .\CortexM3\ARM_GCC_541\Debug\DMA25READ.a(ADC.o) (ADC_IRQ_SetVector)
.\CortexM3\ARM_GCC_541\Debug\DMA25READ.a(USBUART_Dp.o)
                              .\CortexM3\ARM_GCC_541\Debug\DMA25READ.a(USBUART.o) (USBUART_Dp_ClearInterrupt)
.\CortexM3\ARM_GCC_541\Debug\DMA25READ.a(CyDmac.o)
                              .\CortexM3\ARM_GCC_541\Debug\Cm3Start.o (CyDmacConfigure)
.\CortexM3\ARM_GCC_541\Debug\DMA25READ.a(CyLib.o)
                              .\CortexM3\ARM_GCC_541\Debug\Cm3Start.o (CyResetStatus)
.\CortexM3\ARM_GCC_541\Debug\DMA25READ.a(cyPm.o)
                              .\CortexM3\ARM_GCC_541\Debug\DMA25READ.a(CyLib.o) (CyPmReadStatus)
.\CortexM3\ARM_GCC_541\Debug\DMA25READ.a(isr_eoc.o)
                              .\CortexM3\ARM_GCC_541\Debug\main.o (isr_eoc_StartEx)
.\CortexM3\ARM_GCC_541\Debug\DMA25READ.a(Timer_1.o)
                              .\CortexM3\ARM_GCC_541\Debug\main.o (Timer_1_WritePeriod)
.\CortexM3\ARM_GCC_541\Debug\DMA25READ.a(DMA_1_dma.o)
                              .\CortexM3\ARM_GCC_541\Debug\main.o (DMA_1_DmaInitialize)
.\CortexM3\ARM_GCC_541\Debug\DMA25READ.a(DB8.o)
                              .\CortexM3\ARM_GCC_541\Debug\main.o (DB8_Write)
.\CortexM3\ARM_GCC_541\Debug\DMA25READ.a(CyBootAsmGnu.o)
                              .\CortexM3\ARM_GCC_541\Debug\cyfitter_cfg.o (CyDelayCycles)
.\CortexM3\ARM_GCC_541\Debug\DMA25READ.a(USBUART_cls.o)
                              .\CortexM3\ARM_GCC_541\Debug\DMA25READ.a(USBUART_drv.o) (USBUART_DispatchClassRqst)
.\CortexM3\ARM_GCC_541\Debug\DMA25READ.a(USBUART_descr.o)
                              .\CortexM3\ARM_GCC_541\Debug\DMA25READ.a(USBUART_std.o) (USBUART_DEVICE0_DESCR)
.\CortexM3\ARM_GCC_541\Debug\DMA25READ.a(CyFlash.o)
                              .\CortexM3\ARM_GCC_541\Debug\DMA25READ.a(cyPm.o) (CyFlash_SetWaitCycles)
.\CortexM3\ARM_GCC_541\Debug\DMA25READ.a(CySpc.o)
                              .\CortexM3\ARM_GCC_541\Debug\DMA25READ.a(CyFlash.o) (CySpcStart)
c:/program files (x86)/cypress/psoc creator/4.2/psoc creator/import/gnu/arm/5.4.1/bin/../lib/gcc/arm-none-eabi/5.4.1/armv7-m\libgcc.a(_arm_addsubsf3.o)
                              .\CortexM3\ARM_GCC_541\Debug\main.o (__aeabi_i2f)
c:/program files (x86)/cypress/psoc creator/4.2/psoc creator/import/gnu/arm/5.4.1/bin/../lib/gcc/arm-none-eabi/5.4.1/armv7-m\libgcc.a(_arm_muldivsf3.o)
                              .\CortexM3\ARM_GCC_541\Debug\DMA25READ.a(ADC_SAR.o) (__aeabi_fmul)
c:/program files (x86)/cypress/psoc creator/4.2/psoc creator/import/gnu/arm/5.4.1/bin/../lib/gcc/arm-none-eabi/5.4.1/armv7-m\libgcc.a(_arm_cmpsf2.o)
                              .\CortexM3\ARM_GCC_541\Debug\main.o (__aeabi_fcmplt)
c:/program files (x86)/cypress/psoc creator/4.2/psoc creator/import/gnu/arm/5.4.1/bin/../lib/gcc/arm-none-eabi/5.4.1/armv7-m\libgcc.a(_arm_fixunssfsi.o)
                              .\CortexM3\ARM_GCC_541\Debug\main.o (__aeabi_f2uiz)
[...]
Memory Configuration

Name             Origin             Length             Attributes
rom              0x00000000         0x00040000         xr
ram              0x1fff8000         0x00010000         xrw
*default*        0x00000000         0xffffffff

Linker script and memory map

LOAD c:/program files (x86)/cypress/psoc creator/4.2/psoc creator/import/gnu/arm/5.4.1/bin/../lib/gcc/arm-none-eabi/5.4.1/armv7-m/crti.o
LOAD c:/program files (x86)/cypress/psoc creator/4.2/psoc creator/import/gnu/arm/5.4.1/bin/../lib/gcc/arm-none-eabi/5.4.1/armv7-m/crtbegin.o
LOAD c:/program files (x86)/cypress/psoc creator/4.2/psoc creator/import/gnu/arm/5.4.1/bin/../lib/gcc/arm-none-eabi/5.4.1/../../../../arm-none-eabi/lib/armv7-m/crt0.o
START GROUP
LOAD .\CortexM3\ARM_GCC_541\Debug\main.o
LOAD .\CortexM3\ARM_GCC_541\Debug\cyfitter_cfg.o
LOAD .\CortexM3\ARM_GCC_541\Debug\cymetadata.o
LOAD .\CortexM3\ARM_GCC_541\Debug\Cm3Start.o
LOAD .\CortexM3\ARM_GCC_541\Debug\DMA25READ.a
LOAD C:\Program Files (x86)\Cypress\PSoC Creator\4.2\PSoC Creator\psoc\content\cycomponentlibrary\CyComponentLibrary.cylib\CortexM3\ARM_GCC_541\Debug\CyComponentLibrary.a
LOAD c:/program files (x86)/cypress/psoc creator/4.2/psoc creator/import/gnu/arm/5.4.1/bin/../lib/gcc/arm-none-eabi/5.4.1/../../../../arm-none-eabi/lib/armv7-m\libm.a
END GROUP
START GROUP
LOAD c:/program files (x86)/cypress/psoc creator/4.2/psoc creator/import/gnu/arm/5.4.1/bin/../lib/gcc/arm-none-eabi/5.4.1/armv7-m\libgcc.a
LOAD c:/program files (x86)/cypress/psoc creator/4.2/psoc creator/import/gnu/arm/5.4.1/bin/../lib/gcc/arm-none-eabi/5.4.1/../../../../arm-none-eabi/lib/armv7-m\libg_nano.a
LOAD c:/program files (x86)/cypress/psoc creator/4.2/psoc creator/import/gnu/arm/5.4.1/bin/../lib/gcc/arm-none-eabi/5.4.1/../../../../arm-none-eabi/lib/armv7-m\libc_nano.a
END GROUP
START GROUP
LOAD c:/program files (x86)/cypress/psoc creator/4.2/psoc creator/import/gnu/arm/5.4.1/bin/../lib/gcc/arm-none-eabi/5.4.1/armv7-m\libgcc.a
LOAD c:/program files (x86)/cypress/psoc creator/4.2/psoc creator/import/gnu/arm/5.4.1/bin/../lib/gcc/arm-none-eabi/5.4.1/../../../../arm-none-eabi/lib/armv7-m\libc_nano.a
END GROUP
LOAD c:/program files (x86)/cypress/psoc creator/4.2/psoc creator/import/gnu/arm/5.4.1/bin/../lib/gcc/arm-none-eabi/5.4.1/armv7-m/crtend.o
LOAD c:/program files (x86)/cypress/psoc creator/4.2/psoc creator/import/gnu/arm/5.4.1/bin/../lib/gcc/arm-none-eabi/5.4.1/armv7-m/crtn.o
START GROUP
LOAD c:/program files (x86)/cypress/psoc creator/4.2/psoc creator/import/gnu/arm/5.4.1/bin/../lib/gcc/arm-none-eabi/5.4.1/armv7-m\libgcc.a
LOAD c:/program files (x86)/cypress/psoc creator/4.2/psoc creator/import/gnu/arm/5.4.1/bin/../lib/gcc/arm-none-eabi/5.4.1/../../../../arm-none-eabi/lib/armv7-m\libc.a
LOAD c:/program files (x86)/cypress/psoc creator/4.2/psoc creator/import/gnu/arm/5.4.1/bin/../lib/gcc/arm-none-eabi/5.4.1/../../../../arm-none-eabi/lib/armv7-m\libnosys.a
END GROUP
                0x00000000                CY_APPL_ORIGIN = 0x0
                0x00000100                CY_FLASH_ROW_SIZE = 0x100
                0x00000020                CY_ECC_ROW_SIZE = 0x20
                0x00000000                CY_EE_IN_BTLDR = 0x0
                0x00000000                CY_APPL_LOADABLE = 0x0
                0x00000800                CY_EE_SIZE = 0x800
                0x00000001                CY_APPL_NUM = 0x1
                0x00000001                CY_APPL_MAX = 0x1
                0x00000040                CY_METADATA_SIZE = 0x40
                0x00000000                CY_APPL_LOADABLE = 0x0
                0x00000000                CY_CHECKSUM_EXCLUDE_SIZE = ALIGN (0x0, CY_FLASH_ROW_SIZE)
                [!provide]                PROVIDE (__cy_heap_start, _end)
                0x00000001                PROVIDE (__cy_region_num, ((__cy_regions_end - __cy_regions) / 0x10))
                0x20008000                PROVIDE (__cy_stack, (ORIGIN (ram) + LENGTH (ram)))
                [!provide]                PROVIDE (__cy_heap_end, (__cy_stack - 0x800))

.cybootloader   0x00000000        0x0
 *(.cybootloader)
                0x00000000                appl1_start = CY_APPL_ORIGIN?CY_APPL_ORIGIN:ALIGN (CY_FLASH_ROW_SIZE)
                0x0001ff00                appl2_start = (appl1_start + ALIGN ((((LENGTH (rom) - appl1_start) - (0x2 * CY_FLASH_ROW_SIZE)) / 0x2), CY_FLASH_ROW_SIZE))
                0x00000000                appl_start = (CY_APPL_NUM == 0x1)?appl1_start:appl2_start
                0x00000000                ecc_offset = ((appl_start / CY_FLASH_ROW_SIZE) * CY_ECC_ROW_SIZE)
                0x00000000                ee_offset = (CY_APPL_LOADABLE && ! (CY_EE_IN_BTLDR))?((CY_EE_SIZE / CY_APPL_MAX) * (CY_APPL_NUM - 0x1)):0x0
                0x00000800                ee_size = (CY_APPL_LOADABLE && ! (CY_EE_IN_BTLDR))?(CY_EE_SIZE / CY_APPL_MAX):CY_EE_SIZE
                [!provide]                PROVIDE (CY_ECC_OFFSET, ecc_offset)

.text           0x00000000     0x6d80
 CREATE_OBJECT_SYMBOLS
                0x00000000                PROVIDE (__cy_interrupt_vector, RomVectors)
 *(.romvectors)
 .romvectors    0x00000000       0x10 .\CortexM3\ARM_GCC_541\Debug\Cm3Start.o
                0x00000000                RomVectors
                0x00000001                ASSERT ((. != __cy_interrupt_vector), No interrupt vector)
                0x00000001                ASSERT (CY_APPL_ORIGIN?(SIZEOF (.cybootloader) <= CY_APPL_ORIGIN):0x1, Wrong image location)
                0x00000010                PROVIDE (__cy_reset, Reset)
 *(.text.Reset)
 .text.Reset    0x00000010       0x18 .\CortexM3\ARM_GCC_541\Debug\Cm3Start.o
                0x00000010                Reset
                0x00000001                ASSERT ((. != __cy_reset), No reset code)
 *(.dma_init)
                0x00000001                ASSERT ((((appl_start + .) <= 0x10000) || 0x1), DMA Init must be within the first 64k of flash)
 *(.text .text.* .gnu.linkonce.t.*)
 .text          0x00000028       0x5c c:/program files (x86)/cypress/psoc creator/4.2/psoc creator/import/gnu/arm/5.4.1/bin/../lib/gcc/arm-none-eabi/5.4.1/armv7-m/crtbegin.o
 .text.ADC_READ
                0x00000084       0x20 .\CortexM3\ARM_GCC_541\Debug\main.o
                0x00000084                ADC_READ
 .text.main     0x000000a4      0x4d8 .\CortexM3\ARM_GCC_541\Debug\main.o
                0x000000a4                main
 .text.usbPutString
                0x0000057c       0x40 .\CortexM3\ARM_GCC_541\Debug\main.o
                0x0000057c                usbPutString
 .text.usbPutBin
                0x000005bc       0x44 .\CortexM3\ARM_GCC_541\Debug\main.o
                0x000005bc                usbPutBin
 .text.handle_usb
                0x00000600       0xc8 .\CortexM3\ARM_GCC_541\Debug\main.o
                0x00000600                handle_usb
 .text.init_dma_1_CHAINED
                0x000006c8      0x488 .\CortexM3\ARM_GCC_541\Debug\main.o
                0x000006c8                init_dma_1_CHAINED
 .text.CYMEMZERO
                0x00000b50       0x1c .\CortexM3\ARM_GCC_541\Debug\cyfitter_cfg.o
 .text.CYCONFIGCPY
                0x00000b6c       0x20 .\CortexM3\ARM_GCC_541\Debug\cyfitter_cfg.o
 .text.CyClockStartupError
                0x00000b8c        0xc .\CortexM3\ARM_GCC_541\Debug\cyfitter_cfg.o
 .text.cfg_write_bytes32
                0x00000b98       0x74 .\CortexM3\ARM_GCC_541\Debug\cyfitter_cfg.o
 .text.ClockSetup
                0x00000c0c      0x104 .\CortexM3\ARM_GCC_541\Debug\cyfitter_cfg.o
 .text.AnalogSetDefault
                0x00000d10       0xe4 .\CortexM3\ARM_GCC_541\Debug\cyfitter_cfg.o
 .text.cyfitter_cfg
                0x00000df4      0x190 .\CortexM3\ARM_GCC_541\Debug\cyfitter_cfg.o
                0x00000df4                cyfitter_cfg
 .text.IntDefaultHandler
                0x00000f84       0x14 .\CortexM3\ARM_GCC_541\Debug\Cm3Start.o
                0x00000f84                IntDefaultHandler
 .text._sbrk    0x00000f98       0x50 .\CortexM3\ARM_GCC_541\Debug\Cm3Start.o
                0x00000f98                _sbrk
 .text.Start_c  0x00000fe8       0x98 .\CortexM3\ARM_GCC_541\Debug\Cm3Start.o
                0x00000fe8                Start_c
 .text.initialize_psoc
                0x00001080       0x94 .\CortexM3\ARM_GCC_541\Debug\Cm3Start.o
                0x00001080                initialize_psoc
 .text.ADC_Init
                0x00001114       0x50 .\CortexM3\ARM_GCC_541\Debug\DMA25READ.a(ADC.o)
                0x00001114                ADC_Init
 .text.ADC_Enable
                0x00001164      0x130 .\CortexM3\ARM_GCC_541\Debug\DMA25READ.a(ADC.o)
                0x00001164                ADC_Enable
 .text.ADC_Start
                0x00001294       0x30 .\CortexM3\ARM_GCC_541\Debug\DMA25READ.a(ADC.o)
                0x00001294                ADC_Start
 .text.ADC_GetResult16
                0x000012c4       0x38 .\CortexM3\ARM_GCC_541\Debug\DMA25READ.a(ADC.o)
                0x000012c4                ADC_GetResult16
 .text.ADC_ISR  0x000012fc        0xc .\CortexM3\ARM_GCC_541\Debug\DMA25READ.a(ADC_INT.o)
                0x000012fc                ADC_ISR
 .text.USBUART_Start
                0x00001308       0x3c .\CortexM3\ARM_GCC_541\Debug\DMA25READ.a(USBUART.o)
                0x00001308                USBUART_Start
 .text.USBUART_Init
                0x00001344      0x1a4 .\CortexM3\ARM_GCC_541\Debug\DMA25READ.a(USBUART.o)
                0x00001344                USBUART_Init
 .text.USBUART_InitComponent
                0x000014e8      0x100 .\CortexM3\ARM_GCC_541\Debug\DMA25READ.a(USBUART.o)
                0x000014e8                USBUART_InitComponent
 .text.USBUART_ReInitComponent
                0x000015e8       0x68 .\CortexM3\ARM_GCC_541\Debug\DMA25READ.a(USBUART.o)
                0x000015e8                USBUART_ReInitComponent
 .text.USBUART_GetConfiguration
                0x00001650       0x18 .\CortexM3\ARM_GCC_541\Debug\DMA25READ.a(USBUART.o)
                0x00001650                USBUART_GetConfiguration
 .text.USBUART_GetEPState
                0x00001668       0x2c .\CortexM3\ARM_GCC_541\Debug\DMA25READ.a(USBUART.o)
                0x00001668                USBUART_GetEPState
 .text.USBUART_GetEPCount
                0x00001694       0x60 .\CortexM3\ARM_GCC_541\Debug\DMA25READ.a(USBUART.o)
                0x00001694                USBUART_GetEPCount
 .text.USBUART_LoadInEP
                0x000016f4      0x108 .\CortexM3\ARM_GCC_541\Debug\DMA25READ.a(USBUART.o)
                0x000016f4                USBUART_LoadInEP
 .text.USBUART_ReadOutEP
                0x000017fc       0x8c .\CortexM3\ARM_GCC_541\Debug\DMA25READ.a(USBUART.o)
                0x000017fc                USBUART_ReadOutEP
 .text.USBUART_EnableOutEP
                0x00001888       0x5c .\CortexM3\ARM_GCC_541\Debug\DMA25READ.a(USBUART.o)
                0x00001888                USBUART_EnableOutEP
 .text.USBUART_DispatchCDCClassRqst
                0x000018e4       0xe4 .\CortexM3\ARM_GCC_541\Debug\DMA25READ.a(USBUART_cdc.o)
                0x000018e4                USBUART_DispatchCDCClassRqst
 .text.USBUART_GetInterfaceComPort
                0x000019c8       0x60 .\CortexM3\ARM_GCC_541\Debug\DMA25READ.a(USBUART_cdc.o)
                0x000019c8                USBUART_GetInterfaceComPort
 .text.USBUART_CDC_Init
                0x00001a28       0xa8 .\CortexM3\ARM_GCC_541\Debug\DMA25READ.a(USBUART_cdc.o)
                0x00001a28                USBUART_CDC_Init
 .text.USBUART_PutData
                0x00001ad0       0x6c .\CortexM3\ARM_GCC_541\Debug\DMA25READ.a(USBUART_cdc.o)
                0x00001ad0                USBUART_PutData
 .text.USBUART_PutChar
                0x00001b3c       0x38 .\CortexM3\ARM_GCC_541\Debug\DMA25READ.a(USBUART_cdc.o)
                0x00001b3c                USBUART_PutChar
 .text.USBUART_DataIsReady
                0x00001b74       0x24 .\CortexM3\ARM_GCC_541\Debug\DMA25READ.a(USBUART_cdc.o)
                0x00001b74                USBUART_DataIsReady
 .text.USBUART_CDCIsReady
                0x00001b98       0x24 .\CortexM3\ARM_GCC_541\Debug\DMA25READ.a(USBUART_cdc.o)
                0x00001b98                USBUART_CDCIsReady
 .text.USBUART_GetChar
                0x00001bbc       0x30 .\CortexM3\ARM_GCC_541\Debug\DMA25READ.a(USBUART_cdc.o)
                0x00001bbc                USBUART_GetChar
 .text.USBUART_Cdc_EpInit
                0x00001bec       0x90 .\CortexM3\ARM_GCC_541\Debug\DMA25READ.a(USBUART_cdc.o)
                0x00001bec                USBUART_Cdc_EpInit
 .text.USBUART_EP_0_ISR
                0x00001c7c       0xf8 .\CortexM3\ARM_GCC_541\Debug\DMA25READ.a(USBUART_drv.o)
                0x00001c7c                USBUART_EP_0_ISR
 .text.USBUART_HandleSetup
                0x00001d74       0x88 .\CortexM3\ARM_GCC_541\Debug\DMA25READ.a(USBUART_drv.o)
                0x00001d74                USBUART_HandleSetup
 .text.USBUART_HandleIN
                0x00001dfc       0x4c .\CortexM3\ARM_GCC_541\Debug\DMA25READ.a(USBUART_drv.o)
                0x00001dfc                USBUART_HandleIN
 .text.USBUART_HandleOUT
                0x00001e48       0x58 .\CortexM3\ARM_GCC_541\Debug\DMA25READ.a(USBUART_drv.o)
                0x00001e48                USBUART_HandleOUT
 .text.USBUART_LoadEP0
                0x00001ea0       0xd0 .\CortexM3\ARM_GCC_541\Debug\DMA25READ.a(USBUART_drv.o)
                0x00001ea0                USBUART_LoadEP0
 .text.USBUART_InitControlRead
                0x00001f70       0x70 .\CortexM3\ARM_GCC_541\Debug\DMA25READ.a(USBUART_drv.o)
                0x00001f70                USBUART_InitControlRead
 .text.USBUART_InitZeroLengthControlTransfer
                0x00001fe0       0x40 .\CortexM3\ARM_GCC_541\Debug\DMA25READ.a(USBUART_drv.o)
                0x00001fe0                USBUART_InitZeroLengthControlTransfer
 .text.USBUART_ControlReadDataStage
                0x00002020        0xc .\CortexM3\ARM_GCC_541\Debug\DMA25READ.a(USBUART_drv.o)
                0x00002020                USBUART_ControlReadDataStage
 .text.USBUART_ControlReadStatusStage
                0x0000202c       0x40 .\CortexM3\ARM_GCC_541\Debug\DMA25READ.a(USBUART_drv.o)
                0x0000202c                USBUART_ControlReadStatusStage
 .text.USBUART_InitControlWrite
                0x0000206c       0x64 .\CortexM3\ARM_GCC_541\Debug\DMA25READ.a(USBUART_drv.o)
                0x0000206c                USBUART_InitControlWrite
 .text.USBUART_ControlWriteDataStage
                0x000020d0       0xb4 .\CortexM3\ARM_GCC_541\Debug\DMA25READ.a(USBUART_drv.o)
                0x000020d0                USBUART_ControlWriteDataStage
 .text.USBUART_ControlWriteStatusStage
                0x00002184       0x24 .\CortexM3\ARM_GCC_541\Debug\DMA25READ.a(USBUART_drv.o)
                0x00002184                USBUART_ControlWriteStatusStage
 .text.USBUART_InitNoDataControlTransfer
                0x000021a8       0x38 .\CortexM3\ARM_GCC_541\Debug\DMA25READ.a(USBUART_drv.o)
                0x000021a8                USBUART_InitNoDataControlTransfer
 .text.USBUART_NoDataControlStatusStage
                0x000021e0       0x4c .\CortexM3\ARM_GCC_541\Debug\DMA25READ.a(USBUART_drv.o)
                0x000021e0                USBUART_NoDataControlStatusStage
 .text.USBUART_UpdateStatusBlock
                0x0000222c       0x40 .\CortexM3\ARM_GCC_541\Debug\DMA25READ.a(USBUART_drv.o)
                0x0000222c                USBUART_UpdateStatusBlock
 .text.USBUART_InitializeStatusBlock
                0x0000226c       0x34 .\CortexM3\ARM_GCC_541\Debug\DMA25READ.a(USBUART_drv.o)
                0x0000226c                USBUART_InitializeStatusBlock
 .text.USBUART_EP_1_ISR
                0x000022a0       0x48 .\CortexM3\ARM_GCC_541\Debug\DMA25READ.a(USBUART_episr.o)
                0x000022a0                USBUART_EP_1_ISR
 .text.USBUART_EP_2_ISR
                0x000022e8       0x4c .\CortexM3\ARM_GCC_541\Debug\DMA25READ.a(USBUART_episr.o)
                0x000022e8                USBUART_EP_2_ISR
 .text.USBUART_EP_3_ISR
                0x00002334       0x54 .\CortexM3\ARM_GCC_541\Debug\DMA25READ.a(USBUART_episr.o)
                0x00002334                USBUART_EP_3_ISR
 .text.USBUART_SOF_ISR
                0x00002388        0xc .\CortexM3\ARM_GCC_541\Debug\DMA25READ.a(USBUART_episr.o)
                0x00002388                USBUART_SOF_ISR
 .text.USBUART_BUS_RESET_ISR
                0x00002394        0xc .\CortexM3\ARM_GCC_541\Debug\DMA25READ.a(USBUART_episr.o)
                0x00002394                USBUART_BUS_RESET_ISR
 .text.USBUART_DP_ISR
                0x000023a0        0xc .\CortexM3\ARM_GCC_541\Debug\DMA25READ.a(USBUART_pm.o)
                0x000023a0                USBUART_DP_ISR
 .text.USBUART_HandleStandardRqst
                0x000023ac      0x4a4 .\CortexM3\ARM_GCC_541\Debug\DMA25READ.a(USBUART_std.o)
                0x000023ac                USBUART_HandleStandardRqst
 .text.USBUART_ReadDieID
                0x00002850       0xd8 .\CortexM3\ARM_GCC_541\Debug\DMA25READ.a(USBUART_std.o)
                0x00002850                USBUART_ReadDieID
 .text.USBUART_ConfigReg
                0x00002928      0x138 .\CortexM3\ARM_GCC_541\Debug\DMA25READ.a(USBUART_std.o)
                0x00002928                USBUART_ConfigReg
 .text.USBUART_Config
                0x00002a60      0x3a4 .\CortexM3\ARM_GCC_541\Debug\DMA25READ.a(USBUART_std.o)
                0x00002a60                USBUART_Config
 .text.USBUART_ConfigAltChanged
                0x00002e04      0x25c .\CortexM3\ARM_GCC_541\Debug\DMA25READ.a(USBUART_std.o)
                0x00002e04                USBUART_ConfigAltChanged
 .text.USBUART_GetConfigTablePtr
                0x00003060       0x50 .\CortexM3\ARM_GCC_541\Debug\DMA25READ.a(USBUART_std.o)
                0x00003060                USBUART_GetConfigTablePtr
 .text.USBUART_GetDeviceTablePtr
                0x000030b0       0x24 .\CortexM3\ARM_GCC_541\Debug\DMA25READ.a(USBUART_std.o)
                0x000030b0                USBUART_GetDeviceTablePtr
 .text.USBUART_GetInterfaceClassTablePtr
                0x000030d4       0x4c .\CortexM3\ARM_GCC_541\Debug\DMA25READ.a(USBUART_std.o)
                0x000030d4                USBUART_GetInterfaceClassTablePtr
 .text.USBUART_SetEndpointHalt
                0x00003120       0xe8 .\CortexM3\ARM_GCC_541\Debug\DMA25READ.a(USBUART_std.o)
                0x00003120                USBUART_SetEndpointHalt
 .text.USBUART_ClearEndpointHalt
                0x00003208      0x158 .\CortexM3\ARM_GCC_541\Debug\DMA25READ.a(USBUART_std.o)
                0x00003208                USBUART_ClearEndpointHalt
 .text.USBUART_ValidateAlternateSetting
                0x00003360       0x70 .\CortexM3\ARM_GCC_541\Debug\DMA25READ.a(USBUART_std.o)
                0x00003360                USBUART_ValidateAlternateSetting
 .text.USBUART_HandleVendorRqst
                0x000033d0       0x54 .\CortexM3\ARM_GCC_541\Debug\DMA25READ.a(USBUART_vnd.o)
                0x000033d0                USBUART_HandleVendorRqst
 .text.ADC_SAR_Start
                0x00003424       0x24 .\CortexM3\ARM_GCC_541\Debug\DMA25READ.a(ADC_SAR.o)
                0x00003424                ADC_SAR_Start
 .text.ADC_SAR_Init
                0x00003448       0x2c .\CortexM3\ARM_GCC_541\Debug\DMA25READ.a(ADC_SAR.o)
                0x00003448                ADC_SAR_Init
 .text.ADC_SAR_Enable
                0x00003474       0xc4 .\CortexM3\ARM_GCC_541\Debug\DMA25READ.a(ADC_SAR.o)
                0x00003474                ADC_SAR_Enable
 .text.ADC_SAR_SetResolution
                0x00003538       0x54 .\CortexM3\ARM_GCC_541\Debug\DMA25READ.a(ADC_SAR.o)
                0x00003538                ADC_SAR_SetResolution
 .text.ADC_SAR_CalcGain
                0x0000358c       0x80 .\CortexM3\ARM_GCC_541\Debug\DMA25READ.a(ADC_SAR.o)
 .text.ADC_TempBuf_DmaInitialize
                0x0000360c       0x64 .\CortexM3\ARM_GCC_541\Debug\DMA25READ.a(ADC_TempBuf_dma.o)
                0x0000360c                ADC_TempBuf_DmaInitialize
 .text.ADC_FinalBuf_DmaInitialize
                0x00003670       0x64 .\CortexM3\ARM_GCC_541\Debug\DMA25READ.a(ADC_FinalBuf_dma.o)
                0x00003670                ADC_FinalBuf_DmaInitialize
 .text.ADC_IRQ_SetVector
                0x000036d4       0x24 .\CortexM3\ARM_GCC_541\Debug\DMA25READ.a(ADC_IRQ.o)
                0x000036d4                ADC_IRQ_SetVector
 .text.ADC_IRQ_SetPriority
                0x000036f8       0x24 .\CortexM3\ARM_GCC_541\Debug\DMA25READ.a(ADC_IRQ.o)
                0x000036f8                ADC_IRQ_SetPriority
 .text.USBUART_Dp_ClearInterrupt
                0x0000371c       0x20 .\CortexM3\ARM_GCC_541\Debug\DMA25READ.a(USBUART_Dp.o)
                0x0000371c                USBUART_Dp_ClearInterrupt
 .text.CyDmacConfigure
                0x0000373c       0x5c .\CortexM3\ARM_GCC_541\Debug\DMA25READ.a(CyDmac.o)
                0x0000373c                CyDmacConfigure
 .text.CyDmaChEnable
                0x00003798       0x8c .\CortexM3\ARM_GCC_541\Debug\DMA25READ.a(CyDmac.o)
                0x00003798                CyDmaChEnable
 .text.CyDmaClearPendingDrq
                0x00003824       0x60 .\CortexM3\ARM_GCC_541\Debug\DMA25READ.a(CyDmac.o)
                0x00003824                CyDmaClearPendingDrq
 .text.CyDmaChPriority
                0x00003884       0x64 .\CortexM3\ARM_GCC_541\Debug\DMA25READ.a(CyDmac.o)
                0x00003884                CyDmaChPriority
 .text.CyDmaChSetExtendedAddress
                0x000038e8       0x78 .\CortexM3\ARM_GCC_541\Debug\DMA25READ.a(CyDmac.o)
                0x000038e8                CyDmaChSetExtendedAddress
 .text.CyDmaChSetInitialTd
                0x00003960       0x3c .\CortexM3\ARM_GCC_541\Debug\DMA25READ.a(CyDmac.o)
                0x00003960                CyDmaChSetInitialTd
 .text.CyDmaChSetConfiguration
                0x0000399c       0xa0 .\CortexM3\ARM_GCC_541\Debug\DMA25READ.a(CyDmac.o)
                0x0000399c                CyDmaChSetConfiguration
 .text.CyDmaTdAllocate
                0x00003a3c       0x5c .\CortexM3\ARM_GCC_541\Debug\DMA25READ.a(CyDmac.o)
                0x00003a3c                CyDmaTdAllocate
 .text.CyDmaTdSetConfiguration
                0x00003a98       0x80 .\CortexM3\ARM_GCC_541\Debug\DMA25READ.a(CyDmac.o)
                0x00003a98                CyDmaTdSetConfiguration
 .text.CyDmaTdSetAddress
                0x00003b18       0x5c .\CortexM3\ARM_GCC_541\Debug\DMA25READ.a(CyDmac.o)
                0x00003b18                CyDmaTdSetAddress
 .text.CyHalt   0x00003b74       0x18 .\CortexM3\ARM_GCC_541\Debug\DMA25READ.a(CyLib.o)
                0x00003b74                CyHalt
 .text.CyDelayUs
                0x00003b8c       0x28 .\CortexM3\ARM_GCC_541\Debug\DMA25READ.a(CyLib.o)
                0x00003b8c                CyDelayUs
 .text.CyIntSetVector
                0x00003bb4       0x50 .\CortexM3\ARM_GCC_541\Debug\DMA25READ.a(CyLib.o)
                0x00003bb4                CyIntSetVector
 .text.CyIntSetPriority
                0x00003c04       0x48 .\CortexM3\ARM_GCC_541\Debug\DMA25READ.a(CyLib.o)
                0x00003c04                CyIntSetPriority
 .text.CyGetUniqueId
                0x00003c4c       0xc4 .\CortexM3\ARM_GCC_541\Debug\DMA25READ.a(CyLib.o)
                0x00003c4c                CyGetUniqueId
 .text.isr_eoc_StartEx
                0x00003d10       0x24 .\CortexM3\ARM_GCC_541\Debug\DMA25READ.a(isr_eoc.o)
                0x00003d10                isr_eoc_StartEx
 .text.isr_eoc_SetVector
                0x00003d34       0x24 .\CortexM3\ARM_GCC_541\Debug\DMA25READ.a(isr_eoc.o)
                0x00003d34                isr_eoc_SetVector
 .text.isr_eoc_SetPriority
                0x00003d58       0x24 .\CortexM3\ARM_GCC_541\Debug\DMA25READ.a(isr_eoc.o)
                0x00003d58                isr_eoc_SetPriority
 .text.isr_eoc_Enable
                0x00003d7c       0x18 .\CortexM3\ARM_GCC_541\Debug\DMA25READ.a(isr_eoc.o)
                0x00003d7c                isr_eoc_Enable
 .text.isr_eoc_Disable
                0x00003d94       0x18 .\CortexM3\ARM_GCC_541\Debug\DMA25READ.a(isr_eoc.o)
                0x00003d94                isr_eoc_Disable
 .text.Timer_1_Init
                0x00003dac       0xa0 .\CortexM3\ARM_GCC_541\Debug\DMA25READ.a(Timer_1.o)
                0x00003dac                Timer_1_Init
 .text.Timer_1_Enable
                0x00003e4c       0x48 .\CortexM3\ARM_GCC_541\Debug\DMA25READ.a(Timer_1.o)
                0x00003e4c                Timer_1_Enable
 .text.Timer_1_Start
                0x00003e94       0x24 .\CortexM3\ARM_GCC_541\Debug\DMA25READ.a(Timer_1.o)
                0x00003e94                Timer_1_Start
 .text.Timer_1_SetInterruptMode
                0x00003eb8       0x20 .\CortexM3\ARM_GCC_541\Debug\DMA25READ.a(Timer_1.o)
                0x00003eb8                Timer_1_SetInterruptMode
 .text.Timer_1_WritePeriod
                0x00003ed8       0x24 .\CortexM3\ARM_GCC_541\Debug\DMA25READ.a(Timer_1.o)
                0x00003ed8                Timer_1_WritePeriod
 .text.Timer_1_WriteCounter
                0x00003efc       0x20 .\CortexM3\ARM_GCC_541\Debug\DMA25READ.a(Timer_1.o)
                0x00003efc                Timer_1_WriteCounter
 .text.DMA_1_DmaInitialize
                0x00003f1c       0x64 .\CortexM3\ARM_GCC_541\Debug\DMA25READ.a(DMA_1_dma.o)
                0x00003f1c                DMA_1_DmaInitialize
 .text.DB8_Write
                0x00003f80       0x38 .\CortexM3\ARM_GCC_541\Debug\DMA25READ.a(DB8.o)
                0x00003f80                DB8_Write
 .text          0x00003fb8       0x20 .\CortexM3\ARM_GCC_541\Debug\DMA25READ.a(CyBootAsmGnu.o)
                0x00003fb8                CyDelayCycles
                0x00003fc8                CyEnterCriticalSection
                0x00003fd0                CyExitCriticalSection
 .text.USBUART_DispatchClassRqst
                0x00003fd8       0x84 .\CortexM3\ARM_GCC_541\Debug\DMA25READ.a(USBUART_cls.o)
                0x00003fd8                USBUART_DispatchClassRqst
 .text          0x0000405c      0x21c c:/program files (x86)/cypress/psoc creator/4.2/psoc creator/import/gnu/arm/5.4.1/bin/../lib/gcc/arm-none-eabi/5.4.1/armv7-m\libgcc.a(_arm_addsubsf3.o)
                0x0000405c                __aeabi_frsub
                0x00004064                __subsf3
                0x00004064                __aeabi_fsub
                0x00004068                __aeabi_fadd
                0x00004068                __addsf3
                0x000041c8                __aeabi_ui2f
                0x000041c8                __floatunsisf
                0x000041d0                __aeabi_i2f
                0x000041d0                __floatsisf
                0x000041ec                __aeabi_ul2f
                0x000041ec                __floatundisf
                0x000041fc                __aeabi_l2f
                0x000041fc                __floatdisf
 .text          0x00004278       0xec c:/program files (x86)/cypress/psoc creator/4.2/psoc creator/import/gnu/arm/5.4.1/bin/../lib/gcc/arm-none-eabi/5.4.1/armv7-m\libgcc.a(_arm_cmpsf2.o)
                0x00004278                __gesf2
                0x00004278                __gtsf2
                0x00004280                __lesf2
                0x00004280                __ltsf2
                0x00004288                __nesf2
                0x00004288                __eqsf2
                0x00004288                __cmpsf2
                0x000042e8                __aeabi_cfrcmple
                0x000042f0                __aeabi_cfcmpeq
                0x000042f0                __aeabi_cfcmple
                0x00004300                __aeabi_fcmpeq
                0x00004314                __aeabi_fcmplt
                0x00004328                __aeabi_fcmple
                0x0000433c                __aeabi_fcmpge
                0x00004350                __aeabi_fcmpgt
 .text          0x00004364       0x40 c:/program files (x86)/cypress/psoc creator/4.2/psoc creator/import/gnu/arm/5.4.1/bin/../lib/gcc/arm-none-eabi/5.4.1/armv7-m\libgcc.a(_arm_fixunssfsi.o)
                0x00004364                __fixunssfsi
                0x00004364                __aeabi_f2uiz
 .text.__errno  0x000043a4        0xc c:/program files (x86)/cypress/psoc creator/4.2/psoc creator/import/gnu/arm/5.4.1/bin/../lib/gcc/arm-none-eabi/5.4.1/../../../../arm-none-eabi/lib/armv7-m\libg_nano.a(lib_a-errno.o)
                0x000043a4                __errno
 .text.__libc_init_array
                0x000043b0       0x4c c:/program files (x86)/cypress/psoc creator/4.2/psoc creator/import/gnu/arm/5.4.1/bin/../lib/gcc/arm-none-eabi/5.4.1/../../../../arm-none-eabi/lib/armv7-m\libg_nano.a(lib_a-init.o)
                0x000043b0                __libc_init_array
 .text.memcpy   0x000043fc       0x16 c:/program files (x86)/cypress/psoc creator/4.2/psoc creator/import/gnu/arm/5.4.1/bin/../lib/gcc/arm-none-eabi/5.4.1/../../../../arm-none-eabi/lib/armv7-m\libg_nano.a(lib_a-memcpy-stub.o)
                0x000043fc                memcpy
 .text.memset   0x00004412       0x10 c:/program files (x86)/cypress/psoc creator/4.2/psoc creator/import/gnu/arm/5.4.1/bin/../lib/gcc/arm-none-eabi/5.4.1/../../../../arm-none-eabi/lib/armv7-m\libg_nano.a(lib_a-memset.o)
                0x00004412                memset
 .text.__cvt    0x00004422       0xc0 c:/program files (x86)/cypress/psoc creator/4.2/psoc creator/import/gnu/arm/5.4.1/bin/../lib/gcc/arm-none-eabi/5.4.1/../../../../arm-none-eabi/lib/armv7-m\libg_nano.a(lib_a-nano-vfprintf_float.o)
                0x00004422                __cvt
 .text.__exponent
                0x000044e2       0x62 c:/program files (x86)/cypress/psoc creator/4.2/psoc creator/import/gnu/arm/5.4.1/bin/../lib/gcc/arm-none-eabi/5.4.1/../../../../arm-none-eabi/lib/armv7-m\libg_nano.a(lib_a-nano-vfprintf_float.o)
                0x000044e2                __exponent
 .text._printf_float
                0x00004544      0x488 c:/program files (x86)/cypress/psoc creator/4.2/psoc creator/import/gnu/arm/5.4.1/bin/../lib/gcc/arm-none-eabi/5.4.1/../../../../arm-none-eabi/lib/armv7-m\libg_nano.a(lib_a-nano-vfprintf_float.o)
                0x00004544                _printf_float
 .text._printf_common
                0x000049cc       0xec c:/program files (x86)/cypress/psoc creator/4.2/psoc creator/import/gnu/arm/5.4.1/bin/../lib/gcc/arm-none-eabi/5.4.1/../../../../arm-none-eabi/lib/armv7-m\libg_nano.a(lib_a-nano-vfprintf_i.o)
                0x000049cc                _printf_common
 .text._printf_i
                0x00004ab8      0x24c c:/program files (x86)/cypress/psoc creator/4.2/psoc creator/import/gnu/arm/5.4.1/bin/../lib/gcc/arm-none-eabi/5.4.1/../../../../arm-none-eabi/lib/armv7-m\libg_nano.a(lib_a-nano-vfprintf_i.o)
                0x00004ab8                _printf_i
 .text.sprintf  0x00004d04       0x48 c:/program files (x86)/cypress/psoc creator/4.2/psoc creator/import/gnu/arm/5.4.1/bin/../lib/gcc/arm-none-eabi/5.4.1/../../../../arm-none-eabi/lib/armv7-m\libg_nano.a(lib_a-sprintf.o)
                0x00004d04                siprintf
                0x00004d04                sprintf
 .text.strcpy   0x00004d4c       0x10 c:/program files (x86)/cypress/psoc creator/4.2/psoc creator/import/gnu/arm/5.4.1/bin/../lib/gcc/arm-none-eabi/5.4.1/../../../../arm-none-eabi/lib/armv7-m\libg_nano.a(lib_a-strcpy.o)
                0x00004d4c                strcpy
 .text          0x00004d5c       0x10 c:/program files (x86)/cypress/psoc creator/4.2/psoc creator/import/gnu/arm/5.4.1/bin/../lib/gcc/arm-none-eabi/5.4.1/../../../../arm-none-eabi/lib/armv7-m\libg_nano.a(lib_a-strlen.o)
                0x00004d5c                strlen
 .text.quorem   0x00004d6c      0x116 c:/program files (x86)/cypress/psoc creator/4.2/psoc creator/import/gnu/arm/5.4.1/bin/../lib/gcc/arm-none-eabi/5.4.1/../../../../arm-none-eabi/lib/armv7-m\libg_nano.a(lib_a-dtoa.o)
 *fill*         0x00004e82        0x6 
 .text._dtoa_r  0x00004e88      0xb30 c:/program files (x86)/cypress/psoc creator/4.2/psoc creator/import/gnu/arm/5.4.1/bin/../lib/gcc/arm-none-eabi/5.4.1/../../../../arm-none-eabi/lib/armv7-m\libg_nano.a(lib_a-dtoa.o)
                0x00004e88                _dtoa_r
 .text._localeconv_r
                0x000059b8        0x8 c:/program files (x86)/cypress/psoc creator/4.2/psoc creator/import/gnu/arm/5.4.1/bin/../lib/gcc/arm-none-eabi/5.4.1/../../../../arm-none-eabi/lib/armv7-m\libg_nano.a(lib_a-locale.o)
                0x000059b8                _localeconv_r
 .text.malloc   0x000059c0       0x10 c:/program files (x86)/cypress/psoc creator/4.2/psoc creator/import/gnu/arm/5.4.1/bin/../lib/gcc/arm-none-eabi/5.4.1/../../../../arm-none-eabi/lib/armv7-m\libg_nano.a(lib_a-malloc.o)
                0x000059c0                malloc
 .text.memchr   0x000059d0       0x1c c:/program files (x86)/cypress/psoc creator/4.2/psoc creator/import/gnu/arm/5.4.1/bin/../lib/gcc/arm-none-eabi/5.4.1/../../../../arm-none-eabi/lib/armv7-m\libg_nano.a(lib_a-memchr-stub.o)
                0x000059d0                memchr
 .text._Balloc  0x000059ec       0x6a c:/program files (x86)/cypress/psoc creator/4.2/psoc creator/import/gnu/arm/5.4.1/bin/../lib/gcc/arm-none-eabi/5.4.1/../../../../arm-none-eabi/lib/armv7-m\libg_nano.a(lib_a-mprec.o)
                0x000059ec                _Balloc
 .text._Bfree   0x00005a56       0x2e c:/program files (x86)/cypress/psoc creator/4.2/psoc creator/import/gnu/arm/5.4.1/bin/../lib/gcc/arm-none-eabi/5.4.1/../../../../arm-none-eabi/lib/armv7-m\libg_nano.a(lib_a-mprec.o)
                0x00005a56                _Bfree
 .text.__multadd
                0x00005a84       0x76 c:/program files (x86)/cypress/psoc creator/4.2/psoc creator/import/gnu/arm/5.4.1/bin/../lib/gcc/arm-none-eabi/5.4.1/../../../../arm-none-eabi/lib/armv7-m\libg_nano.a(lib_a-mprec.o)
                0x00005a84                __multadd
 .text.__hi0bits
                0x00005afa       0x40 c:/program files (x86)/cypress/psoc creator/4.2/psoc creator/import/gnu/arm/5.4.1/bin/../lib/gcc/arm-none-eabi/5.4.1/../../../../arm-none-eabi/lib/armv7-m\libg_nano.a(lib_a-mprec.o)
                0x00005afa                __hi0bits
 .text.__lo0bits
                0x00005b3a       0x5a c:/program files (x86)/cypress/psoc creator/4.2/psoc creator/import/gnu/arm/5.4.1/bin/../lib/gcc/arm-none-eabi/5.4.1/../../../../arm-none-eabi/lib/armv7-m\libg_nano.a(lib_a-mprec.o)
                0x00005b3a                __lo0bits
 .text.__i2b    0x00005b94       0x12 c:/program files (x86)/cypress/psoc creator/4.2/psoc creator/import/gnu/arm/5.4.1/bin/../lib/gcc/arm-none-eabi/5.4.1/../../../../arm-none-eabi/lib/armv7-m\libg_nano.a(lib_a-mprec.o)
                0x00005b94                __i2b
 .text.__multiply
                0x00005ba6      0x120 c:/program files (x86)/cypress/psoc creator/4.2/psoc creator/import/gnu/arm/5.4.1/bin/../lib/gcc/arm-none-eabi/5.4.1/../../../../arm-none-eabi/lib/armv7-m\libg_nano.a(lib_a-mprec.o)
                0x00005ba6                __multiply
 *fill*         0x00005cc6        0x2 
 .text.__pow5mult
                0x00005cc8       0x9c c:/program files (x86)/cypress/psoc creator/4.2/psoc creator/import/gnu/arm/5.4.1/bin/../lib/gcc/arm-none-eabi/5.4.1/../../../../arm-none-eabi/lib/armv7-m\libg_nano.a(lib_a-mprec.o)
                0x00005cc8                __pow5mult
 .text.__lshift
                0x00005d64       0xa2 c:/program files (x86)/cypress/psoc creator/4.2/psoc creator/import/gnu/arm/5.4.1/bin/../lib/gcc/arm-none-eabi/5.4.1/../../../../arm-none-eabi/lib/armv7-m\libg_nano.a(lib_a-mprec.o)
                0x00005d64                __lshift
 .text.__mcmp   0x00005e06       0x38 c:/program files (x86)/cypress/psoc creator/4.2/psoc creator/import/gnu/arm/5.4.1/bin/../lib/gcc/arm-none-eabi/5.4.1/../../../../arm-none-eabi/lib/armv7-m\libg_nano.a(lib_a-mprec.o)
                0x00005e06                __mcmp
 .text.__mdiff  0x00005e3e       0xbe c:/program files (x86)/cypress/psoc creator/4.2/psoc creator/import/gnu/arm/5.4.1/bin/../lib/gcc/arm-none-eabi/5.4.1/../../../../arm-none-eabi/lib/armv7-m\libg_nano.a(lib_a-mprec.o)
                0x00005e3e                __mdiff
 .text.__d2b    0x00005efc       0x9c c:/program files (x86)/cypress/psoc creator/4.2/psoc creator/import/gnu/arm/5.4.1/bin/../lib/gcc/arm-none-eabi/5.4.1/../../../../arm-none-eabi/lib/armv7-m\libg_nano.a(lib_a-mprec.o)
                0x00005efc                __d2b
 .text._calloc_r
                0x00005f98       0x1c c:/program files (x86)/cypress/psoc creator/4.2/psoc creator/import/gnu/arm/5.4.1/bin/../lib/gcc/arm-none-eabi/5.4.1/../../../../arm-none-eabi/lib/armv7-m\libg_nano.a(lib_a-nano-callocr.o)
                0x00005f98                _calloc_r
 .text._free_r  0x00005fb4       0x98 c:/program files (x86)/cypress/psoc creator/4.2/psoc creator/import/gnu/arm/5.4.1/bin/../lib/gcc/arm-none-eabi/5.4.1/../../../../arm-none-eabi/lib/armv7-m\libg_nano.a(lib_a-nano-freer.o)
                0x00005fb4                _free_r
 .text._malloc_r
                0x0000604c       0xbc c:/program files (x86)/cypress/psoc creator/4.2/psoc creator/import/gnu/arm/5.4.1/bin/../lib/gcc/arm-none-eabi/5.4.1/../../../../arm-none-eabi/lib/armv7-m\libg_nano.a(lib_a-nano-mallocr.o)
                0x0000604c                _malloc_r
 .text.__ssputs_r
                0x00006108       0xb2 c:/program files (x86)/cypress/psoc creator/4.2/psoc creator/import/gnu/arm/5.4.1/bin/../lib/gcc/arm-none-eabi/5.4.1/../../../../arm-none-eabi/lib/armv7-m\libg_nano.a(lib_a-nano-svfprintf.o)
                0x00006108                __ssputs_r
 *fill*         0x000061ba        0x2 
 .text._svfprintf_r
                0x000061bc      0x1e8 c:/program files (x86)/cypress/psoc creator/4.2/psoc creator/import/gnu/arm/5.4.1/bin/../lib/gcc/arm-none-eabi/5.4.1/../../../../arm-none-eabi/lib/armv7-m\libg_nano.a(lib_a-nano-svfprintf.o)
                0x000061bc                _svfiprintf_r
                0x000061bc                _svfprintf_r
 .text._sbrk_r  0x000063a4       0x20 c:/program files (x86)/cypress/psoc creator/4.2/psoc creator/import/gnu/arm/5.4.1/bin/../lib/gcc/arm-none-eabi/5.4.1/../../../../arm-none-eabi/lib/armv7-m\libg_nano.a(lib_a-sbrkr.o)
                0x000063a4                _sbrk_r
 .text.memmove  0x000063c4       0x36 c:/program files (x86)/cypress/psoc creator/4.2/psoc creator/import/gnu/arm/5.4.1/bin/../lib/gcc/arm-none-eabi/5.4.1/../../../../arm-none-eabi/lib/armv7-m\libg_nano.a(lib_a-memmove.o)
                0x000063c4                memmove
 .text.__malloc_lock
                0x000063fa        0x2 c:/program files (x86)/cypress/psoc creator/4.2/psoc creator/import/gnu/arm/5.4.1/bin/../lib/gcc/arm-none-eabi/5.4.1/../../../../arm-none-eabi/lib/armv7-m\libg_nano.a(lib_a-mlock.o)
                0x000063fa                __malloc_lock
 .text.__malloc_unlock
                0x000063fc        0x2 c:/program files (x86)/cypress/psoc creator/4.2/psoc creator/import/gnu/arm/5.4.1/bin/../lib/gcc/arm-none-eabi/5.4.1/../../../../arm-none-eabi/lib/armv7-m\libg_nano.a(lib_a-mlock.o)
                0x000063fc                __malloc_unlock
 .text._realloc_r
                0x000063fe       0x4c c:/program files (x86)/cypress/psoc creator/4.2/psoc creator/import/gnu/arm/5.4.1/bin/../lib/gcc/arm-none-eabi/5.4.1/../../../../arm-none-eabi/lib/armv7-m\libg_nano.a(lib_a-nano-reallocr.o)
                0x000063fe                _realloc_r
 .text._malloc_usable_size_r
                0x0000644a       0x14 c:/program files (x86)/cypress/psoc creator/4.2/psoc creator/import/gnu/arm/5.4.1/bin/../lib/gcc/arm-none-eabi/5.4.1/../../../../arm-none-eabi/lib/armv7-m\libg_nano.a(lib_a-nano-msizer.o)
                0x0000644a                _malloc_usable_size_r
 *fill*         0x0000645e        0x2 
 .text          0x00006460      0x370 c:/program files (x86)/cypress/psoc creator/4.2/psoc creator/import/gnu/arm/5.4.1/bin/../lib/gcc/arm-none-eabi/5.4.1/armv7-m\libgcc.a(_arm_addsubdf3.o)
                0x00006460                __aeabi_drsub
                0x00006468                __aeabi_dsub
                0x00006468                __subdf3
                0x0000646c                __aeabi_dadd
                0x0000646c                __adddf3
                0x000066e4                __floatunsidf
                0x000066e4                __aeabi_ui2d
                0x00006704                __floatsidf
                0x00006704                __aeabi_i2d
                0x00006728                __aeabi_f2d
                0x00006728                __extendsfdf2
                0x00006764                __floatundidf
                0x00006764                __aeabi_ul2d
                0x00006774                __floatdidf
                0x00006774                __aeabi_l2d
 .text          0x000067d0      0x424 c:/program files (x86)/cypress/psoc creator/4.2/psoc creator/import/gnu/arm/5.4.1/bin/../lib/gcc/arm-none-eabi/5.4.1/armv7-m\libgcc.a(_arm_muldivdf3.o)
                0x000067d0                __aeabi_dmul
                0x000067d0                __muldf3
                0x00006a24                __divdf3
                0x00006a24                __aeabi_ddiv
 .text          0x00006bf4      0x110 c:/program files (x86)/cypress/psoc creator/4.2/psoc creator/import/gnu/arm/5.4.1/bin/../lib/gcc/arm-none-eabi/5.4.1/armv7-m\libgcc.a(_arm_cmpdf2.o)
                0x00006bf4                __gtdf2
                0x00006bf4                __gedf2
                0x00006bfc                __ltdf2
                0x00006bfc                __ledf2
                0x00006c04                __nedf2
                0x00006c04                __eqdf2
                0x00006c04                __cmpdf2
                0x00006c80                __aeabi_cdrcmple
                0x00006c90                __aeabi_cdcmpeq
                0x00006c90                __aeabi_cdcmple
                0x00006ca0                __aeabi_dcmpeq
                0x00006cb4                __aeabi_dcmplt
                0x00006cc8                __aeabi_dcmple
                0x00006cdc                __aeabi_dcmpge
                0x00006cf0                __aeabi_dcmpgt
 .text          0x00006d04       0x2c c:/program files (x86)/cypress/psoc creator/4.2/psoc creator/import/gnu/arm/5.4.1/bin/../lib/gcc/arm-none-eabi/5.4.1/armv7-m\libgcc.a(_arm_unorddf2.o)
                0x00006d04                __unorddf2
                0x00006d04                __aeabi_dcmpun
 .text          0x00006d30       0x50 c:/program files (x86)/cypress/psoc creator/4.2/psoc creator/import/gnu/arm/5.4.1/bin/../lib/gcc/arm-none-eabi/5.4.1/armv7-m\libgcc.a(_arm_fixdfsi.o)
                0x00006d30                __aeabi_d2iz
                0x00006d30                __fixdfsi
 *(.plt)
 *(.gnu.warning)
 *(.glue_7t)
 .glue_7t       0x00006d80        0x0 linker stubs
 *(.glue_7)
 .glue_7        0x00006d80        0x0 linker stubs
 *(.vfp11_veneer)
 .vfp11_veneer  0x00006d80        0x0 linker stubs
 *(.bootloader)
 *(.ARM.extab* .gnu.linkonce.armextab.*)
 *(.gcc_except_table)

.v4_bx          0x00006d80        0x0
 .v4_bx         0x00006d80        0x0 linker stubs

.iplt           0x00006d80        0x0
 .iplt          0x00006d80        0x0 c:/program files (x86)/cypress/psoc creator/4.2/psoc creator/import/gnu/arm/5.4.1/bin/../lib/gcc/arm-none-eabi/5.4.1/armv7-m/crtbegin.o

.eh_frame_hdr
 *(.eh_frame_hdr)

.eh_frame       0x00006d80        0x4
 *(.eh_frame)
 .eh_frame      0x00006d80        0x0 c:/program files (x86)/cypress/psoc creator/4.2/psoc creator/import/gnu/arm/5.4.1/bin/../lib/gcc/arm-none-eabi/5.4.1/armv7-m/crtbegin.o
 .eh_frame      0x00006d80        0x4 c:/program files (x86)/cypress/psoc creator/4.2/psoc creator/import/gnu/arm/5.4.1/bin/../lib/gcc/arm-none-eabi/5.4.1/armv7-m/crtend.o
                [!provide]                PROVIDE (__exidx_start, .)

.ARM.exidx
 *(.ARM.exidx* .gnu.linkonce.armexidx.*)
                0x00006d84                __exidx_end = .

.rodata         0x00006d88      0x3f8
 *(.rodata .rodata.* .gnu.linkonce.r.*)
 .rodata        0x00006d88       0x77 .\CortexM3\ARM_GCC_541\Debug\main.o
 *fill*         0x00006dff        0x1 
 .rodata        0x00006e00       0x2a .\CortexM3\ARM_GCC_541\Debug\cyfitter_cfg.o
 *fill*         0x00006e2a        0x2 
 .rodata        0x00006e2c       0x11 .\CortexM3\ARM_GCC_541\Debug\DMA25READ.a(USBUART_std.o)
 *fill*         0x00006e3d        0x3 
 .rodata        0x00006e40      0x1a8 .\CortexM3\ARM_GCC_541\Debug\DMA25READ.a(USBUART_descr.o)
                0x00006e40                USBUART_DEVICE0_DESCR
                0x00006e54                USBUART_DEVICE0_CONFIGURATION0_DESCR
                0x00006e98                USBUART_STRING_DESCRIPTORS
                0x00006f44                USBUART_SN_STRING_DESCRIPTOR
                0x00006f48                USBUART_DEVICE0_CONFIGURATION0_EP_SETTINGS_TABLE
                0x00006f60                USBUART_DEVICE0_CONFIGURATION0_INTERFACE_CLASS
                0x00006f64                USBUART_DEVICE0_CONFIGURATION0_TABLE
                0x00006f8c                USBUART_DEVICE0_TABLE
                0x00006fa4                USBUART_TABLE
                0x00006fac                USBUART_MSOS_DESCRIPTOR
                0x00006fc0                USBUART_MSOS_CONFIGURATION_DESCR
 .rodata.str1.1
                0x00006fe8        0x2 c:/program files (x86)/cypress/psoc creator/4.2/psoc creator/import/gnu/arm/5.4.1/bin/../lib/gcc/arm-none-eabi/5.4.1/../../../../arm-none-eabi/lib/armv7-m\libg_nano.a(lib_a-impure.o)
 .rodata.str1.1
                0x00006fea       0x12 c:/program files (x86)/cypress/psoc creator/4.2/psoc creator/import/gnu/arm/5.4.1/bin/../lib/gcc/arm-none-eabi/5.4.1/../../../../arm-none-eabi/lib/armv7-m\libg_nano.a(lib_a-nano-vfprintf_float.o)
 .rodata.str1.1
                0x00006ffc       0x22 c:/program files (x86)/cypress/psoc creator/4.2/psoc creator/import/gnu/arm/5.4.1/bin/../lib/gcc/arm-none-eabi/5.4.1/../../../../arm-none-eabi/lib/armv7-m\libg_nano.a(lib_a-nano-vfprintf_i.o)
 .rodata.str1.1
                0x0000701e        0xd c:/program files (x86)/cypress/psoc creator/4.2/psoc creator/import/gnu/arm/5.4.1/bin/../lib/gcc/arm-none-eabi/5.4.1/../../../../arm-none-eabi/lib/armv7-m\libg_nano.a(lib_a-dtoa.o)
                                  0xf (size before relaxing)
 .rodata.str1.1
                0x0000702b        0x8 c:/program files (x86)/cypress/psoc creator/4.2/psoc creator/import/gnu/arm/5.4.1/bin/../lib/gcc/arm-none-eabi/5.4.1/../../../../arm-none-eabi/lib/armv7-m\libg_nano.a(lib_a-locale.o)
                                  0xb (size before relaxing)
 *fill*         0x00007033        0x5 
 .rodata.__mprec_tens
                0x00007038       0xc8 c:/program files (x86)/cypress/psoc creator/4.2/psoc creator/import/gnu/arm/5.4.1/bin/../lib/gcc/arm-none-eabi/5.4.1/../../../../arm-none-eabi/lib/armv7-m\libg_nano.a(lib_a-mprec.o)
                0x00007038                __mprec_tens
 .rodata.p05.5408
                0x00007100        0xc c:/program files (x86)/cypress/psoc creator/4.2/psoc creator/import/gnu/arm/5.4.1/bin/../lib/gcc/arm-none-eabi/5.4.1/../../../../arm-none-eabi/lib/armv7-m\libg_nano.a(lib_a-mprec.o)
 *fill*         0x0000710c        0x4 
 .rodata.__mprec_bigtens
                0x00007110       0x28 c:/program files (x86)/cypress/psoc creator/4.2/psoc creator/import/gnu/arm/5.4.1/bin/../lib/gcc/arm-none-eabi/5.4.1/../../../../arm-none-eabi/lib/armv7-m\libg_nano.a(lib_a-mprec.o)
                0x00007110                __mprec_bigtens
 .rodata.str1.1
                0x00007138       0x11 c:/program files (x86)/cypress/psoc creator/4.2/psoc creator/import/gnu/arm/5.4.1/bin/../lib/gcc/arm-none-eabi/5.4.1/../../../../arm-none-eabi/lib/armv7-m\libg_nano.a(lib_a-nano-svfprintf.o)
                0x0000714c                . = ALIGN (0x4)
 *fill*         0x00007149        0x3 
 *(.init)
 .init          0x0000714c        0x4 c:/program files (x86)/cypress/psoc creator/4.2/psoc creator/import/gnu/arm/5.4.1/bin/../lib/gcc/arm-none-eabi/5.4.1/armv7-m/crti.o
                0x0000714c                _init
 .init          0x00007150        0x8 c:/program files (x86)/cypress/psoc creator/4.2/psoc creator/import/gnu/arm/5.4.1/bin/../lib/gcc/arm-none-eabi/5.4.1/armv7-m/crtn.o
                0x00007158                . = ALIGN (0x4)
                0x00007158                __preinit_array_start = .
 *(.preinit_array)
                0x00007158                __preinit_array_end = .
                0x00007158                . = ALIGN (0x4)
                0x00007158                __init_array_start = .
 *(SORT(.init_array.*))
 *(.init_array)
 .init_array    0x00007158        0x4 c:/program files (x86)/cypress/psoc creator/4.2/psoc creator/import/gnu/arm/5.4.1/bin/../lib/gcc/arm-none-eabi/5.4.1/armv7-m/crtbegin.o
 .init_array    0x0000715c        0x4 .\CortexM3\ARM_GCC_541\Debug\Cm3Start.o
                0x00007160                __init_array_end = .
                0x00007160                . = ALIGN (0x4)
 *(.fini)
 .fini          0x00007160        0x4 c:/program files (x86)/cypress/psoc creator/4.2/psoc creator/import/gnu/arm/5.4.1/bin/../lib/gcc/arm-none-eabi/5.4.1/armv7-m/crti.o
                0x00007160                _fini
 .fini          0x00007164        0x8 c:/program files (x86)/cypress/psoc creator/4.2/psoc creator/import/gnu/arm/5.4.1/bin/../lib/gcc/arm-none-eabi/5.4.1/armv7-m/crtn.o
                0x0000716c                . = ALIGN (0x4)
                0x0000716c                __fini_array_start = .
 *(.fini_array)
 .fini_array    0x0000716c        0x4 c:/program files (x86)/cypress/psoc creator/4.2/psoc creator/import/gnu/arm/5.4.1/bin/../lib/gcc/arm-none-eabi/5.4.1/armv7-m/crtbegin.o
 *(SORT(.fini_array.*))
                0x00007170                __fini_array_end = .
                0x00007170                . = ALIGN (0x4)
 *crtbegin.o(.ctors)
 *(EXCLUDE_FILE(*crtend.o) .ctors)
 *(SORT(.ctors.*))
 *crtend.o(.ctors)
                0x00007170                . = ALIGN (0x4)
 *crtbegin.o(.dtors)
 *(EXCLUDE_FILE(*crtend.o) .dtors)
 *(SORT(.dtors.*))
 *crtend.o(.dtors)
                0x00007170                . = ALIGN (0x4)
                0x00007170                __cy_regions = .
                0x00007170        0x4 LONG 0x7180 __cy_region_init_ram
                0x00007174        0x4 LONG 0x1fff80c8 __cy_region_start_data
                0x00007178        0x4 LONG 0x130 __cy_region_init_size_ram
                0x0000717c        0x4 LONG 0x558 __cy_region_zero_size_ram
                0x00007180                __cy_regions_end = .
                0x00007180                . = ALIGN (0x8)
                0x00007180                _etext = .

.cy_checksum_exclude
                0x00007180        0x0
 *(.cy_checksum_exclude)

.ramvectors     0x1fff8000       0xc0
                0x1fff8000                __cy_region_start_ram = .
 *(.ramvectors)
 .ramvectors    0x1fff8000       0xc0 .\CortexM3\ARM_GCC_541\Debug\Cm3Start.o
                0x1fff8000                CyRamVectors

.noinit         0x1fff80c0        0x5
 *(.noinit)
 .noinit        0x1fff80c0        0x4 .\CortexM3\ARM_GCC_541\Debug\Cm3Start.o
 .noinit        0x1fff80c4        0x1 .\CortexM3\ARM_GCC_541\Debug\DMA25READ.a(CyLib.o)
                0x1fff80c4                CyResetStatus

.data           0x1fff80c8      0x130 load address 0x00007180
                0x1fff80c8                __cy_region_start_data = .
 *(.jcr)
 .jcr           0x1fff80c8        0x0 c:/program files (x86)/cypress/psoc creator/4.2/psoc creator/import/gnu/arm/5.4.1/bin/../lib/gcc/arm-none-eabi/5.4.1/armv7-m/crtbegin.o
 .jcr           0x1fff80c8        0x4 c:/program files (x86)/cypress/psoc creator/4.2/psoc creator/import/gnu/arm/5.4.1/bin/../lib/gcc/arm-none-eabi/5.4.1/armv7-m/crtend.o
 *(.got.plt)
 *(.got)
 *(.shdata)
 *(.data .data.* .gnu.linkonce.d.*)
 .data          0x1fff80cc       0x49 .\CortexM3\ARM_GCC_541\Debug\main.o
                0x1fff80cc                flag_rf_transmission_active
                0x1fff80d0                displaystring
                0x1fff8110                sample_window
                0x1fff8114                flag
 *fill*         0x1fff8115        0x3 
 .data          0x1fff8118        0x4 .\CortexM3\ARM_GCC_541\Debug\Cm3Start.o
 .data          0x1fff811c        0x2 .\CortexM3\ARM_GCC_541\Debug\DMA25READ.a(ADC.o)
 *fill*         0x1fff811e        0x2 
 .data          0x1fff8120       0x1a .\CortexM3\ARM_GCC_541\Debug\DMA25READ.a(USBUART_cdc.o)
                0x1fff8120                USBUART_linesCoding
 .data          0x1fff813a        0x1 .\CortexM3\ARM_GCC_541\Debug\DMA25READ.a(ADC_TempBuf_dma.o)
                0x1fff813a                ADC_TempBuf_DmaHandle
 .data          0x1fff813b        0x1 .\CortexM3\ARM_GCC_541\Debug\DMA25READ.a(ADC_FinalBuf_dma.o)
                0x1fff813b                ADC_FinalBuf_DmaHandle
 .data          0x1fff813c        0x8 .\CortexM3\ARM_GCC_541\Debug\DMA25READ.a(CyDmac.o)
 .data          0x1fff8144       0x10 .\CortexM3\ARM_GCC_541\Debug\DMA25READ.a(CyLib.o)
                0x1fff8144                cydelay_freq_hz
                0x1fff8148                cydelay_freq_khz
                0x1fff814c                cydelay_freq_mhz
                0x1fff8150                cydelay_32k_ms
 .data          0x1fff8154        0x1 .\CortexM3\ARM_GCC_541\Debug\DMA25READ.a(DMA_1_dma.o)
                0x1fff8154                DMA_1_DmaHandle
 *fill*         0x1fff8155        0x3 
 .data.impure_data
                0x1fff8158       0x60 c:/program files (x86)/cypress/psoc creator/4.2/psoc creator/import/gnu/arm/5.4.1/bin/../lib/gcc/arm-none-eabi/5.4.1/../../../../arm-none-eabi/lib/armv7-m\libg_nano.a(lib_a-impure.o)
 .data._impure_ptr
                0x1fff81b8        0x4 c:/program files (x86)/cypress/psoc creator/4.2/psoc creator/import/gnu/arm/5.4.1/bin/../lib/gcc/arm-none-eabi/5.4.1/../../../../arm-none-eabi/lib/armv7-m\libg_nano.a(lib_a-impure.o)
                0x1fff81b8                _impure_ptr
 .data.lconv    0x1fff81bc       0x38 c:/program files (x86)/cypress/psoc creator/4.2/psoc creator/import/gnu/arm/5.4.1/bin/../lib/gcc/arm-none-eabi/5.4.1/../../../../arm-none-eabi/lib/armv7-m\libg_nano.a(lib_a-locale.o)
                0x1fff81f8                . = ALIGN (0x8)
 *fill*         0x1fff81f4        0x4 
 *(.ram)
                0x1fff81f8                _edata = .

.igot.plt       0x1fff81f8        0x0 load address 0x000072b0
 .igot.plt      0x1fff81f8        0x0 c:/program files (x86)/cypress/psoc creator/4.2/psoc creator/import/gnu/arm/5.4.1/bin/../lib/gcc/arm-none-eabi/5.4.1/armv7-m/crtbegin.o

.bss            0x1fff81f8      0x558 load address 0x000072b0
                0x1fff81f8                PROVIDE (__bss_start__, .)
 *(.shbss)
 *(.bss .bss.* .gnu.linkonce.b.*)
 .bss           0x1fff81f8       0x1c c:/program files (x86)/cypress/psoc creator/4.2/psoc creator/import/gnu/arm/5.4.1/bin/../lib/gcc/arm-none-eabi/5.4.1/armv7-m/crtbegin.o
 .bss           0x1fff8214      0x27a .\CortexM3\ARM_GCC_541\Debug\main.o
                0x1fff8214                ts
                0x1fff8216                ts_enc
                0x1fff8218                ts_update
                0x1fff821a                ts_speed
                0x1fff821c                ts_display
                0x1fff821e                flag_ts_enc
                0x1fff821f                flag_ts_update
                0x1fff8220                flag_ts_speed
                0x1fff8221                flag_ts_display
                0x1fff8222                flag_rx
                0x1fff8223                flag_packet
                0x1fff8224                flag_KB_string
                0x1fff8225                dataready_flag
                0x1fff8228                voltage_of_reading
                0x1fff822c                sensor_sum
                0x1fff8260                sensor_max
                0x1fff8294                sensor_min
                0x1fff82c8                current_max
                0x1fff832c                current_min
                0x1fff8390                dc_offset
                0x1fff83f4                vpp
                0x1fff8458                sensor_sample_count
                0x1fff848a                flag1
 *fill*         0x1fff848e        0x2 
 .bss           0x1fff8490       0x3a .\CortexM3\ARM_GCC_541\Debug\DMA25READ.a(ADC.o)
                0x1fff8490                ADC_initVar
 .bss           0x1fff84ca        0x1 .\CortexM3\ARM_GCC_541\Debug\DMA25READ.a(USBUART.o)
                0x1fff84ca                USBUART_initVar
 .bss           0x1fff84cb        0x1 .\CortexM3\ARM_GCC_541\Debug\DMA25READ.a(USBUART_cdc.o)
 .bss           0x1fff84cc        0x2 .\CortexM3\ARM_GCC_541\Debug\DMA25READ.a(USBUART_std.o)
 .bss           0x1fff84ce        0x1 .\CortexM3\ARM_GCC_541\Debug\DMA25READ.a(ADC_SAR.o)
                0x1fff84ce                ADC_SAR_initVar
 .bss           0x1fff84cf        0x1 .\CortexM3\ARM_GCC_541\Debug\DMA25READ.a(Timer_1.o)
                0x1fff84cf                Timer_1_initVar
 .bss.__malloc_sbrk_start
                0x1fff84d0        0x4 c:/program files (x86)/cypress/psoc creator/4.2/psoc creator/import/gnu/arm/5.4.1/bin/../lib/gcc/arm-none-eabi/5.4.1/../../../../arm-none-eabi/lib/armv7-m\libg_nano.a(lib_a-nano-mallocr.o)
                0x1fff84d0                __malloc_sbrk_start
 .bss.__malloc_free_list
                0x1fff84d4        0x4 c:/program files (x86)/cypress/psoc creator/4.2/psoc creator/import/gnu/arm/5.4.1/bin/../lib/gcc/arm-none-eabi/5.4.1/../../../../arm-none-eabi/lib/armv7-m\libg_nano.a(lib_a-nano-mallocr.o)
                0x1fff84d4                __malloc_free_list
 *(COMMON)
 COMMON         0x1fff84d8      0x15c .\CortexM3\ARM_GCC_541\Debug\main.o
                0x1fff84d8                entry
                0x1fff8518                bank1
                0x1fff851c                Bank1New
                0x1fff8550                system_state
                0x1fff8570                result_of_conversion
                0x1fff8574                line
                0x1fff85b4                usbBuffer
                0x1fff85f4                buffer
 COMMON         0x1fff8634       0x32 .\CortexM3\ARM_GCC_541\Debug\DMA25READ.a(ADC.o)
                0x1fff8634                ADC_finalArray
 *fill*         0x1fff8666        0x2 
 COMMON         0x1fff8668       0x18 .\CortexM3\ARM_GCC_541\Debug\DMA25READ.a(USBUART_cdc.o)
                0x1fff8668                USBUART_linesChanged
                0x1fff866c                USBUART_cdcDataInEp
                0x1fff8670                USBUART_cdcCommInInterruptEp
                0x1fff8674                USBUART_cdcDataOutEp
                0x1fff8678                USBUART_serialStateBitmap
                0x1fff867c                USBUART_linesControlBitmap
 COMMON         0x1fff8680       0x9a .\CortexM3\ARM_GCC_541\Debug\DMA25READ.a(USBUART_drv.o)
                0x1fff8680                USBUART_lastPacketSize
                0x1fff8681                USBUART_device
                0x1fff8682                USBUART_transferByteCount
                0x1fff8684                USBUART_transferState
                0x1fff8688                USBUART_interfaceSettingLast
                0x1fff868c                USBUART_currentTD
                0x1fff8698                USBUART_interfaceNumber
                0x1fff869c                USBUART_interfaceClass
                0x1fff86a0                USBUART_configurationChanged
                0x1fff86a1                USBUART_ep0Mode
                0x1fff86a2                USBUART_deviceAddress
                0x1fff86a3                USBUART_configuration
                0x1fff86a4                USBUART_ep0Count
                0x1fff86a5                USBUART_deviceStatus
                0x1fff86a8                USBUART_EP
                0x1fff8714                USBUART_interfaceSetting
                0x1fff8716                USBUART_ep0Toggle
                0x1fff8718                USBUART_interfaceStatus
 *fill*         0x1fff871a        0x2 
 COMMON         0x1fff871c        0xa .\CortexM3\ARM_GCC_541\Debug\DMA25READ.a(ADC_SAR.o)
                0x1fff871c                ADC_SAR_countsPerVolt
                0x1fff871e                ADC_SAR_shift
                0x1fff8720                ADC_SAR_countsPer10Volt
                0x1fff8724                ADC_SAR_offset
 *fill*         0x1fff8726        0x2 
 COMMON         0x1fff8728       0x22 .\CortexM3\ARM_GCC_541\Debug\DMA25READ.a(USBUART_descr.o)
                0x1fff8728                USBUART_idSerialNumberStringDescriptor
 *fill*         0x1fff874a        0x2 
 COMMON         0x1fff874c        0x4 c:/program files (x86)/cypress/psoc creator/4.2/psoc creator/import/gnu/arm/5.4.1/bin/../lib/gcc/arm-none-eabi/5.4.1/../../../../arm-none-eabi/lib/armv7-m\libg_nano.a(lib_a-reent.o)
                0x1fff874c                errno
                0x1fff8750                . = ALIGN (0x8)
 *(.ram.b)
                0x1fff8750                _end = .
                0x1fff8750                __end = .
                0x1fff8750                PROVIDE (end, .)
                0x1fff8750                PROVIDE (__bss_end__, .)
                0x00007180                __cy_region_init_ram = LOADADDR (.data)
                0x00000130                __cy_region_init_size_ram = (_edata - ADDR (.data))
                0x00000558                __cy_region_zero_size_ram = (_end - _edata)

.heap           0x1fff8750       0x80 load address 0x000072b0
                0x1fff8750                . = _end
                0x1fff87d0                . = (. + 0x80)
 *fill*         0x1fff8750       0x80 
                0x1fff87d0                __cy_heap_limit = .

.stack          0x20007800      0x800
                0x20007800                __cy_stack_limit = .
                0x20008000                . = (. + 0x800)
 *fill*         0x20007800      0x800 
                0x00000001                ASSERT ((__cy_stack_limit >= __cy_heap_limit), region RAM overflowed with stack)
                0x00000000                cy_checksum_exclude_size = (CY_APPL_LOADABLE == 0x1)?SIZEOF (.cy_checksum_exclude):0x0
                0x00000001                ASSERT ((cy_checksum_exclude_size <= CY_CHECKSUM_EXCLUDE_SIZE), CY_BOOT: Section .cy_checksum_exclude size exceedes specified limit.)

.cyloadermeta
 *(.cyloadermeta)

.cyloadablemeta
 *(.cyloadablemeta)

.cyconfigecc    0x80000000      0x780
 *(.cyconfigecc)
 .cyconfigecc   0x80000000      0x780 .\CortexM3\ARM_GCC_541\Debug\cymetadata.o
                0x80000000                cy_meta_configecc

.cycustnvl      0x90000000        0x4
 *(.cycustnvl)
 .cycustnvl     0x90000000        0x4 .\CortexM3\ARM_GCC_541\Debug\cymetadata.o
                0x90000000                cy_meta_custnvl

.cywolatch      0x90100000        0x4
 *(.cywolatch)
 .cywolatch     0x90100000        0x4 .\CortexM3\ARM_GCC_541\Debug\cymetadata.o
                0x90100000                cy_meta_wonvl

.cyeeprom       0x90200000        0x0
 *(.cyeeprom)
                0x00000001                ASSERT ((. <= ((0x90200000 + ee_offset) + ee_size)), .cyeeprom data will not fit in EEPROM)

.cyflashprotect
                0x90400000      0x100
 *(.cyflashprotect)
 .cyflashprotect
                0x90400000      0x100 .\CortexM3\ARM_GCC_541\Debug\cymetadata.o
                0x90400000                cy_meta_flashprotect

.cymeta         0x90500000        0xc
 *(.cymeta)
 .cymeta        0x90500000        0xc .\CortexM3\ARM_GCC_541\Debug\cymetadata.o
                0x90500000                cy_metadata

.rel.dyn        0x000072b0        0x0 load address 0x9050000c
 .rel.iplt      0x000072b0        0x0 c:/program files (x86)/cypress/psoc creator/4.2/psoc creator/import/gnu/arm/5.4.1/bin/../lib/gcc/arm-none-eabi/5.4.1/armv7-m/crtbegin.o

.stab
 *(.stab)

.stabstr
 *(.stabstr)

.debug
 *(.debug)

.line
 *(.line)

.debug_srcinfo
 *(.debug_srcinfo)

.debug_sfnames
 *(.debug_sfnames)

.debug_aranges  0x00000000      0xdb0
 *(.debug_aranges)
 .debug_aranges
                0x00000000       0x50 .\CortexM3\ARM_GCC_541\Debug\main.o
 .debug_aranges
                0x00000050       0x60 .\CortexM3\ARM_GCC_541\Debug\cyfitter_cfg.o
 .debug_aranges
                0x000000b0       0x18 .\CortexM3\ARM_GCC_541\Debug\cymetadata.o
 .debug_aranges
                0x000000c8       0x48 .\CortexM3\ARM_GCC_541\Debug\Cm3Start.o
 .debug_aranges
                0x00000110       0x90 .\CortexM3\ARM_GCC_541\Debug\DMA25READ.a(ADC.o)
 .debug_aranges
                0x000001a0       0x20 .\CortexM3\ARM_GCC_541\Debug\DMA25READ.a(ADC_INT.o)
 .debug_aranges
                0x000001c0       0xc8 .\CortexM3\ARM_GCC_541\Debug\DMA25READ.a(USBUART.o)
 .debug_aranges
                0x00000288       0xe8 .\CortexM3\ARM_GCC_541\Debug\DMA25READ.a(USBUART_cdc.o)
 .debug_aranges
                0x00000370       0x98 .\CortexM3\ARM_GCC_541\Debug\DMA25READ.a(USBUART_drv.o)
 .debug_aranges
                0x00000408       0x40 .\CortexM3\ARM_GCC_541\Debug\DMA25READ.a(USBUART_episr.o)
 .debug_aranges
                0x00000448       0x40 .\CortexM3\ARM_GCC_541\Debug\DMA25READ.a(USBUART_pm.o)
 .debug_aranges
                0x00000488       0x80 .\CortexM3\ARM_GCC_541\Debug\DMA25READ.a(USBUART_std.o)
 .debug_aranges
                0x00000508       0x20 .\CortexM3\ARM_GCC_541\Debug\DMA25READ.a(USBUART_vnd.o)
 .debug_aranges
                0x00000528       0x98 .\CortexM3\ARM_GCC_541\Debug\DMA25READ.a(ADC_SAR.o)
 .debug_aranges
                0x000005c0       0x28 .\CortexM3\ARM_GCC_541\Debug\DMA25READ.a(ADC_TempBuf_dma.o)
 .debug_aranges
                0x000005e8       0x28 .\CortexM3\ARM_GCC_541\Debug\DMA25READ.a(ADC_FinalBuf_dma.o)
 .debug_aranges
                0x00000610       0x80 .\CortexM3\ARM_GCC_541\Debug\DMA25READ.a(ADC_IRQ.o)
 .debug_aranges
                0x00000690       0x48 .\CortexM3\ARM_GCC_541\Debug\DMA25READ.a(USBUART_Dp.o)
 .debug_aranges
                0x000006d8       0xd8 .\CortexM3\ARM_GCC_541\Debug\DMA25READ.a(CyDmac.o)
 .debug_aranges
                0x000007b0      0x2a0 .\CortexM3\ARM_GCC_541\Debug\DMA25READ.a(CyLib.o)
 .debug_aranges
                0x00000a50       0x98 .\CortexM3\ARM_GCC_541\Debug\DMA25READ.a(cyPm.o)
 .debug_aranges
                0x00000ae8       0x80 .\CortexM3\ARM_GCC_541\Debug\DMA25READ.a(isr_eoc.o)
 .debug_aranges
                0x00000b68       0x88 .\CortexM3\ARM_GCC_541\Debug\DMA25READ.a(Timer_1.o)
 .debug_aranges
                0x00000bf0       0x28 .\CortexM3\ARM_GCC_541\Debug\DMA25READ.a(DMA_1_dma.o)
 .debug_aranges
                0x00000c18       0x38 .\CortexM3\ARM_GCC_541\Debug\DMA25READ.a(DB8.o)
 .debug_aranges
                0x00000c50       0x20 .\CortexM3\ARM_GCC_541\Debug\DMA25READ.a(CyBootAsmGnu.o)
 .debug_aranges
                0x00000c70       0x20 .\CortexM3\ARM_GCC_541\Debug\DMA25READ.a(USBUART_cls.o)
 .debug_aranges
                0x00000c90       0x18 .\CortexM3\ARM_GCC_541\Debug\DMA25READ.a(USBUART_descr.o)
 .debug_aranges
                0x00000ca8       0x88 .\CortexM3\ARM_GCC_541\Debug\DMA25READ.a(CyFlash.o)
 .debug_aranges
                0x00000d30       0x80 .\CortexM3\ARM_GCC_541\Debug\DMA25READ.a(CySpc.o)

.debug_pubnames
 *(.debug_pubnames)

.debug_info     0x00000000     0x72c5
 *(.debug_info .gnu.linkonce.wi.*)
 .debug_info    0x00000000      0x6c7 .\CortexM3\ARM_GCC_541\Debug\main.o
 .debug_info    0x000006c7      0x3b8 .\CortexM3\ARM_GCC_541\Debug\cyfitter_cfg.o
 .debug_info    0x00000a7f      0x139 .\CortexM3\ARM_GCC_541\Debug\cymetadata.o
 .debug_info    0x00000bb8      0x32b .\CortexM3\ARM_GCC_541\Debug\Cm3Start.o
 .debug_info    0x00000ee3      0x387 .\CortexM3\ARM_GCC_541\Debug\DMA25READ.a(ADC.o)
 .debug_info    0x0000126a       0xa0 .\CortexM3\ARM_GCC_541\Debug\DMA25READ.a(ADC_INT.o)
 .debug_info    0x0000130a      0x717 .\CortexM3\ARM_GCC_541\Debug\DMA25READ.a(USBUART.o)
 .debug_info    0x00001a21      0x924 .\CortexM3\ARM_GCC_541\Debug\DMA25READ.a(USBUART_cdc.o)
 .debug_info    0x00002345      0x52d .\CortexM3\ARM_GCC_541\Debug\DMA25READ.a(USBUART_drv.o)
 .debug_info    0x00002872      0x23b .\CortexM3\ARM_GCC_541\Debug\DMA25READ.a(USBUART_episr.o)
 .debug_info    0x00002aad      0x18d .\CortexM3\ARM_GCC_541\Debug\DMA25READ.a(USBUART_pm.o)
 .debug_info    0x00002c3a      0x961 .\CortexM3\ARM_GCC_541\Debug\DMA25READ.a(USBUART_std.o)
 .debug_info    0x0000359b      0x1a9 .\CortexM3\ARM_GCC_541\Debug\DMA25READ.a(USBUART_vnd.o)
 .debug_info    0x00003744      0x43e .\CortexM3\ARM_GCC_541\Debug\DMA25READ.a(ADC_SAR.o)
 .debug_info    0x00003b82      0x11b .\CortexM3\ARM_GCC_541\Debug\DMA25READ.a(ADC_TempBuf_dma.o)
 .debug_info    0x00003c9d      0x11b .\CortexM3\ARM_GCC_541\Debug\DMA25READ.a(ADC_FinalBuf_dma.o)
 .debug_info    0x00003db8      0x241 .\CortexM3\ARM_GCC_541\Debug\DMA25READ.a(ADC_IRQ.o)
 .debug_info    0x00003ff9      0x171 .\CortexM3\ARM_GCC_541\Debug\DMA25READ.a(USBUART_Dp.o)
 .debug_info    0x0000416a      0x8c0 .\CortexM3\ARM_GCC_541\Debug\DMA25READ.a(CyDmac.o)
 .debug_info    0x00004a2a      0xe51 .\CortexM3\ARM_GCC_541\Debug\DMA25READ.a(CyLib.o)
 .debug_info    0x0000587b      0x57a .\CortexM3\ARM_GCC_541\Debug\DMA25READ.a(cyPm.o)
 .debug_info    0x00005df5      0x29a .\CortexM3\ARM_GCC_541\Debug\DMA25READ.a(isr_eoc.o)
 .debug_info    0x0000608f      0x245 .\CortexM3\ARM_GCC_541\Debug\DMA25READ.a(Timer_1.o)
 .debug_info    0x000062d4      0x11b .\CortexM3\ARM_GCC_541\Debug\DMA25READ.a(DMA_1_dma.o)
 .debug_info    0x000063ef      0x11e .\CortexM3\ARM_GCC_541\Debug\DMA25READ.a(DB8.o)
 .debug_info    0x0000650d       0x96 .\CortexM3\ARM_GCC_541\Debug\DMA25READ.a(CyBootAsmGnu.o)
 .debug_info    0x000065a3      0x1c8 .\CortexM3\ARM_GCC_541\Debug\DMA25READ.a(USBUART_cls.o)
 .debug_info    0x0000676b      0x2e1 .\CortexM3\ARM_GCC_541\Debug\DMA25READ.a(USBUART_descr.o)
 .debug_info    0x00006a4c      0x3b9 .\CortexM3\ARM_GCC_541\Debug\DMA25READ.a(CyFlash.o)
 .debug_info    0x00006e05      0x4c0 .\CortexM3\ARM_GCC_541\Debug\DMA25READ.a(CySpc.o)

.debug_abbrev   0x00000000     0x2250
 *(.debug_abbrev)
 .debug_abbrev  0x00000000      0x1a9 .\CortexM3\ARM_GCC_541\Debug\main.o
 .debug_abbrev  0x000001a9      0x19d .\CortexM3\ARM_GCC_541\Debug\cyfitter_cfg.o
 .debug_abbrev  0x00000346       0x77 .\CortexM3\ARM_GCC_541\Debug\cymetadata.o
 .debug_abbrev  0x000003bd      0x1d6 .\CortexM3\ARM_GCC_541\Debug\Cm3Start.o
 .debug_abbrev  0x00000593      0x13d .\CortexM3\ARM_GCC_541\Debug\DMA25READ.a(ADC.o)
 .debug_abbrev  0x000006d0       0x42 .\CortexM3\ARM_GCC_541\Debug\DMA25READ.a(ADC_INT.o)
 .debug_abbrev  0x00000712      0x1f3 .\CortexM3\ARM_GCC_541\Debug\DMA25READ.a(USBUART.o)
 .debug_abbrev  0x00000905      0x233 .\CortexM3\ARM_GCC_541\Debug\DMA25READ.a(USBUART_cdc.o)
 .debug_abbrev  0x00000b38      0x161 .\CortexM3\ARM_GCC_541\Debug\DMA25READ.a(USBUART_drv.o)
 .debug_abbrev  0x00000c99       0xfd .\CortexM3\ARM_GCC_541\Debug\DMA25READ.a(USBUART_episr.o)
 .debug_abbrev  0x00000d96       0xd1 .\CortexM3\ARM_GCC_541\Debug\DMA25READ.a(USBUART_pm.o)
 .debug_abbrev  0x00000e67      0x1c2 .\CortexM3\ARM_GCC_541\Debug\DMA25READ.a(USBUART_std.o)
 .debug_abbrev  0x00001029       0xc5 .\CortexM3\ARM_GCC_541\Debug\DMA25READ.a(USBUART_vnd.o)
 .debug_abbrev  0x000010ee      0x15b .\CortexM3\ARM_GCC_541\Debug\DMA25READ.a(ADC_SAR.o)
 .debug_abbrev  0x00001249       0x8b .\CortexM3\ARM_GCC_541\Debug\DMA25READ.a(ADC_TempBuf_dma.o)
 .debug_abbrev  0x000012d4       0x8b .\CortexM3\ARM_GCC_541\Debug\DMA25READ.a(ADC_FinalBuf_dma.o)
 .debug_abbrev  0x0000135f      0x172 .\CortexM3\ARM_GCC_541\Debug\DMA25READ.a(ADC_IRQ.o)
 .debug_abbrev  0x000014d1       0x90 .\CortexM3\ARM_GCC_541\Debug\DMA25READ.a(USBUART_Dp.o)
 .debug_abbrev  0x00001561      0x194 .\CortexM3\ARM_GCC_541\Debug\DMA25READ.a(CyDmac.o)
 .debug_abbrev  0x000016f5      0x217 .\CortexM3\ARM_GCC_541\Debug\DMA25READ.a(CyLib.o)
 .debug_abbrev  0x0000190c      0x161 .\CortexM3\ARM_GCC_541\Debug\DMA25READ.a(cyPm.o)
 .debug_abbrev  0x00001a6d      0x19b .\CortexM3\ARM_GCC_541\Debug\DMA25READ.a(isr_eoc.o)
 .debug_abbrev  0x00001c08       0xe9 .\CortexM3\ARM_GCC_541\Debug\DMA25READ.a(Timer_1.o)
 .debug_abbrev  0x00001cf1       0x8b .\CortexM3\ARM_GCC_541\Debug\DMA25READ.a(DMA_1_dma.o)
 .debug_abbrev  0x00001d7c       0x90 .\CortexM3\ARM_GCC_541\Debug\DMA25READ.a(DB8.o)
 .debug_abbrev  0x00001e0c       0x14 .\CortexM3\ARM_GCC_541\Debug\DMA25READ.a(CyBootAsmGnu.o)
 .debug_abbrev  0x00001e20       0xc5 .\CortexM3\ARM_GCC_541\Debug\DMA25READ.a(USBUART_cls.o)
 .debug_abbrev  0x00001ee5       0xb4 .\CortexM3\ARM_GCC_541\Debug\DMA25READ.a(USBUART_descr.o)
 .debug_abbrev  0x00001f99      0x14b .\CortexM3\ARM_GCC_541\Debug\DMA25READ.a(CyFlash.o)
 .debug_abbrev  0x000020e4      0x16c .\CortexM3\ARM_GCC_541\Debug\DMA25READ.a(CySpc.o)

.debug_line     0x00000000     0x3709
 *(.debug_line)
 .debug_line    0x00000000      0x2bd .\CortexM3\ARM_GCC_541\Debug\main.o
 .debug_line    0x000002bd      0x206 .\CortexM3\ARM_GCC_541\Debug\cyfitter_cfg.o
 .debug_line    0x000004c3      0x141 .\CortexM3\ARM_GCC_541\Debug\cymetadata.o
 .debug_line    0x00000604      0x1db .\CortexM3\ARM_GCC_541\Debug\Cm3Start.o
 .debug_line    0x000007df      0x19b .\CortexM3\ARM_GCC_541\Debug\DMA25READ.a(ADC.o)
 .debug_line    0x0000097a       0x53 .\CortexM3\ARM_GCC_541\Debug\DMA25READ.a(ADC_INT.o)
 .debug_line    0x000009cd      0x307 .\CortexM3\ARM_GCC_541\Debug\DMA25READ.a(USBUART.o)
 .debug_line    0x00000cd4      0x30c .\CortexM3\ARM_GCC_541\Debug\DMA25READ.a(USBUART_cdc.o)
 .debug_line    0x00000fe0      0x21f .\CortexM3\ARM_GCC_541\Debug\DMA25READ.a(USBUART_drv.o)
 .debug_line    0x000011ff       0xf2 .\CortexM3\ARM_GCC_541\Debug\DMA25READ.a(USBUART_episr.o)
 .debug_line    0x000012f1       0xe6 .\CortexM3\ARM_GCC_541\Debug\DMA25READ.a(USBUART_pm.o)
 .debug_line    0x000013d7      0x470 .\CortexM3\ARM_GCC_541\Debug\DMA25READ.a(USBUART_std.o)
 .debug_line    0x00001847       0x8f .\CortexM3\ARM_GCC_541\Debug\DMA25READ.a(USBUART_vnd.o)
 .debug_line    0x000018d6      0x1e3 .\CortexM3\ARM_GCC_541\Debug\DMA25READ.a(ADC_SAR.o)
 .debug_line    0x00001ab9       0x7e .\CortexM3\ARM_GCC_541\Debug\DMA25READ.a(ADC_TempBuf_dma.o)
 .debug_line    0x00001b37       0x7f .\CortexM3\ARM_GCC_541\Debug\DMA25READ.a(ADC_FinalBuf_dma.o)
 .debug_line    0x00001bb6      0x142 .\CortexM3\ARM_GCC_541\Debug\DMA25READ.a(ADC_IRQ.o)
 .debug_line    0x00001cf8       0xbf .\CortexM3\ARM_GCC_541\Debug\DMA25READ.a(USBUART_Dp.o)
 .debug_line    0x00001db7      0x2b6 .\CortexM3\ARM_GCC_541\Debug\DMA25READ.a(CyDmac.o)
 .debug_line    0x0000206d      0x883 .\CortexM3\ARM_GCC_541\Debug\DMA25READ.a(CyLib.o)
 .debug_line    0x000028f0      0x38e .\CortexM3\ARM_GCC_541\Debug\DMA25READ.a(cyPm.o)
 .debug_line    0x00002c7e      0x265 .\CortexM3\ARM_GCC_541\Debug\DMA25READ.a(isr_eoc.o)
 .debug_line    0x00002ee3      0x15f .\CortexM3\ARM_GCC_541\Debug\DMA25READ.a(Timer_1.o)
 .debug_line    0x00003042       0x78 .\CortexM3\ARM_GCC_541\Debug\DMA25READ.a(DMA_1_dma.o)
 .debug_line    0x000030ba       0x93 .\CortexM3\ARM_GCC_541\Debug\DMA25READ.a(DB8.o)
 .debug_line    0x0000314d       0x66 .\CortexM3\ARM_GCC_541\Debug\DMA25READ.a(CyBootAsmGnu.o)
 .debug_line    0x000031b3       0x95 .\CortexM3\ARM_GCC_541\Debug\DMA25READ.a(USBUART_cls.o)
 .debug_line    0x00003248       0x61 .\CortexM3\ARM_GCC_541\Debug\DMA25READ.a(USBUART_descr.o)
 .debug_line    0x000032a9      0x22f .\CortexM3\ARM_GCC_541\Debug\DMA25READ.a(CyFlash.o)
 .debug_line    0x000034d8      0x231 .\CortexM3\ARM_GCC_541\Debug\DMA25READ.a(CySpc.o)

.debug_frame    0x00000000     0x3d8c
 *(.debug_frame)
 .debug_frame   0x00000000      0x120 .\CortexM3\ARM_GCC_541\Debug\main.o
 .debug_frame   0x00000120      0x16c .\CortexM3\ARM_GCC_541\Debug\cyfitter_cfg.o
 .debug_frame   0x0000028c       0xd8 .\CortexM3\ARM_GCC_541\Debug\Cm3Start.o
 .debug_frame   0x00000364      0x22c .\CortexM3\ARM_GCC_541\Debug\DMA25READ.a(ADC.o)
 .debug_frame   0x00000590       0x34 .\CortexM3\ARM_GCC_541\Debug\DMA25READ.a(ADC_INT.o)
 .debug_frame   0x000005c4      0x37c .\CortexM3\ARM_GCC_541\Debug\DMA25READ.a(USBUART.o)
 .debug_frame   0x00000940      0x3ec .\CortexM3\ARM_GCC_541\Debug\DMA25READ.a(USBUART_cdc.o)
 .debug_frame   0x00000d2c      0x23c .\CortexM3\ARM_GCC_541\Debug\DMA25READ.a(USBUART_drv.o)
 .debug_frame   0x00000f68       0xbc .\CortexM3\ARM_GCC_541\Debug\DMA25READ.a(USBUART_episr.o)
 .debug_frame   0x00001024       0xbc .\CortexM3\ARM_GCC_541\Debug\DMA25READ.a(USBUART_pm.o)
 .debug_frame   0x000010e0      0x224 .\CortexM3\ARM_GCC_541\Debug\DMA25READ.a(USBUART_std.o)
 .debug_frame   0x00001304       0x38 .\CortexM3\ARM_GCC_541\Debug\DMA25READ.a(USBUART_vnd.o)
 .debug_frame   0x0000133c      0x274 .\CortexM3\ARM_GCC_541\Debug\DMA25READ.a(ADC_SAR.o)
 .debug_frame   0x000015b0       0x58 .\CortexM3\ARM_GCC_541\Debug\DMA25READ.a(ADC_TempBuf_dma.o)
 .debug_frame   0x00001608       0x58 .\CortexM3\ARM_GCC_541\Debug\DMA25READ.a(ADC_FinalBuf_dma.o)
 .debug_frame   0x00001660      0x1e8 .\CortexM3\ARM_GCC_541\Debug\DMA25READ.a(ADC_IRQ.o)
 .debug_frame   0x00001848       0xf4 .\CortexM3\ARM_GCC_541\Debug\DMA25READ.a(USBUART_Dp.o)
 .debug_frame   0x0000193c      0x3d0 .\CortexM3\ARM_GCC_541\Debug\DMA25READ.a(CyDmac.o)
 .debug_frame   0x00001d0c      0xc0c .\CortexM3\ARM_GCC_541\Debug\DMA25READ.a(CyLib.o)
 .debug_frame   0x00002918      0x234 .\CortexM3\ARM_GCC_541\Debug\DMA25READ.a(cyPm.o)
 .debug_frame   0x00002b4c      0x1e0 .\CortexM3\ARM_GCC_541\Debug\DMA25READ.a(isr_eoc.o)
 .debug_frame   0x00002d2c      0x208 .\CortexM3\ARM_GCC_541\Debug\DMA25READ.a(Timer_1.o)
 .debug_frame   0x00002f34       0x58 .\CortexM3\ARM_GCC_541\Debug\DMA25READ.a(DMA_1_dma.o)
 .debug_frame   0x00002f8c       0xa8 .\CortexM3\ARM_GCC_541\Debug\DMA25READ.a(DB8.o)
 .debug_frame   0x00003034       0x38 .\CortexM3\ARM_GCC_541\Debug\DMA25READ.a(USBUART_cls.o)
 .debug_frame   0x0000306c      0x238 .\CortexM3\ARM_GCC_541\Debug\DMA25READ.a(CyFlash.o)
 .debug_frame   0x000032a4      0x228 .\CortexM3\ARM_GCC_541\Debug\DMA25READ.a(CySpc.o)
 .debug_frame   0x000034cc       0x44 c:/program files (x86)/cypress/psoc creator/4.2/psoc creator/import/gnu/arm/5.4.1/bin/../lib/gcc/arm-none-eabi/5.4.1/armv7-m\libgcc.a(_aeabi_ldivmod.o)
 .debug_frame   0x00003510       0x38 c:/program files (x86)/cypress/psoc creator/4.2/psoc creator/import/gnu/arm/5.4.1/bin/../lib/gcc/arm-none-eabi/5.4.1/armv7-m\libgcc.a(_udivmoddi4.o)
 .debug_frame   0x00003548       0x20 c:/program files (x86)/cypress/psoc creator/4.2/psoc creator/import/gnu/arm/5.4.1/bin/../lib/gcc/arm-none-eabi/5.4.1/../../../../arm-none-eabi/lib/armv7-m\libg_nano.a(lib_a-errno.o)
 .debug_frame   0x00003568       0x28 c:/program files (x86)/cypress/psoc creator/4.2/psoc creator/import/gnu/arm/5.4.1/bin/../lib/gcc/arm-none-eabi/5.4.1/../../../../arm-none-eabi/lib/armv7-m\libg_nano.a(lib_a-exit.o)
 .debug_frame   0x00003590       0x2c c:/program files (x86)/cypress/psoc creator/4.2/psoc creator/import/gnu/arm/5.4.1/bin/../lib/gcc/arm-none-eabi/5.4.1/../../../../arm-none-eabi/lib/armv7-m\libg_nano.a(lib_a-init.o)
 .debug_frame   0x000035bc       0x28 c:/program files (x86)/cypress/psoc creator/4.2/psoc creator/import/gnu/arm/5.4.1/bin/../lib/gcc/arm-none-eabi/5.4.1/../../../../arm-none-eabi/lib/armv7-m\libg_nano.a(lib_a-memcpy-stub.o)
 .debug_frame   0x000035e4       0x20 c:/program files (x86)/cypress/psoc creator/4.2/psoc creator/import/gnu/arm/5.4.1/bin/../lib/gcc/arm-none-eabi/5.4.1/../../../../arm-none-eabi/lib/armv7-m\libg_nano.a(lib_a-memset.o)
 .debug_frame   0x00003604       0x8c c:/program files (x86)/cypress/psoc creator/4.2/psoc creator/import/gnu/arm/5.4.1/bin/../lib/gcc/arm-none-eabi/5.4.1/../../../../arm-none-eabi/lib/armv7-m\libg_nano.a(lib_a-nano-vfprintf_float.o)
 .debug_frame   0x00003690       0x60 c:/program files (x86)/cypress/psoc creator/4.2/psoc creator/import/gnu/arm/5.4.1/bin/../lib/gcc/arm-none-eabi/5.4.1/../../../../arm-none-eabi/lib/armv7-m\libg_nano.a(lib_a-nano-vfprintf_i.o)
 .debug_frame   0x000036f0       0x70 c:/program files (x86)/cypress/psoc creator/4.2/psoc creator/import/gnu/arm/5.4.1/bin/../lib/gcc/arm-none-eabi/5.4.1/../../../../arm-none-eabi/lib/armv7-m\libg_nano.a(lib_a-sprintf.o)
 .debug_frame   0x00003760       0x20 c:/program files (x86)/cypress/psoc creator/4.2/psoc creator/import/gnu/arm/5.4.1/bin/../lib/gcc/arm-none-eabi/5.4.1/../../../../arm-none-eabi/lib/armv7-m\libg_nano.a(lib_a-strcpy.o)
 .debug_frame   0x00003780       0x6c c:/program files (x86)/cypress/psoc creator/4.2/psoc creator/import/gnu/arm/5.4.1/bin/../lib/gcc/arm-none-eabi/5.4.1/../../../../arm-none-eabi/lib/armv7-m\libg_nano.a(lib_a-dtoa.o)
 .debug_frame   0x000037ec       0x98 c:/program files (x86)/cypress/psoc creator/4.2/psoc creator/import/gnu/arm/5.4.1/bin/../lib/gcc/arm-none-eabi/5.4.1/../../../../arm-none-eabi/lib/armv7-m\libg_nano.a(lib_a-locale.o)
 .debug_frame   0x00003884       0x30 c:/program files (x86)/cypress/psoc creator/4.2/psoc creator/import/gnu/arm/5.4.1/bin/../lib/gcc/arm-none-eabi/5.4.1/../../../../arm-none-eabi/lib/armv7-m\libg_nano.a(lib_a-malloc.o)
 .debug_frame   0x000038b4       0x28 c:/program files (x86)/cypress/psoc creator/4.2/psoc creator/import/gnu/arm/5.4.1/bin/../lib/gcc/arm-none-eabi/5.4.1/../../../../arm-none-eabi/lib/armv7-m\libg_nano.a(lib_a-memchr-stub.o)
 .debug_frame   0x000038dc      0x234 c:/program files (x86)/cypress/psoc creator/4.2/psoc creator/import/gnu/arm/5.4.1/bin/../lib/gcc/arm-none-eabi/5.4.1/../../../../arm-none-eabi/lib/armv7-m\libg_nano.a(lib_a-mprec.o)
 .debug_frame   0x00003b10       0x2c c:/program files (x86)/cypress/psoc creator/4.2/psoc creator/import/gnu/arm/5.4.1/bin/../lib/gcc/arm-none-eabi/5.4.1/../../../../arm-none-eabi/lib/armv7-m\libg_nano.a(lib_a-nano-callocr.o)
 .debug_frame   0x00003b3c       0x38 c:/program files (x86)/cypress/psoc creator/4.2/psoc creator/import/gnu/arm/5.4.1/bin/../lib/gcc/arm-none-eabi/5.4.1/../../../../arm-none-eabi/lib/armv7-m\libg_nano.a(lib_a-nano-freer.o)
 .debug_frame   0x00003b74       0x2c c:/program files (x86)/cypress/psoc creator/4.2/psoc creator/import/gnu/arm/5.4.1/bin/../lib/gcc/arm-none-eabi/5.4.1/../../../../arm-none-eabi/lib/armv7-m\libg_nano.a(lib_a-nano-mallocr.o)
 .debug_frame   0x00003ba0       0x90 c:/program files (x86)/cypress/psoc creator/4.2/psoc creator/import/gnu/arm/5.4.1/bin/../lib/gcc/arm-none-eabi/5.4.1/../../../../arm-none-eabi/lib/armv7-m\libg_nano.a(lib_a-nano-svfprintf.o)
 .debug_frame   0x00003c30       0x2c c:/program files (x86)/cypress/psoc creator/4.2/psoc creator/import/gnu/arm/5.4.1/bin/../lib/gcc/arm-none-eabi/5.4.1/../../../../arm-none-eabi/lib/armv7-m\libg_nano.a(lib_a-sbrkr.o)
 .debug_frame   0x00003c5c       0x20 c:/program files (x86)/cypress/psoc creator/4.2/psoc creator/import/gnu/arm/5.4.1/bin/../lib/gcc/arm-none-eabi/5.4.1/../../../../arm-none-eabi/lib/armv7-m\libg_nano.a(lib_a-strcmp.o)
 .debug_frame   0x00003c7c       0x28 c:/program files (x86)/cypress/psoc creator/4.2/psoc creator/import/gnu/arm/5.4.1/bin/../lib/gcc/arm-none-eabi/5.4.1/../../../../arm-none-eabi/lib/armv7-m\libg_nano.a(lib_a-memmove.o)
 .debug_frame   0x00003ca4       0x30 c:/program files (x86)/cypress/psoc creator/4.2/psoc creator/import/gnu/arm/5.4.1/bin/../lib/gcc/arm-none-eabi/5.4.1/../../../../arm-none-eabi/lib/armv7-m\libg_nano.a(lib_a-mlock.o)
 .debug_frame   0x00003cd4       0x3c c:/program files (x86)/cypress/psoc creator/4.2/psoc creator/import/gnu/arm/5.4.1/bin/../lib/gcc/arm-none-eabi/5.4.1/../../../../arm-none-eabi/lib/armv7-m\libg_nano.a(lib_a-nano-reallocr.o)
 .debug_frame   0x00003d10       0x5c c:/program files (x86)/cypress/psoc creator/4.2/psoc creator/import/gnu/arm/5.4.1/bin/../lib/gcc/arm-none-eabi/5.4.1/../../../../arm-none-eabi/lib/armv7-m\libg_nano.a(lib_a-reent.o)
 .debug_frame   0x00003d6c       0x20 c:/program files (x86)/cypress/psoc creator/4.2/psoc creator/import/gnu/arm/5.4.1/bin/../lib/gcc/arm-none-eabi/5.4.1/../../../../arm-none-eabi/lib/armv7-m\libg_nano.a(lib_a-nano-msizer.o)

.debug_str      0x00000000     0x3309
 *(.debug_str)
 .debug_str     0x00000000      0x468 .\CortexM3\ARM_GCC_541\Debug\main.o
                                0x517 (size before relaxing)
 .debug_str     0x00000468      0x14c .\CortexM3\ARM_GCC_541\Debug\cyfitter_cfg.o
                                0x309 (size before relaxing)
 .debug_str     0x000005b4       0x75 .\CortexM3\ARM_GCC_541\Debug\cymetadata.o
                                0x1ea (size before relaxing)
 .debug_str     0x00000629      0x123 .\CortexM3\ARM_GCC_541\Debug\Cm3Start.o
                                0x2dd (size before relaxing)
 .debug_str     0x0000074c      0x19b .\CortexM3\ARM_GCC_541\Debug\DMA25READ.a(ADC.o)
                                0x364 (size before relaxing)
 .debug_str     0x000008e7       0x29 .\CortexM3\ARM_GCC_541\Debug\DMA25READ.a(ADC_INT.o)
                                0x1aa (size before relaxing)
 .debug_str     0x00000910      0x423 .\CortexM3\ARM_GCC_541\Debug\DMA25READ.a(USBUART.o)
                                0x5f1 (size before relaxing)
 .debug_str     0x00000d33      0x4d2 .\CortexM3\ARM_GCC_541\Debug\DMA25READ.a(USBUART_cdc.o)
                                0x720 (size before relaxing)
 .debug_str     0x00001205      0x296 .\CortexM3\ARM_GCC_541\Debug\DMA25READ.a(USBUART_drv.o)
                                0x600 (size before relaxing)
 .debug_str     0x0000149b       0x80 .\CortexM3\ARM_GCC_541\Debug\DMA25READ.a(USBUART_episr.o)
                                0x2cd (size before relaxing)
 .debug_str     0x0000151b       0xac .\CortexM3\ARM_GCC_541\Debug\DMA25READ.a(USBUART_pm.o)
                                0x271 (size before relaxing)
 .debug_str     0x000015c7      0x2bb .\CortexM3\ARM_GCC_541\Debug\DMA25READ.a(USBUART_std.o)
                                0x760 (size before relaxing)
 .debug_str     0x00001882       0x5f .\CortexM3\ARM_GCC_541\Debug\DMA25READ.a(USBUART_vnd.o)
                                0x27d (size before relaxing)
 .debug_str     0x000018e1      0x1bb .\CortexM3\ARM_GCC_541\Debug\DMA25READ.a(ADC_SAR.o)
                                0x3dd (size before relaxing)
 .debug_str     0x00001a9c       0xab .\CortexM3\ARM_GCC_541\Debug\DMA25READ.a(ADC_TempBuf_dma.o)
                                0x239 (size before relaxing)
 .debug_str     0x00001b47       0x74 .\CortexM3\ARM_GCC_541\Debug\DMA25READ.a(ADC_FinalBuf_dma.o)
                                0x23d (size before relaxing)
 .debug_str     0x00001bbb      0x11a .\CortexM3\ARM_GCC_541\Debug\DMA25READ.a(ADC_IRQ.o)
                                0x2c8 (size before relaxing)
 .debug_str     0x00001cd5       0xbe .\CortexM3\ARM_GCC_541\Debug\DMA25READ.a(USBUART_Dp.o)
                                0x247 (size before relaxing)
 .debug_str     0x00001d93      0x34f .\CortexM3\ARM_GCC_541\Debug\DMA25READ.a(CyDmac.o)
                                0x523 (size before relaxing)
 .debug_str     0x000020e2      0x7c1 .\CortexM3\ARM_GCC_541\Debug\DMA25READ.a(CyLib.o)
                                0x9f0 (size before relaxing)
 .debug_str     0x000028a3      0x371 .\CortexM3\ARM_GCC_541\Debug\DMA25READ.a(cyPm.o)
                                0x549 (size before relaxing)
 .debug_str     0x00002c14      0x10b .\CortexM3\ARM_GCC_541\Debug\DMA25READ.a(isr_eoc.o)
                                0x306 (size before relaxing)
 .debug_str     0x00002d1f      0x182 .\CortexM3\ARM_GCC_541\Debug\DMA25READ.a(Timer_1.o)
                                0x31b (size before relaxing)
 .debug_str     0x00002ea1       0x58 .\CortexM3\ARM_GCC_541\Debug\DMA25READ.a(DMA_1_dma.o)
                                0x221 (size before relaxing)
 .debug_str     0x00002ef9       0x51 .\CortexM3\ARM_GCC_541\Debug\DMA25READ.a(DB8.o)
                                0x1de (size before relaxing)
 .debug_str     0x00002f4a       0x3f .\CortexM3\ARM_GCC_541\Debug\DMA25READ.a(USBUART_cls.o)
                                0x295 (size before relaxing)
 .debug_str     0x00002f89      0x104 .\CortexM3\ARM_GCC_541\Debug\DMA25READ.a(USBUART_descr.o)
                                0x398 (size before relaxing)
 .debug_str     0x0000308d      0x14f .\CortexM3\ARM_GCC_541\Debug\DMA25READ.a(CyFlash.o)
                                0x30d (size before relaxing)
 .debug_str     0x000031dc      0x12d .\CortexM3\ARM_GCC_541\Debug\DMA25READ.a(CySpc.o)
                                0x307 (size before relaxing)

.debug_loc
 *(.debug_loc)

.debug_macinfo
 *(.debug_macinfo)

.debug_ranges   0x00000000      0xbb0
 *(.debug_ranges)
 .debug_ranges  0x00000000       0x40 .\CortexM3\ARM_GCC_541\Debug\main.o
 .debug_ranges  0x00000040       0x50 .\CortexM3\ARM_GCC_541\Debug\cyfitter_cfg.o
 .debug_ranges  0x00000090       0x38 .\CortexM3\ARM_GCC_541\Debug\Cm3Start.o
 .debug_ranges  0x000000c8       0x80 .\CortexM3\ARM_GCC_541\Debug\DMA25READ.a(ADC.o)
 .debug_ranges  0x00000148       0x10 .\CortexM3\ARM_GCC_541\Debug\DMA25READ.a(ADC_INT.o)
 .debug_ranges  0x00000158       0xb8 .\CortexM3\ARM_GCC_541\Debug\DMA25READ.a(USBUART.o)
 .debug_ranges  0x00000210       0xd8 .\CortexM3\ARM_GCC_541\Debug\DMA25READ.a(USBUART_cdc.o)
 .debug_ranges  0x000002e8       0x88 .\CortexM3\ARM_GCC_541\Debug\DMA25READ.a(USBUART_drv.o)
 .debug_ranges  0x00000370       0x30 .\CortexM3\ARM_GCC_541\Debug\DMA25READ.a(USBUART_episr.o)
 .debug_ranges  0x000003a0       0x30 .\CortexM3\ARM_GCC_541\Debug\DMA25READ.a(USBUART_pm.o)
 .debug_ranges  0x000003d0       0x70 .\CortexM3\ARM_GCC_541\Debug\DMA25READ.a(USBUART_std.o)
 .debug_ranges  0x00000440       0x10 .\CortexM3\ARM_GCC_541\Debug\DMA25READ.a(USBUART_vnd.o)
 .debug_ranges  0x00000450       0x88 .\CortexM3\ARM_GCC_541\Debug\DMA25READ.a(ADC_SAR.o)
 .debug_ranges  0x000004d8       0x18 .\CortexM3\ARM_GCC_541\Debug\DMA25READ.a(ADC_TempBuf_dma.o)
 .debug_ranges  0x000004f0       0x18 .\CortexM3\ARM_GCC_541\Debug\DMA25READ.a(ADC_FinalBuf_dma.o)
 .debug_ranges  0x00000508       0x70 .\CortexM3\ARM_GCC_541\Debug\DMA25READ.a(ADC_IRQ.o)
 .debug_ranges  0x00000578       0x38 .\CortexM3\ARM_GCC_541\Debug\DMA25READ.a(USBUART_Dp.o)
 .debug_ranges  0x000005b0       0xc8 .\CortexM3\ARM_GCC_541\Debug\DMA25READ.a(CyDmac.o)
 .debug_ranges  0x00000678      0x290 .\CortexM3\ARM_GCC_541\Debug\DMA25READ.a(CyLib.o)
 .debug_ranges  0x00000908       0x88 .\CortexM3\ARM_GCC_541\Debug\DMA25READ.a(cyPm.o)
 .debug_ranges  0x00000990       0x70 .\CortexM3\ARM_GCC_541\Debug\DMA25READ.a(isr_eoc.o)
 .debug_ranges  0x00000a00       0x78 .\CortexM3\ARM_GCC_541\Debug\DMA25READ.a(Timer_1.o)
 .debug_ranges  0x00000a78       0x18 .\CortexM3\ARM_GCC_541\Debug\DMA25READ.a(DMA_1_dma.o)
 .debug_ranges  0x00000a90       0x28 .\CortexM3\ARM_GCC_541\Debug\DMA25READ.a(DB8.o)
 .debug_ranges  0x00000ab8       0x10 .\CortexM3\ARM_GCC_541\Debug\DMA25READ.a(USBUART_cls.o)
 .debug_ranges  0x00000ac8       0x78 .\CortexM3\ARM_GCC_541\Debug\DMA25READ.a(CyFlash.o)
 .debug_ranges  0x00000b40       0x70 .\CortexM3\ARM_GCC_541\Debug\DMA25READ.a(CySpc.o)

.comment        0x00000000       0x6e
 .comment       0x00000000       0x6e .\CortexM3\ARM_GCC_541\Debug\main.o
                                 0x6f (size before relaxing)
 .comment       0x0000006e       0x6f .\CortexM3\ARM_GCC_541\Debug\cyfitter_cfg.o
 .comment       0x0000006e       0x6f .\CortexM3\ARM_GCC_541\Debug\cymetadata.o
 .comment       0x0000006e       0x6f .\CortexM3\ARM_GCC_541\Debug\Cm3Start.o
 .comment       0x0000006e       0x6f .\CortexM3\ARM_GCC_541\Debug\DMA25READ.a(ADC.o)
 .comment       0x0000006e       0x6f .\CortexM3\ARM_GCC_541\Debug\DMA25READ.a(ADC_INT.o)
 .comment       0x0000006e       0x6f .\CortexM3\ARM_GCC_541\Debug\DMA25READ.a(USBUART.o)
 .comment       0x0000006e       0x6f .\CortexM3\ARM_GCC_541\Debug\DMA25READ.a(USBUART_cdc.o)
 .comment       0x0000006e       0x6f .\CortexM3\ARM_GCC_541\Debug\DMA25READ.a(USBUART_drv.o)
 .comment       0x0000006e       0x6f .\CortexM3\ARM_GCC_541\Debug\DMA25READ.a(USBUART_episr.o)
 .comment       0x0000006e       0x6f .\CortexM3\ARM_GCC_541\Debug\DMA25READ.a(USBUART_pm.o)
 .comment       0x0000006e       0x6f .\CortexM3\ARM_GCC_541\Debug\DMA25READ.a(USBUART_std.o)
 .comment       0x0000006e       0x6f .\CortexM3\ARM_GCC_541\Debug\DMA25READ.a(USBUART_vnd.o)
 .comment       0x0000006e       0x6f .\CortexM3\ARM_GCC_541\Debug\DMA25READ.a(ADC_SAR.o)
 .comment       0x0000006e       0x6f .\CortexM3\ARM_GCC_541\Debug\DMA25READ.a(ADC_TempBuf_dma.o)
 .comment       0x0000006e       0x6f .\CortexM3\ARM_GCC_541\Debug\DMA25READ.a(ADC_FinalBuf_dma.o)
 .comment       0x0000006e       0x6f .\CortexM3\ARM_GCC_541\Debug\DMA25READ.a(ADC_IRQ.o)
 .comment       0x0000006e       0x6f .\CortexM3\ARM_GCC_541\Debug\DMA25READ.a(USBUART_Dp.o)
 .comment       0x0000006e       0x6f .\CortexM3\ARM_GCC_541\Debug\DMA25READ.a(CyDmac.o)
 .comment       0x0000006e       0x6f .\CortexM3\ARM_GCC_541\Debug\DMA25READ.a(CyLib.o)
 .comment       0x0000006e       0x6f .\CortexM3\ARM_GCC_541\Debug\DMA25READ.a(cyPm.o)
 .comment       0x0000006e       0x6f .\CortexM3\ARM_GCC_541\Debug\DMA25READ.a(isr_eoc.o)
 .comment       0x0000006e       0x6f .\CortexM3\ARM_GCC_541\Debug\DMA25READ.a(Timer_1.o)
 .comment       0x0000006e       0x6f .\CortexM3\ARM_GCC_541\Debug\DMA25READ.a(DMA_1_dma.o)
 .comment       0x0000006e       0x6f .\CortexM3\ARM_GCC_541\Debug\DMA25READ.a(DB8.o)
 .comment       0x0000006e       0x6f .\CortexM3\ARM_GCC_541\Debug\DMA25READ.a(USBUART_cls.o)
 .comment       0x0000006e       0x6f .\CortexM3\ARM_GCC_541\Debug\DMA25READ.a(USBUART_descr.o)
 .comment       0x0000006e       0x6f .\CortexM3\ARM_GCC_541\Debug\DMA25READ.a(CyFlash.o)
 .comment       0x0000006e       0x6f .\CortexM3\ARM_GCC_541\Debug\DMA25READ.a(CySpc.o)

.debug_weaknames
 *(.debug_weaknames)

.debug_funcnames
 *(.debug_funcnames)

.debug_typenames
 *(.debug_typenames)

.debug_varnames
 *(.debug_varnames)

.note.gnu.arm.ident
 *(.note.gnu.arm.ident)

.ARM.attributes
                0x00000000       0x29
 *(.ARM.attributes)
 .ARM.attributes
                0x00000000       0x1d c:/program files (x86)/cypress/psoc creator/4.2/psoc creator/import/gnu/arm/5.4.1/bin/../lib/gcc/arm-none-eabi/5.4.1/armv7-m/crti.o
 .ARM.attributes
                0x0000001d       0x2d c:/program files (x86)/cypress/psoc creator/4.2/psoc creator/import/gnu/arm/5.4.1/bin/../lib/gcc/arm-none-eabi/5.4.1/armv7-m/crtbegin.o
 .ARM.attributes
                0x0000004a       0x1b c:/program files (x86)/cypress/psoc creator/4.2/psoc creator/import/gnu/arm/5.4.1/bin/../lib/gcc/arm-none-eabi/5.4.1/../../../../arm-none-eabi/lib/armv7-m/crt0.o
 .ARM.attributes
                0x00000065       0x33 .\CortexM3\ARM_GCC_541\Debug\main.o
 .ARM.attributes